59.108.207.124 - - [19/Dec/2016:16:38:34 +0800] "GET /open/conn.php HTTP/1.1" 200 16 "-" "Mozilla/5.0 (Windows NT 6.1; WOW64; rv:50.0) Gecko/20100101 Firefox/50.0"
59.108.207.124 - - [19/Dec/2016:16:39:31 +0800] "GET /open/conn.php HTTP/1.1" 200 6 "-" "Mozilla/5.0 (Windows NT 6.1; WOW64; rv:50.0) Gecko/20100101 Firefox/50.0"
95.213.187.189 - - [19/Dec/2016:16:42:43 +0800] "CONNECT check.best-proxies.ru:80 HTTP/1.1" 400 313 "-" "-"
182.254.86.155 - - [19/Dec/2016:16:44:45 +0800] "POST /open/bind.php?signature=5b791d041765d63d80cc30152176b6d740b30bff&timestamp=1482137084&nonce=1806062533&encrypt_type=aes&msg_signature=bd417e40ac8e0779ca1863e31df7beeaae783a55 HTTP/1.1" 200 7 "-" "Mozilla/4.0"
59.108.207.124 - - [19/Dec/2016:16:48:48 +0800] "GET /open/bind.php HTTP/1.1" 200 6 "-" "Mozilla/5.0 (Windows NT 6.1; WOW64; rv:50.0) Gecko/20100101 Firefox/50.0"
1.162.235.155 - - [19/Dec/2016:16:53:34 +0800] "CONNECT mx-tw.mail.gm0.yahoodns.net:25 HTTP/1.0" 200 32 "-" "-"
1.162.235.155 - - [19/Dec/2016:16:54:28 +0800] "CONNECT mx-tw.mail.gm0.yahoodns.net:25 HTTP/1.0" 200 32 "-" "-"
182.254.86.150 - - [19/Dec/2016:16:54:36 +0800] "POST /open/bind.php?signature=693b6fe80b2caa4cf18fe6ff269c8124862a55fe&timestamp=1482137676&nonce=1019993107&encrypt_type=aes&msg_signature=3b039828bb3c9dac8ed8400f44af2504b25b17e8 HTTP/1.1" 200 6 "-" "Mozilla/4.0"
1.162.235.155 - - [19/Dec/2016:16:54:57 +0800] "CONNECT mx-tw.mail.gm0.yahoodns.net:25 HTTP/1.0" 200 32 "-" "-"
59.108.207.124 - - [19/Dec/2016:16:55:43 +0800] "GET /open/conn.php HTTP/1.1" 200 6 "-" "Mozilla/5.0 (Windows NT 6.1; WOW64; rv:50.0) Gecko/20100101 Firefox/50.0"
59.108.207.124 - - [19/Dec/2016:16:56:34 +0800] "GET /open/conn.php HTTP/1.1" 200 6 "-" "Mozilla/5.0 (Windows NT 6.1; WOW64; rv:50.0) Gecko/20100101 Firefox/50.0"
182.254.86.150 - - [19/Dec/2016:17:04:31 +0800] "POST /open/bind.php?signature=8d2dad00d41d82dabe7b3a9af632f08e278d65a4&timestamp=1482138270&nonce=619544844&encrypt_type=aes&msg_signature=f402ff883b6f5d199d5fb2ff5a8257ded9fb3e3d HTTP/1.1" 200 6 "-" "Mozilla/4.0"
1.162.235.155 - - [19/Dec/2016:17:13:49 +0800] "CONNECT mx-tw.mail.gm0.yahoodns.net:25 HTTP/1.0" 200 32 "-" "-"
182.254.86.155 - - [19/Dec/2016:17:14:44 +0800] "POST /open/bind.php?signature=cc98845da1677c8182b8941262db27a9ba97b4ae&timestamp=1482138884&nonce=2054233514&encrypt_type=aes&msg_signature=84de9d7ba27184685da1150febfe902d3831d365 HTTP/1.1" 200 6 "-" "Mozilla/4.0"
182.254.86.140 - - [19/Dec/2016:17:24:46 +0800] "POST /open/bind.php?signature=36904ce33c91f17518d469d2e962a4f304e88f2a&timestamp=1482139486&nonce=1865551646&encrypt_type=aes&msg_signature=16d7cdbc87feb0efb5913812daacb10e4c0badad HTTP/1.1" 200 6 "-" "Mozilla/4.0"
1.162.235.155 - - [19/Dec/2016:17:32:50 +0800] "CONNECT mx-tw.mail.gm0.yahoodns.net:25 HTTP/1.0" 200 32 "-" "-"
1.162.235.155 - - [19/Dec/2016:17:33:22 +0800] "CONNECT mx-tw.mail.gm0.yahoodns.net:25 HTTP/1.0" 200 32 "-" "-"
1.162.235.155 - - [19/Dec/2016:17:33:37 +0800] "CONNECT mx-tw.mail.gm0.yahoodns.net:25 HTTP/1.0" 200 32 "-" "-"
1.162.235.155 - - [19/Dec/2016:17:34:03 +0800] "CONNECT mx-tw.mail.gm0.yahoodns.net:25 HTTP/1.0" 200 32 "-" "-"
182.254.86.140 - - [19/Dec/2016:17:34:46 +0800] "POST /open/bind.php?signature=023ad3bbb4124b14bab3c4a3c025ff92f6f0b08c&timestamp=1482140086&nonce=1190936986&encrypt_type=aes&msg_signature=c6a8f3d573c40e0ca5a35ffc06d5a0e41bd7dd41 HTTP/1.1" 200 6 "-" "Mozilla/4.0"
123.56.233.113 - - [19/Dec/2016:17:39:36 +0800] "GET / HTTP/1.1" 200 32 "-" "-"
182.254.86.150 - - [19/Dec/2016:17:44:44 +0800] "POST /open/bind.php?signature=f1632357541159a81b9fb711ee76c30137b8a84e&timestamp=1482140684&nonce=1119688544&encrypt_type=aes&msg_signature=717a5c9ea23ec32c2f60a856ae352340d327bb48 HTTP/1.1" 200 6 "-" "Mozilla/4.0"
23.251.63.45 - - [19/Dec/2016:17:49:54 +0800] "GET http://domkrim.com/av.php HTTP/1.1" 404 281 "-" "Mozilla/5.0 (compatible; MSIE 6.0; Windows NT 5.1; Trident/5.0)"
23.251.63.45 - - [19/Dec/2016:17:49:54 +0800] "CONNECT www.baidu.com:443 HTTP/1.1" 200 32 "-" "-"
23.251.63.45 - - [19/Dec/2016:17:50:14 +0800] "GET http://www.sbjudge1.com/azenv.php HTTP/1.1" 404 289 "-" "Mozilla/5.0 (compatible; MSIE 6.0; Windows NT 5.1; Trident/5.0)"
23.251.63.45 - - [19/Dec/2016:17:50:14 +0800] "CONNECT www.alipay.com:443 HTTP/1.1" 200 32 "-" "-"
1.162.235.155 - - [19/Dec/2016:17:53:12 +0800] "CONNECT mx-tw.mail.gm0.yahoodns.net:25 HTTP/1.0" 200 32 "-" "-"
182.254.86.145 - - [19/Dec/2016:17:54:45 +0800] "POST /open/bind.php?signature=8ae41ebd158c3a73a4675051ab7bc6a389f15056&timestamp=1482141285&nonce=824452956&encrypt_type=aes&msg_signature=0bbaa18aefbc386fc268910f2db4b5e5a6515c87 HTTP/1.1" 200 6 "-" "Mozilla/4.0"
23.251.63.45 - - [19/Dec/2016:17:55:37 +0800] "GET http://www.sbjudge3.com/azenv.php HTTP/1.1" 404 289 "-" "Mozilla/5.0 (compatible; MSIE 6.0; Windows NT 5.1; Trident/5.0)"
23.251.63.45 - - [19/Dec/2016:17:55:37 +0800] "CONNECT www.alipay.com:443 HTTP/1.1" 200 32 "-" "-"
79.62.6.76 - - [19/Dec/2016:18:03:11 +0800] "GET / HTTP/1.0" 200 32 "-" "Mozilla/5.0 (compatible; Googlebot/2.1; +http://www.google.com/bot.html)"
182.254.86.150 - - [19/Dec/2016:18:04:50 +0800] "POST /open/bind.php?signature=a329c1a75e33fbc7dac94b107147a3d912867218&timestamp=1482141890&nonce=270067461&encrypt_type=aes&msg_signature=85e32584970427ccd1f888912d6cac1d6491be9e HTTP/1.1" 200 7 "-" "Mozilla/4.0"
59.108.207.124 - - [19/Dec/2016:18:09:43 +0800] "GET /open/bind.php HTTP/1.1" 200 1 "-" "Mozilla/5.0 (Windows NT 6.1; WOW64; rv:50.0) Gecko/20100101 Firefox/50.0"
42.232.134.113 - - [19/Dec/2016:18:11:42 +0800] "GET http://rio.6rooms.com/live/ HTTP/1.1" 404 283 "-" "Mozilla/4.06 [en] (WinNT; I)"
1.162.235.155 - - [19/Dec/2016:18:11:43 +0800] "CONNECT mx-tw.mail.gm0.yahoodns.net:25 HTTP/1.0" 200 32 "-" "-"
1.162.235.155 - - [19/Dec/2016:18:12:18 +0800] "CONNECT mx-tw.mail.gm0.yahoodns.net:25 HTTP/1.0" 200 32 "-" "-"
1.162.235.155 - - [19/Dec/2016:18:12:36 +0800] "CONNECT mx-tw.mail.gm0.yahoodns.net:25 HTTP/1.0" 200 32 "-" "-"
1.162.235.155 - - [19/Dec/2016:18:13:09 +0800] "CONNECT mx-tw.mail.gm0.yahoodns.net:25 HTTP/1.0" 200 32 "-" "-"
182.254.86.150 - - [19/Dec/2016:18:14:46 +0800] "POST /open/bind.php?signature=ee5aa804332e08d7b7c85e783b777f8f36955e0f&timestamp=1482142486&nonce=914708249&encrypt_type=aes&msg_signature=02060e32676a986c063fb5f8aed687247c3fe513 HTTP/1.1" 200 7 "-" "Mozilla/4.0"
182.254.86.145 - - [19/Dec/2016:18:14:48 +0800] "POST /open/bind.php?signature=f27677f73055e034cb2f4616f11470d84feff337&timestamp=1482142488&nonce=814457169&encrypt_type=aes&msg_signature=4ea87ab849a7dc5ee618613b9f3e8ea9daade117 HTTP/1.1" 200 1 "-" "Mozilla/4.0"
182.254.86.155 - - [19/Dec/2016:18:24:44 +0800] "POST /open/bind.php?signature=7f158b2f62fed24da89b0ffc7d5bb5a68a3dadfe&timestamp=1482143084&nonce=996263003&encrypt_type=aes&msg_signature=5672bbc98babc1526c7f4ed207afa833c2b03e38 HTTP/1.1" 200 7 "-" "Mozilla/4.0"
182.254.86.145 - - [19/Dec/2016:18:24:46 +0800] "POST /open/bind.php?signature=21fb2ad60e8d09c56e5e6a90de4148d23a7f4d7b&timestamp=1482143086&nonce=1820014611&encrypt_type=aes&msg_signature=f33201f9ac86c2adc0c9c7b1249f2ddab76b32e9 HTTP/1.1" 200 1 "-" "Mozilla/4.0"
101.226.89.117 - - [19/Dec/2016:18:26:09 +0800] "GET /weixin/normal/server-url.php?signature%253Db9a58ecb63e8cc40f0b03d3b65b3b25bcde982dd%2526echostr%253D4768739762689228222%2526timestamp%253D1482111390%2526nonce%253D2064304374 HTTP/1.1" 200 - "-" "Mozilla/5.0 (compatible; MSIE 9.0; Windows NT 6.1; Trident/5.0)"
1.162.235.155 - - [19/Dec/2016:18:30:59 +0800] "CONNECT mx-tw.mail.gm0.yahoodns.net:25 HTTP/1.0" 200 32 "-" "-"
1.162.235.155 - - [19/Dec/2016:18:31:33 +0800] "CONNECT mx-tw.mail.gm0.yahoodns.net:25 HTTP/1.0" 200 32 "-" "-"
1.162.235.155 - - [19/Dec/2016:18:31:53 +0800] "CONNECT mx-tw.mail.gm0.yahoodns.net:25 HTTP/1.0" 200 32 "-" "-"
1.162.235.155 - - [19/Dec/2016:18:32:24 +0800] "CONNECT mx-tw.mail.gm0.yahoodns.net:25 HTTP/1.0" 200 32 "-" "-"
1.162.235.155 - - [19/Dec/2016:18:32:48 +0800] "CONNECT mx-tw.mail.gm0.yahoodns.net:25 HTTP/1.0" 200 32 "-" "-"
182.254.86.140 - - [19/Dec/2016:18:34:44 +0800] "POST /open/bind.php?signature=d6f55d9488fb24b94b35edd7a0fde209b1039549&timestamp=1482143684&nonce=903477443&encrypt_type=aes&msg_signature=112959f636d921b238f38039ac40c1a5f4693608 HTTP/1.1" 200 7 "-" "Mozilla/4.0"
182.254.86.150 - - [19/Dec/2016:18:34:46 +0800] "POST /open/bind.php?signature=b55e15f591b40179b871b52d3f7932529cd9f8ab&timestamp=1482143685&nonce=919367677&encrypt_type=aes&msg_signature=2d5ab4958e49efd4fc39ca81dc49d71db6ee9180 HTTP/1.1" 200 1 "-" "Mozilla/4.0"
182.254.86.150 - - [19/Dec/2016:18:44:06 +0800] "POST /open/bind.php?signature=51eec31224a66bd0441a552504ba924439bf0e51&timestamp=1482144246&nonce=542757564&encrypt_type=aes&msg_signature=055934a63cb6037c9a15993d167eebaa6b7a1bcc HTTP/1.1" 200 7 "-" "Mozilla/4.0"
182.254.86.140 - - [19/Dec/2016:18:44:07 +0800] "POST /open/bind.php?signature=367f83a284c37afac7d2822ff59f7abd3c4a44dd&timestamp=1482144247&nonce=1331835381&encrypt_type=aes&msg_signature=0553f2b1d256bb0826dcb252cd3fcd64feec5622 HTTP/1.1" 200 1 "-" "Mozilla/4.0"
1.162.235.155 - - [19/Dec/2016:18:50:29 +0800] "CONNECT mx-tw.mail.gm0.yahoodns.net:25 HTTP/1.0" 200 32 "-" "-"
1.162.235.155 - - [19/Dec/2016:18:51:03 +0800] "CONNECT mx-tw.mail.gm0.yahoodns.net:25 HTTP/1.0" 200 32 "-" "-"
1.162.235.155 - - [19/Dec/2016:18:51:22 +0800] "CONNECT mx-tw.mail.gm0.yahoodns.net:25 HTTP/1.0" 200 32 "-" "-"
1.162.235.155 - - [19/Dec/2016:18:51:52 +0800] "CONNECT mx-tw.mail.gm0.yahoodns.net:25 HTTP/1.0" 200 32 "-" "-"
182.254.86.155 - - [19/Dec/2016:18:54:23 +0800] "POST /open/bind.php?signature=e39c9fae496a6ec75f6f94505f4912235ee53e07&timestamp=1482144863&nonce=545730241&encrypt_type=aes&msg_signature=dc776834b615824b19920e6835ca68827ceea78f HTTP/1.1" 200 7 "-" "Mozilla/4.0"
182.254.86.140 - - [19/Dec/2016:18:54:24 +0800] "POST /open/bind.php?signature=9b7fa5a00a6cd12ff9970ebe85ef9bca3b4538f5&timestamp=1482144864&nonce=1907062770&encrypt_type=aes&msg_signature=a076286b7b209079e9e61815704b8e5c58e70468 HTTP/1.1" 200 1 "-" "Mozilla/4.0"
182.254.86.145 - - [19/Dec/2016:19:04:47 +0800] "POST /open/bind.php?signature=e041e4dbdea8adefe0f061752a3201ca417c0c0b&timestamp=1482145487&nonce=751853511&encrypt_type=aes&msg_signature=4baf48b5820663d23dad0e0fd4b4f4536b400f78 HTTP/1.1" 200 7 "-" "Mozilla/4.0"
182.254.86.140 - - [19/Dec/2016:19:04:49 +0800] "POST /open/bind.php?signature=f92231bceb0e04b3955692f9618362d6b6f7cdc3&timestamp=1482145489&nonce=478940384&encrypt_type=aes&msg_signature=0fdbd84e1d9d5a7eb88c5a38b22dd0994fd88018 HTTP/1.1" 200 1 "-" "Mozilla/4.0"
1.162.235.155 - - [19/Dec/2016:19:10:11 +0800] "CONNECT mx-tw.mail.gm0.yahoodns.net:25 HTTP/1.0" 200 32 "-" "-"
1.162.235.155 - - [19/Dec/2016:19:11:05 +0800] "CONNECT mx-tw.mail.gm0.yahoodns.net:25 HTTP/1.0" 200 32 "-" "-"
1.162.235.155 - - [19/Dec/2016:19:11:31 +0800] "CONNECT mx-tw.mail.gm0.yahoodns.net:25 HTTP/1.0" 200 32 "-" "-"
1.162.235.155 - - [19/Dec/2016:19:11:51 +0800] "CONNECT mx-tw.mail.gm0.yahoodns.net:25 HTTP/1.0" 200 32 "-" "-"
182.254.86.145 - - [19/Dec/2016:19:14:39 +0800] "POST /open/bind.php?signature=0fcb1fc4dc37d4fa8552adbf2430506821c29b26&timestamp=1482146079&nonce=1105536775&encrypt_type=aes&msg_signature=590a7dcf823c1859a4f6444a8c52110db5b681b4 HTTP/1.1" 200 7 "-" "Mozilla/4.0"
182.254.86.150 - - [19/Dec/2016:19:14:41 +0800] "POST /open/bind.php?signature=71e43b2ea0af06aeac44408c580ef14c517ed26e&timestamp=1482146081&nonce=1491722153&encrypt_type=aes&msg_signature=676f72c440283960c1dc8cbf13e28c07774f52a2 HTTP/1.1" 200 1 "-" "Mozilla/4.0"
42.112.105.93 - - [19/Dec/2016:19:20:55 +0800] "GET / HTTP/1.0" 200 32 "-" "Mozilla/5.0 (compatible; Googlebot/2.1; +http://www.google.com/bot.html)"
182.254.86.150 - - [19/Dec/2016:19:24:49 +0800] "POST /open/bind.php?signature=31b8040102dbbcfd6e0907b94a759f4f59d00e1b&timestamp=1482146689&nonce=1131969193&encrypt_type=aes&msg_signature=630264326336ab8a59a0907acc12dd9a6610ce86 HTTP/1.1" 200 7 "-" "Mozilla/4.0"
182.254.86.145 - - [19/Dec/2016:19:24:51 +0800] "POST /open/bind.php?signature=95cf8e1e9b3df57c23c218eac523f04d5448d649&timestamp=1482146691&nonce=445890494&encrypt_type=aes&msg_signature=b19f3e7786da878db6923be852bc8e4d14f76ec5 HTTP/1.1" 200 1 "-" "Mozilla/4.0"
101.226.99.196 - - [19/Dec/2016:19:29:24 +0800] "GET /open/conn.php HTTP/1.1" 200 6 "-" "Mozilla/5.0 (compatible; MSIE 9.0; Windows NT 6.1; WOW64; Trident/5.0)"
1.162.235.155 - - [19/Dec/2016:19:30:17 +0800] "CONNECT mx-tw.mail.gm0.yahoodns.net:25 HTTP/1.0" 200 32 "-" "-"
1.162.235.155 - - [19/Dec/2016:19:30:52 +0800] "CONNECT mx-tw.mail.gm0.yahoodns.net:25 HTTP/1.0" 200 32 "-" "-"
182.254.86.140 - - [19/Dec/2016:19:34:46 +0800] "POST /open/bind.php?signature=135a9047a6c16f1346da088aa647c0b5994cbf3f&timestamp=1482147286&nonce=750419235&encrypt_type=aes&msg_signature=43995904b6e7baaeb79c0d2f8d034ca02a9c7ca4 HTTP/1.1" 200 7 "-" "Mozilla/4.0"
182.254.86.150 - - [19/Dec/2016:19:34:48 +0800] "POST /open/bind.php?signature=8ad2b2af0395ab4902be75b4ef221372974cccc7&timestamp=1482147288&nonce=2057085216&encrypt_type=aes&msg_signature=f16a60e24876a9080368da1e3d3efae204abdda2 HTTP/1.1" 200 1 "-" "Mozilla/4.0"
182.254.86.145 - - [19/Dec/2016:19:44:45 +0800] "POST /open/bind.php?signature=26e70364638575c1d335405ad0cc54570f28e31c&timestamp=1482147885&nonce=2104172155&encrypt_type=aes&msg_signature=9b801e6b19d993a5e27c3c6a177ec18eb9aac2dc HTTP/1.1" 200 7 "-" "Mozilla/4.0"
182.254.86.150 - - [19/Dec/2016:19:44:47 +0800] "POST /open/bind.php?signature=fd97028be4cff1b148c9095ed700c4385443f059&timestamp=1482147887&nonce=105489903&encrypt_type=aes&msg_signature=6690182a610052fbd89ed3f2b556346330449cd6 HTTP/1.1" 200 1 "-" "Mozilla/4.0"
1.162.235.155 - - [19/Dec/2016:19:48:59 +0800] "CONNECT mx-tw.mail.gm0.yahoodns.net:25 HTTP/1.0" 200 32 "-" "-"
1.162.235.155 - - [19/Dec/2016:19:49:24 +0800] "CONNECT mx-tw.mail.gm0.yahoodns.net:25 HTTP/1.0" 200 32 "-" "-"
1.162.235.155 - - [19/Dec/2016:19:49:51 +0800] "CONNECT mx-tw.mail.gm0.yahoodns.net:25 HTTP/1.0" 200 32 "-" "-"
1.162.235.155 - - [19/Dec/2016:19:50:23 +0800] "CONNECT mx-tw.mail.gm0.yahoodns.net:25 HTTP/1.0" 200 32 "-" "-"
182.254.86.150 - - [19/Dec/2016:19:54:44 +0800] "POST /open/bind.php?signature=c43704de0e41d75eaa734192647cd3675b0ddb71&timestamp=1482148484&nonce=968887356&encrypt_type=aes&msg_signature=c85768c9544f742b6ce4bfb5be97251e06754880 HTTP/1.1" 200 7 "-" "Mozilla/4.0"
182.254.86.155 - - [19/Dec/2016:19:54:46 +0800] "POST /open/bind.php?signature=cea6a12631fafd2ffd5706143bf21fc8710a8481&timestamp=1482148486&nonce=791475751&encrypt_type=aes&msg_signature=70bc6b8e24b1a0bf89670227348dbda259b1a208 HTTP/1.1" 200 1 "-" "Mozilla/4.0"
59.124.15.121 - - [19/Dec/2016:19:57:13 +0800] "GET / HTTP/1.0" 200 32 "-" "Mozilla/5.0 (compatible; Googlebot/2.1; +http://www.google.com/bot.html)"
182.254.86.155 - - [19/Dec/2016:20:04:48 +0800] "POST /open/bind.php?signature=63cfba25ddd082353b96314f0076b6d94ed4edce&timestamp=1482149088&nonce=1626720916&encrypt_type=aes&msg_signature=f6287e921b5ff65ca894afc729b2ed484302072d HTTP/1.1" 200 7 "-" "Mozilla/4.0"
182.254.86.145 - - [19/Dec/2016:20:04:50 +0800] "POST /open/bind.php?signature=1bf523c53e9bff5c382681f51223ec4567b13fe8&timestamp=1482149090&nonce=1921937133&encrypt_type=aes&msg_signature=dff8dba1b226d4ab84dd9404f03550def83334b2 HTTP/1.1" 200 1 "-" "Mozilla/4.0"
1.162.235.155 - - [19/Dec/2016:20:08:46 +0800] "CONNECT mx-tw.mail.gm0.yahoodns.net:25 HTTP/1.0" 200 32 "-" "-"
1.162.235.155 - - [19/Dec/2016:20:09:13 +0800] "CONNECT mx-tw.mail.gm0.yahoodns.net:25 HTTP/1.0" 200 32 "-" "-"
1.162.235.155 - - [19/Dec/2016:20:09:49 +0800] "CONNECT mx-tw.mail.gm0.yahoodns.net:25 HTTP/1.0" 200 32 "-" "-"
182.254.86.155 - - [19/Dec/2016:20:14:46 +0800] "POST /open/bind.php?signature=418560dd1db4b1ac03e0f303dc29ef25a6f2eb8a&timestamp=1482149686&nonce=984360367&encrypt_type=aes&msg_signature=5029062fe7d3c1dadd648acd8490aab9999160e7 HTTP/1.1" 200 7 "-" "Mozilla/4.0"
182.254.86.140 - - [19/Dec/2016:20:14:48 +0800] "POST /open/bind.php?signature=8abbdcd96c9200f94305a4ac12195d4e945815f6&timestamp=1482149688&nonce=1353861696&encrypt_type=aes&msg_signature=723fb161d03b5e35504645939e1388a53e77650b HTTP/1.1" 200 1 "-" "Mozilla/4.0"
182.254.86.150 - - [19/Dec/2016:20:24:38 +0800] "POST /open/bind.php?signature=360286854f38bffe3c554b65580c1dfff53bdd79&timestamp=1482150278&nonce=385620360&encrypt_type=aes&msg_signature=7393a5e73ef4e8206eb819a8c5735a4b28758622 HTTP/1.1" 200 7 "-" "Mozilla/4.0"
182.254.86.140 - - [19/Dec/2016:20:24:40 +0800] "POST /open/bind.php?signature=f899a314c137f485b242d01e99fd7afe5c8d9224&timestamp=1482150280&nonce=1913458557&encrypt_type=aes&msg_signature=669b861b1fab8a771dd877e6d98c541a0b2aba5c HTTP/1.1" 200 1 "-" "Mozilla/4.0"
1.162.235.155 - - [19/Dec/2016:20:28:00 +0800] "CONNECT mx-tw.mail.gm0.yahoodns.net:25 HTTP/1.0" 200 32 "-" "-"
1.162.235.155 - - [19/Dec/2016:20:28:34 +0800] "CONNECT mx-tw.mail.gm0.yahoodns.net:25 HTTP/1.0" 200 32 "-" "-"
1.162.235.155 - - [19/Dec/2016:20:29:02 +0800] "CONNECT mx-tw.mail.gm0.yahoodns.net:25 HTTP/1.0" 200 32 "-" "-"
1.162.235.155 - - [19/Dec/2016:20:29:22 +0800] "CONNECT mx-tw.mail.gm0.yahoodns.net:25 HTTP/1.0" 200 32 "-" "-"
182.254.86.155 - - [19/Dec/2016:20:34:53 +0800] "POST /open/bind.php?signature=9e326708c1c65822db817d163e40e9f03a8165ea&timestamp=1482150893&nonce=33381134&encrypt_type=aes&msg_signature=0006b7b99bf0161c6927a39217402ca513e749b0 HTTP/1.1" 200 7 "-" "Mozilla/4.0"
182.254.86.145 - - [19/Dec/2016:20:34:55 +0800] "POST /open/bind.php?signature=da5f86b0cb887f85cb5dde44f921c395d628cd11&timestamp=1482150895&nonce=1066159100&encrypt_type=aes&msg_signature=566a9fa72c3f361233849dcfd14093c4e154b713 HTTP/1.1" 200 1 "-" "Mozilla/4.0"
182.254.86.145 - - [19/Dec/2016:20:44:43 +0800] "POST /open/bind.php?signature=f2a62c6a7a7d8cc27bd6f0cd7936e52a6a20d103&timestamp=1482151483&nonce=1354805446&encrypt_type=aes&msg_signature=c11ed3f8e79a76426216b76d92144f2bfdfb661c HTTP/1.1" 200 7 "-" "Mozilla/4.0"
182.254.86.150 - - [19/Dec/2016:20:44:45 +0800] "POST /open/bind.php?signature=6cac6a587a35f4db26493d34b3460bbb706cb005&timestamp=1482151485&nonce=1221900256&encrypt_type=aes&msg_signature=5ef94844a4d51325b4f8d831de0f9bad468fcbc5 HTTP/1.1" 200 1 "-" "Mozilla/4.0"
1.162.235.155 - - [19/Dec/2016:20:47:50 +0800] "CONNECT mx-tw.mail.gm0.yahoodns.net:25 HTTP/1.0" 200 32 "-" "-"
182.254.86.140 - - [19/Dec/2016:20:54:13 +0800] "POST /open/bind.php?signature=6d0f74ac3735fa4a60aa9aec5992cb6aa190c9a1&timestamp=1482152053&nonce=529674514&encrypt_type=aes&msg_signature=9fbb36704fda389126f46bafa1c535fc8c3729d8 HTTP/1.1" 200 7 "-" "Mozilla/4.0"
182.254.86.140 - - [19/Dec/2016:20:54:15 +0800] "POST /open/bind.php?signature=03ba02f32f525ff5f65ccc909ec327e53687a6e1&timestamp=1482152055&nonce=752112889&encrypt_type=aes&msg_signature=2ef4d95d33e5be40fdf70de2246a409989c220ae HTTP/1.1" 200 1 "-" "Mozilla/4.0"
95.213.187.190 - - [19/Dec/2016:21:02:53 +0800] "CONNECT check.best-proxies.ru:80 HTTP/1.1" 400 313 "-" "-"
182.254.86.155 - - [19/Dec/2016:21:04:47 +0800] "POST /open/bind.php?signature=a48cc14c12711726e5afb0a98f077c92d56ff897&timestamp=1482152687&nonce=128719266&encrypt_type=aes&msg_signature=8f5c7ce581cb35383bf178b19afbf928ca214f45 HTTP/1.1" 200 7 "-" "Mozilla/4.0"
182.254.86.140 - - [19/Dec/2016:21:04:49 +0800] "POST /open/bind.php?signature=a5ca9846a2057fe2bdefc09bdbc1bd4918779ba0&timestamp=1482152689&nonce=1110684060&encrypt_type=aes&msg_signature=66bf7881b5f5d04244938062243a813cb2c707ca HTTP/1.1" 200 1 "-" "Mozilla/4.0"
1.162.235.155 - - [19/Dec/2016:21:06:42 +0800] "CONNECT mx-tw.mail.gm0.yahoodns.net:25 HTTP/1.0" 200 32 "-" "-"
1.162.235.155 - - [19/Dec/2016:21:07:42 +0800] "CONNECT mx-tw.mail.gm0.yahoodns.net:25 HTTP/1.0" 200 32 "-" "-"
1.162.235.155 - - [19/Dec/2016:21:08:12 +0800] "CONNECT mx-tw.mail.gm0.yahoodns.net:25 HTTP/1.0" 200 32 "-" "-"
182.254.86.150 - - [19/Dec/2016:21:14:45 +0800] "POST /open/bind.php?signature=3ff52a287cdadde0fd6f9d323a4f9b86ea676c4a&timestamp=1482153285&nonce=1875389614&encrypt_type=aes&msg_signature=cf4a8ec9c4bf2b688432744f4c18e7dc6278e5eb HTTP/1.1" 200 7 "-" "Mozilla/4.0"
182.254.86.145 - - [19/Dec/2016:21:14:47 +0800] "POST /open/bind.php?signature=3c5dd9c7ba94149617f903aff7035cdfadcb3260&timestamp=1482153287&nonce=840438489&encrypt_type=aes&msg_signature=685e07e625f69f4af6a6ec9823874c7842524235 HTTP/1.1" 200 1 "-" "Mozilla/4.0"
182.254.86.155 - - [19/Dec/2016:21:24:30 +0800] "POST /open/bind.php?signature=65e0cdae3b0763b8bf71e307f02ddea82337837e&timestamp=1482153869&nonce=461088398&encrypt_type=aes&msg_signature=e0b22151eb7ac9136129893bf86c9bc9e3fb8b3e HTTP/1.1" 200 1 "-" "Mozilla/4.0"
182.254.86.155 - - [19/Dec/2016:21:24:31 +0800] "POST /open/bind.php?signature=6ca99047c29798e13fcf819aba2b135fdbd7bf58&timestamp=1482153871&nonce=759921869&encrypt_type=aes&msg_signature=3741a64391d11325a9859eadcc042958ffe3ec98 HTTP/1.1" 200 1 "-" "Mozilla/4.0"
1.162.235.155 - - [19/Dec/2016:21:26:55 +0800] "CONNECT mx-tw.mail.gm0.yahoodns.net:25 HTTP/1.0" 200 32 "-" "-"
182.254.86.145 - - [19/Dec/2016:21:34:37 +0800] "POST /open/bind.php?signature=06465352d11c7cb544f4a7f3e65be56d4618d39c&timestamp=1482154477&nonce=519219083&encrypt_type=aes&msg_signature=9e7ae16f6c2e5c3d1fdc565c3c95dc6d3f46e2ef HTTP/1.1" 200 7 "-" "Mozilla/4.0"
182.254.86.145 - - [19/Dec/2016:21:34:39 +0800] "POST /open/bind.php?signature=64ea2053178456d9ecbe78cb5d3eeafa6d95be67&timestamp=1482154479&nonce=708233892&encrypt_type=aes&msg_signature=b2a541847d25a8da37e739778634e8400e0caa44 HTTP/1.1" 200 1 "-" "Mozilla/4.0"
182.254.86.155 - - [19/Dec/2016:21:44:43 +0800] "POST /open/bind.php?signature=618698e15d031c91e78b6783d0cfb86677715cb1&timestamp=1482155083&nonce=512826327&encrypt_type=aes&msg_signature=23c2b339d25d207e6868fdf231d9d4333606dbca HTTP/1.1" 200 7 "-" "Mozilla/4.0"
182.254.86.145 - - [19/Dec/2016:21:44:45 +0800] "POST /open/bind.php?signature=760dbbc94a510ad0bff437f5dd710cc06bae0149&timestamp=1482155085&nonce=1825340302&encrypt_type=aes&msg_signature=3ab5486d0ebbff24adb4905a59c4a0b70bf86eab HTTP/1.1" 200 1 "-" "Mozilla/4.0"
1.162.235.155 - - [19/Dec/2016:21:45:22 +0800] "CONNECT mx-tw.mail.gm0.yahoodns.net:25 HTTP/1.0" 200 32 "-" "-"
1.162.235.155 - - [19/Dec/2016:21:46:00 +0800] "CONNECT mx-tw.mail.gm0.yahoodns.net:25 HTTP/1.0" 200 32 "-" "-"
1.162.235.155 - - [19/Dec/2016:21:46:24 +0800] "CONNECT mx-tw.mail.gm0.yahoodns.net:25 HTTP/1.0" 200 32 "-" "-"
1.162.235.155 - - [19/Dec/2016:21:46:51 +0800] "CONNECT mx-tw.mail.gm0.yahoodns.net:25 HTTP/1.0" 200 32 "-" "-"
23.251.63.45 - - [19/Dec/2016:21:47:26 +0800] "GET http://www.proxyjudge.info/azenv.php HTTP/1.1" 404 292 "-" "Mozilla/5.0 (compatible; MSIE 6.0; Windows NT 5.1; Trident/5.0)"
23.251.63.45 - - [19/Dec/2016:21:47:27 +0800] "CONNECT www.alipay.com:443 HTTP/1.1" 200 32 "-" "-"
23.251.63.45 - - [19/Dec/2016:21:54:24 +0800] "GET http://proxyjudge.us/ HTTP/1.1" 200 32 "-" "Mozilla/5.0 (compatible; MSIE 6.0; Windows NT 5.1; Trident/5.0)"
23.251.63.45 - - [19/Dec/2016:21:54:25 +0800] "CONNECT www.baidu.com:443 HTTP/1.1" 200 32 "-" "-"
182.254.86.140 - - [19/Dec/2016:21:54:49 +0800] "POST /open/bind.php?signature=17e285c950b44fb56bfabe486257092e6d6d8766&timestamp=1482155688&nonce=856252283&encrypt_type=aes&msg_signature=ea901f5d53cee2d763e5c0ec6979fab91ca69599 HTTP/1.1" 200 1 "-" "Mozilla/4.0"
182.254.86.145 - - [19/Dec/2016:21:54:50 +0800] "POST /open/bind.php?signature=401cbe96e989038f09e240a1a3ba00bab49cf562&timestamp=1482155690&nonce=1797707474&encrypt_type=aes&msg_signature=cc27f6a8f5e276f747c3db3bf3a7a3349173e98d HTTP/1.1" 200 1 "-" "Mozilla/4.0"
61.151.226.16 - - [19/Dec/2016:22:02:47 +0800] "GET /weixin/normal/server-url.php?signature%25253Db9a58ecb63e8cc40f0b03d3b65b3b25bcde982dd%252526echostr%25253D4768739762689228222%252526timestamp%25253D1482111390%252526nonce%25253D2064304374 HTTP/1.1" 200 - "-" "Mozilla/5.0 (compatible; MSIE 9.0; Windows NT 6.1; WOW64; Trident/5.0)"
1.162.235.155 - - [19/Dec/2016:22:04:13 +0800] "CONNECT mx-tw.mail.gm0.yahoodns.net:25 HTTP/1.0" 200 32 "-" "-"
182.254.86.150 - - [19/Dec/2016:22:04:46 +0800] "POST /open/bind.php?signature=fbfd5936d9b001253ba374419ae31eb2f62510c4&timestamp=1482156286&nonce=1719128437&encrypt_type=aes&msg_signature=7887d3487833f5a910f4ec4d2da1050d5051d077 HTTP/1.1" 200 7 "-" "Mozilla/4.0"
182.254.86.140 - - [19/Dec/2016:22:04:48 +0800] "POST /open/bind.php?signature=d75716e949eb26370c241740acc3f7c14b1bc005&timestamp=1482156288&nonce=1618979474&encrypt_type=aes&msg_signature=1597ecc70ce556ffc4bcf14ba1fa491c124953c1 HTTP/1.1" 200 1 "-" "Mozilla/4.0"
1.162.235.155 - - [19/Dec/2016:22:04:54 +0800] "CONNECT mx-tw.mail.gm0.yahoodns.net:25 HTTP/1.0" 200 32 "-" "-"
1.162.235.155 - - [19/Dec/2016:22:05:25 +0800] "CONNECT mx-tw.mail.gm0.yahoodns.net:25 HTTP/1.0" 200 32 "-" "-"
182.254.86.155 - - [19/Dec/2016:22:14:43 +0800] "POST /open/bind.php?signature=6eff4403d95139324656313b3804d8de390cd9c2&timestamp=1482156883&nonce=89644600&encrypt_type=aes&msg_signature=564d05050891a7d63ec87476a5d343445a79caa2 HTTP/1.1" 200 7 "-" "Mozilla/4.0"
182.254.86.145 - - [19/Dec/2016:22:14:45 +0800] "POST /open/bind.php?signature=cc3c00f74bba171fb42c61d12025d1b97a73aa87&timestamp=1482156885&nonce=1414226210&encrypt_type=aes&msg_signature=c420e747509ce51f768e6ebfbcf31911464d0de1 HTTP/1.1" 200 1 "-" "Mozilla/4.0"
1.162.235.155 - - [19/Dec/2016:22:24:07 +0800] "CONNECT mx-tw.mail.gm0.yahoodns.net:25 HTTP/1.0" 200 32 "-" "-"
182.254.86.155 - - [19/Dec/2016:22:24:43 +0800] "POST /open/bind.php?signature=04c094062a59119af57bf357242c252504c9248d&timestamp=1482157483&nonce=1221607017&encrypt_type=aes&msg_signature=fe3ee7e93930460de7fe3cb814052c653ab17753 HTTP/1.1" 200 7 "-" "Mozilla/4.0"
182.254.86.155 - - [19/Dec/2016:22:24:44 +0800] "POST /open/bind.php?signature=eb4d8fb42daee9f13b8dd71d8e59c0299e5306a1&timestamp=1482157484&nonce=689630419&encrypt_type=aes&msg_signature=e5a69c471e91753b6eb9917fd875909ea5358bd4 HTTP/1.1" 200 1 "-" "Mozilla/4.0"
1.162.235.155 - - [19/Dec/2016:22:25:25 +0800] "CONNECT mx-tw.mail.gm0.yahoodns.net:25 HTTP/1.0" 200 32 "-" "-"
182.254.86.145 - - [19/Dec/2016:22:34:40 +0800] "POST /open/bind.php?signature=4e2b4b541c77265bbaed0da05230caa4624e61b5&timestamp=1482158079&nonce=56891103&encrypt_type=aes&msg_signature=7765573bc72a93a0c230fa5287b55fae73d3f088 HTTP/1.1" 200 1 "-" "Mozilla/4.0"
182.254.86.145 - - [19/Dec/2016:22:34:41 +0800] "POST /open/bind.php?signature=146f943b14fc8b4b26fda54408464d5ebe12159b&timestamp=1482158081&nonce=966254501&encrypt_type=aes&msg_signature=fbe3483a2a7988cd98edbc3d14e2fb1f792809ad HTTP/1.1" 200 1 "-" "Mozilla/4.0"
1.162.235.155 - - [19/Dec/2016:22:43:09 +0800] "CONNECT mx-tw.mail.gm0.yahoodns.net:25 HTTP/1.0" 200 32 "-" "-"
1.162.235.155 - - [19/Dec/2016:22:44:11 +0800] "CONNECT mx-tw.mail.gm0.yahoodns.net:25 HTTP/1.0" 200 32 "-" "-"
182.254.86.140 - - [19/Dec/2016:22:44:39 +0800] "POST /open/bind.php?signature=3fdb237c536f3c43fe0a4cbb45feda1249165a00&timestamp=1482158679&nonce=383946068&encrypt_type=aes&msg_signature=e43fedf0f0c6013ae8fd9241d90a8bf712b5cd19 HTTP/1.1" 200 7 "-" "Mozilla/4.0"
1.162.235.155 - - [19/Dec/2016:22:44:40 +0800] "CONNECT mx-tw.mail.gm0.yahoodns.net:25 HTTP/1.0" 200 32 "-" "-"
182.254.86.140 - - [19/Dec/2016:22:44:41 +0800] "POST /open/bind.php?signature=3916c817e4316786454e6b48be3202a1b9b9ab1c&timestamp=1482158681&nonce=963685538&encrypt_type=aes&msg_signature=caf2acf16dd126bafcd76d51f3a38608b24d9c62 HTTP/1.1" 200 1 "-" "Mozilla/4.0"
1.162.235.155 - - [19/Dec/2016:22:45:04 +0800] "CONNECT mx-tw.mail.gm0.yahoodns.net:25 HTTP/1.0" 200 32 "-" "-"
182.254.86.155 - - [19/Dec/2016:22:54:40 +0800] "POST /open/bind.php?signature=d4c83899adb47e4555a5b4ab1ed1b2496c1625bc&timestamp=1482159280&nonce=1439472913&encrypt_type=aes&msg_signature=d438c6840891abd2d8330fa2c2035eaf792317d5 HTTP/1.1" 200 7 "-" "Mozilla/4.0"
182.254.86.150 - - [19/Dec/2016:22:54:41 +0800] "POST /open/bind.php?signature=6b8d98df4e1c82f31a8eeec04edf8869abc259bb&timestamp=1482159282&nonce=1486396632&encrypt_type=aes&msg_signature=11183206c13406bbcce74fafd7675d65d0ec6a5f HTTP/1.1" 200 1 "-" "Mozilla/4.0"
1.162.235.155 - - [19/Dec/2016:23:02:50 +0800] "CONNECT mx-tw.mail.gm0.yahoodns.net:25 HTTP/1.0" 200 32 "-" "-"
1.162.235.155 - - [19/Dec/2016:23:03:22 +0800] "CONNECT mx-tw.mail.gm0.yahoodns.net:25 HTTP/1.0" 200 32 "-" "-"
1.162.235.155 - - [19/Dec/2016:23:04:19 +0800] "CONNECT mx-tw.mail.gm0.yahoodns.net:25 HTTP/1.0" 200 32 "-" "-"
182.254.86.145 - - [19/Dec/2016:23:04:42 +0800] "POST /open/bind.php?signature=f22330bf897e3aa5319b60c7e83f127702be8165&timestamp=1482159882&nonce=872675060&encrypt_type=aes&msg_signature=7470412c95fae669b278b838338ed2163c708410 HTTP/1.1" 200 7 "-" "Mozilla/4.0"
182.254.86.155 - - [19/Dec/2016:23:04:43 +0800] "POST /open/bind.php?signature=bdd3f8727db54e8b9e9bcc331b965d669befa179&timestamp=1482159884&nonce=810797775&encrypt_type=aes&msg_signature=ba332776446604e0ae7519b17eee80e4a62897d7 HTTP/1.1" 200 1 "-" "Mozilla/4.0"
101.226.66.192 - - [19/Dec/2016:23:10:22 +0800] "GET /open/bind.php?signature%3D0fcb1fc4dc37d4fa8552adbf2430506821c29b26%26timestamp%3D1482146079%26nonce%3D1105536775%26encrypt_type%3Daes%26msg_signature%3D590a7dcf823c1859a4f6444a8c52110db5b681b4 HTTP/1.1" 200 1 "-" "Mozilla/5.0 (compatible; MSIE 9.0; Windows NT 6.1; WOW64; Trident/5.0)"
182.254.86.155 - - [19/Dec/2016:23:14:47 +0800] "POST /open/bind.php?signature=dfb06a0a21424047ed5648042654b1fa2bfd729b&timestamp=1482160488&nonce=1007933425&encrypt_type=aes&msg_signature=bbdb48234b1b569c2a336b316a5ea5dd884478d5 HTTP/1.1" 200 1 "-" "Mozilla/4.0"
182.254.86.155 - - [19/Dec/2016:23:14:49 +0800] "POST /open/bind.php?signature=aa6278fe23793af5767e63867fd3cd400746bd5f&timestamp=1482160489&nonce=1883377830&encrypt_type=aes&msg_signature=35087dc243aada6a99054387833de35b62292959 HTTP/1.1" 200 1 "-" "Mozilla/4.0"
101.226.35.225 - - [19/Dec/2016:23:15:14 +0800] "GET / HTTP/1.1" 200 32 "http://123.206.75.86:80/" "Mozilla/5.0 (Windows NT 6.1; WOW64) AppleWebKit/537.36 (KHTML, like Gecko) Chrome/32.0.1700.76 Safari/537.36"
101.226.35.225 - - [19/Dec/2016:23:15:14 +0800] "GET / HTTP/1.1" 200 32 "-" "python-requests/2.11.1"
101.226.35.225 - - [19/Dec/2016:23:15:14 +0800] "GET / HTTP/1.1" 200 32 "-" "python-requests/2.11.1"
114.32.42.226 - - [19/Dec/2016:23:17:41 +0800] "GET / HTTP/1.0" 200 32 "-" "Mozilla/5.0 (compatible; Googlebot/2.1; +http://www.google.com/bot.html)"
1.162.235.155 - - [19/Dec/2016:23:21:58 +0800] "CONNECT mx-tw.mail.gm0.yahoodns.net:25 HTTP/1.0" 200 32 "-" "-"
1.162.235.155 - - [19/Dec/2016:23:22:53 +0800] "CONNECT mx-tw.mail.gm0.yahoodns.net:25 HTTP/1.0" 200 32 "-" "-"
1.162.235.155 - - [19/Dec/2016:23:23:13 +0800] "CONNECT mx-tw.mail.gm0.yahoodns.net:25 HTTP/1.0" 200 32 "-" "-"
1.162.235.155 - - [19/Dec/2016:23:24:06 +0800] "CONNECT mx-tw.mail.gm0.yahoodns.net:25 HTTP/1.0" 200 32 "-" "-"
182.254.86.155 - - [19/Dec/2016:23:24:47 +0800] "POST /open/bind.php?signature=0c06b84d568f79ed90e5020356e55afdb2bcb891&timestamp=1482161087&nonce=1441992703&encrypt_type=aes&msg_signature=173c5629ca8bf041d8728bdbdfef0565df080acb HTTP/1.1" 200 7 "-" "Mozilla/4.0"
182.254.86.155 - - [19/Dec/2016:23:24:49 +0800] "POST /open/bind.php?signature=8d0df3c9b913f99b93c93f9aee1b959015e79e01&timestamp=1482161089&nonce=1075936041&encrypt_type=aes&msg_signature=59ec8106ae8e67e4f82a67e0f9e2befa483addc0 HTTP/1.1" 200 1 "-" "Mozilla/4.0"
47.197.15.91 - - [19/Dec/2016:23:24:56 +0800] "GET / HTTP/1.0" 200 32 "-" "Mozilla/5.0 (compatible; Googlebot/2.1; +http://www.google.com/bot.html)"
182.254.86.145 - - [19/Dec/2016:23:34:46 +0800] "POST /open/bind.php?signature=f347a691630c2d9f4b5d177052e830722d90f6c2&timestamp=1482161685&nonce=1502573070&encrypt_type=aes&msg_signature=70ced641f6062375098a635dfbf85a7b9a819902 HTTP/1.1" 200 1 "-" "Mozilla/4.0"
182.254.86.145 - - [19/Dec/2016:23:34:48 +0800] "POST /open/bind.php?signature=ac6c92db0670db10e47e20515c626f3f7722bdb0&timestamp=1482161687&nonce=1173387225&encrypt_type=aes&msg_signature=ed5d150433b4a67d8b9d5ef77b9b773d936f7c7c HTTP/1.1" 200 1 "-" "Mozilla/4.0"
1.162.235.155 - - [19/Dec/2016:23:41:21 +0800] "CONNECT mx-tw.mail.gm0.yahoodns.net:25 HTTP/1.0" 200 32 "-" "-"
1.162.235.155 - - [19/Dec/2016:23:41:57 +0800] "CONNECT mx-tw.mail.gm0.yahoodns.net:25 HTTP/1.0" 200 32 "-" "-"
1.162.235.155 - - [19/Dec/2016:23:42:23 +0800] "CONNECT mx-tw.mail.gm0.yahoodns.net:25 HTTP/1.0" 200 32 "-" "-"
1.162.235.155 - - [19/Dec/2016:23:42:37 +0800] "CONNECT mx-tw.mail.gm0.yahoodns.net:25 HTTP/1.0" 200 32 "-" "-"
182.254.86.150 - - [19/Dec/2016:23:44:45 +0800] "POST /open/bind.php?signature=5fcc133fe7c8928452aa648fa84f4e055986ab27&timestamp=1482162285&nonce=1507699874&encrypt_type=aes&msg_signature=0dc127ab984fcd8020c401fa26e76bb0fd6d2cea HTTP/1.1" 200 7 "-" "Mozilla/4.0"
182.254.86.155 - - [19/Dec/2016:23:44:47 +0800] "POST /open/bind.php?signature=e4941e56641125a958012e510052e81eb27a02ef&timestamp=1482162287&nonce=1557865730&encrypt_type=aes&msg_signature=b6b2f2385e8599ca4a790e023a37d949a1999365 HTTP/1.1" 200 1 "-" "Mozilla/4.0"
23.251.63.45 - - [19/Dec/2016:23:51:59 +0800] "GET http://www.proxy-listen.de/azenv.php HTTP/1.1" 404 292 "-" "Mozilla/5.0 (compatible; MSIE 6.0; Windows NT 5.1; Trident/5.0)"
23.251.63.45 - - [19/Dec/2016:23:52:00 +0800] "CONNECT www.baidu.com:443 HTTP/1.1" 200 32 "-" "-"
182.254.86.145 - - [19/Dec/2016:23:54:44 +0800] "POST /open/bind.php?signature=8c9a5d0fcd330a2cac0a569e8491648768b0ce60&timestamp=1482162884&nonce=473341558&encrypt_type=aes&msg_signature=00c6741dc4d4452926817902c228e4969b502f74 HTTP/1.1" 200 7 "-" "Mozilla/4.0"
182.254.86.140 - - [19/Dec/2016:23:54:46 +0800] "POST /open/bind.php?signature=8f11dd82d8a1bc8c6e0297dbce2dbd598ccc7fd3&timestamp=1482162886&nonce=131349673&encrypt_type=aes&msg_signature=946eca7bab717bdbefeaf473371c1d39bd55b906 HTTP/1.1" 200 1 "-" "Mozilla/4.0"
1.162.235.155 - - [20/Dec/2016:00:01:07 +0800] "CONNECT mx-tw.mail.gm0.yahoodns.net:25 HTTP/1.0" 200 32 "-" "-"
1.162.235.155 - - [20/Dec/2016:00:01:33 +0800] "CONNECT mx-tw.mail.gm0.yahoodns.net:25 HTTP/1.0" 200 32 "-" "-"
182.254.86.155 - - [20/Dec/2016:00:04:54 +0800] "POST /open/bind.php?signature=953b156bef5a755621eeaa5f35b807d270422025&timestamp=1482163494&nonce=2115596393&encrypt_type=aes&msg_signature=67b9430872da46834a3482b00549b9f1fd753cbd HTTP/1.1" 200 7 "-" "Mozilla/4.0"
182.254.86.145 - - [20/Dec/2016:00:04:56 +0800] "POST /open/bind.php?signature=5beb003ca5ac81ee8100a280047bb64c5197ba45&timestamp=1482163496&nonce=925544134&encrypt_type=aes&msg_signature=99c99e54297ae79d7224c330a57a8dea908f3ac4 HTTP/1.1" 200 1 "-" "Mozilla/4.0"
182.254.86.155 - - [20/Dec/2016:00:14:49 +0800] "POST /open/bind.php?signature=f5d00b8a8bf3f3610d182dd5230f939575c641d7&timestamp=1482164089&nonce=1489295956&encrypt_type=aes&msg_signature=07e312cdc9674528cb69e263d9ca2d0d6f8d0adf HTTP/1.1" 200 7 "-" "Mozilla/4.0"
182.254.86.155 - - [20/Dec/2016:00:14:51 +0800] "POST /open/bind.php?signature=bf238342ce12c71e0d58820a60f76d413f5cf7a8&timestamp=1482164091&nonce=965307562&encrypt_type=aes&msg_signature=70ec19b0582ca21d798c9222b867c3f2ea2a019b HTTP/1.1" 200 1 "-" "Mozilla/4.0"
1.162.235.155 - - [20/Dec/2016:00:20:30 +0800] "CONNECT mx-tw.mail.gm0.yahoodns.net:25 HTTP/1.0" 200 32 "-" "-"
1.162.235.155 - - [20/Dec/2016:00:21:31 +0800] "CONNECT mx-tw.mail.gm0.yahoodns.net:25 HTTP/1.0" 200 32 "-" "-"
182.254.86.145 - - [20/Dec/2016:00:24:48 +0800] "POST /open/bind.php?signature=e00fa41f6bc03b87830fdb842866d32359d087eb&timestamp=1482164688&nonce=28246028&encrypt_type=aes&msg_signature=473d4740e112a900600709bf8988a9f501103db8 HTTP/1.1" 200 7 "-" "Mozilla/4.0"
182.254.86.155 - - [20/Dec/2016:00:24:50 +0800] "POST /open/bind.php?signature=c3da5b36d66c6b1d8de5e8e4e94d6c1f335c9b0e&timestamp=1482164690&nonce=949211345&encrypt_type=aes&msg_signature=05cf6a770428126674e0f9d6dcfcaa4a22b1995f HTTP/1.1" 200 1 "-" "Mozilla/4.0"
182.254.86.155 - - [20/Dec/2016:00:34:51 +0800] "POST /open/bind.php?signature=6bf15b86f514caf1548d27b5c322f1d87909c6ee&timestamp=1482165291&nonce=276215221&encrypt_type=aes&msg_signature=867f7f9f94c53cdf0a5b1ca8006a1ee3aa31235f HTTP/1.1" 200 7 "-" "Mozilla/4.0"
182.254.86.140 - - [20/Dec/2016:00:34:52 +0800] "POST /open/bind.php?signature=f0d0a0b8e25f3f74d3e344020fd6d780dec713e3&timestamp=1482165292&nonce=1887899863&encrypt_type=aes&msg_signature=cdcd4c7fbedc5b7bc40b2acb898c6c66fd9f3be5 HTTP/1.1" 200 1 "-" "Mozilla/4.0"
1.162.235.155 - - [20/Dec/2016:00:41:24 +0800] "CONNECT mx-tw.mail.gm0.yahoodns.net:25 HTTP/1.0" 200 32 "-" "-"
182.254.86.155 - - [20/Dec/2016:00:44:49 +0800] "POST /open/bind.php?signature=c928e68428d4a7a7001938afc7ce50dfb5f3645f&timestamp=1482165889&nonce=1184810681&encrypt_type=aes&msg_signature=e853c9e13debf8af36804e6709b7be3c4f864b35 HTTP/1.1" 200 7 "-" "Mozilla/4.0"
182.254.86.145 - - [20/Dec/2016:00:44:51 +0800] "POST /open/bind.php?signature=40ef66ef738d273cce3773beab4a3f1346bda834&timestamp=1482165891&nonce=1410813765&encrypt_type=aes&msg_signature=da92de00744145895f0342dd44e559b303c7d4ac HTTP/1.1" 200 1 "-" "Mozilla/4.0"
182.254.86.150 - - [20/Dec/2016:00:54:50 +0800] "POST /open/bind.php?signature=57b5a0794fbf77e391fab50bdfb8a3654ae7bf9d&timestamp=1482166489&nonce=307532223&encrypt_type=aes&msg_signature=7a57a2eb43294cfa2d0a19fed80347667d972b44 HTTP/1.1" 200 1 "-" "Mozilla/4.0"
182.254.86.140 - - [20/Dec/2016:00:54:52 +0800] "POST /open/bind.php?signature=8fe29f35f24b772953165c3b63906ac8655950d5&timestamp=1482166491&nonce=664258104&encrypt_type=aes&msg_signature=0c3a59f09a4572b0fd8769187516ef3f21d912a6 HTTP/1.1" 200 1 "-" "Mozilla/4.0"
1.162.235.155 - - [20/Dec/2016:00:59:53 +0800] "CONNECT mx-tw.mail.gm0.yahoodns.net:25 HTTP/1.0" 200 32 "-" "-"
1.162.235.155 - - [20/Dec/2016:01:00:26 +0800] "CONNECT mx-tw.mail.gm0.yahoodns.net:25 HTTP/1.0" 200 32 "-" "-"
1.162.235.155 - - [20/Dec/2016:01:00:58 +0800] "CONNECT mx-tw.mail.gm0.yahoodns.net:25 HTTP/1.0" 200 32 "-" "-"
1.162.235.155 - - [20/Dec/2016:01:01:21 +0800] "CONNECT mx-tw.mail.gm0.yahoodns.net:25 HTTP/1.0" 200 32 "-" "-"
182.254.86.145 - - [20/Dec/2016:01:04:49 +0800] "POST /open/bind.php?signature=5c7c182627ea1085b5e51975d1eebac0a8c41fd3&timestamp=1482167089&nonce=741571542&encrypt_type=aes&msg_signature=01ae44bea93b2044f5fe324a70515ffd090fa19f HTTP/1.1" 200 7 "-" "Mozilla/4.0"
182.254.86.140 - - [20/Dec/2016:01:04:51 +0800] "POST /open/bind.php?signature=3ccb5bfbf0343ef08556ee3dcd4d5da39e6d3e13&timestamp=1482167091&nonce=412452735&encrypt_type=aes&msg_signature=f9e50e93b8a1fffe386b77fc178da8f99e5d2718 HTTP/1.1" 200 1 "-" "Mozilla/4.0"
182.254.86.150 - - [20/Dec/2016:01:14:40 +0800] "POST /open/bind.php?signature=63065046e6cb46955cc9020428c8b51087e05f40&timestamp=1482167680&nonce=121132427&encrypt_type=aes&msg_signature=c304d8658a88c83b18aae034844b120786c8b307 HTTP/1.1" 200 7 "-" "Mozilla/4.0"
182.254.86.155 - - [20/Dec/2016:01:14:42 +0800] "POST /open/bind.php?signature=b9aa49334f5528656eac9b913ff970f2007dff4d&timestamp=1482167682&nonce=836553296&encrypt_type=aes&msg_signature=d8ae32019bf618e573b2ed0325b5c6b7a480d16f HTTP/1.1" 200 1 "-" "Mozilla/4.0"
1.162.235.155 - - [20/Dec/2016:01:19:36 +0800] "CONNECT mx-tw.mail.gm0.yahoodns.net:25 HTTP/1.0" 200 32 "-" "-"
1.162.235.155 - - [20/Dec/2016:01:20:03 +0800] "CONNECT mx-tw.mail.gm0.yahoodns.net:25 HTTP/1.0" 200 32 "-" "-"
1.162.235.155 - - [20/Dec/2016:01:20:30 +0800] "CONNECT mx-tw.mail.gm0.yahoodns.net:25 HTTP/1.0" 200 32 "-" "-"
1.162.235.155 - - [20/Dec/2016:01:21:18 +0800] "CONNECT mx-tw.mail.gm0.yahoodns.net:25 HTTP/1.0" 200 32 "-" "-"
182.254.86.150 - - [20/Dec/2016:01:24:34 +0800] "POST /open/bind.php?signature=7ef03e688a16e3161f615d788a104a99bf6fb3a0&timestamp=1482168274&nonce=1972151146&encrypt_type=aes&msg_signature=bd8ed2464d49790f7b79275459b4355485dea823 HTTP/1.1" 200 7 "-" "Mozilla/4.0"
182.254.86.155 - - [20/Dec/2016:01:24:36 +0800] "POST /open/bind.php?signature=89e97a68942e5587444b53b4f8571f1b6c553051&timestamp=1482168276&nonce=1835778330&encrypt_type=aes&msg_signature=7cf1f335a97a9e38633e1fe1561f159beab82a00 HTTP/1.1" 200 1 "-" "Mozilla/4.0"
101.226.33.203 - - [20/Dec/2016:01:26:55 +0800] "GET /open/bind.php?signature%3Deb4d8fb42daee9f13b8dd71d8e59c0299e5306a1%26timestamp%3D1482157484%26nonce%3D689630419%26encrypt_type%3Daes%26msg_signature%3De5a69c471e91753b6eb9917fd875909ea5358bd4 HTTP/1.1" 200 1 "-" "Mozilla/5.0 (compatible; MSIE 9.0; Windows NT 6.1; Trident/5.0)"
182.254.86.155 - - [20/Dec/2016:01:34:40 +0800] "POST /open/bind.php?signature=f369e9bdfec402dbbcf5ec005ad3b49b2d53b455&timestamp=1482168879&nonce=1501097314&encrypt_type=aes&msg_signature=93593788c1f8c24b8a27c29c8b120758ac066ac5 HTTP/1.1" 200 1 "-" "Mozilla/4.0"
182.254.86.140 - - [20/Dec/2016:01:34:41 +0800] "POST /open/bind.php?signature=d4b16a035b849cdf54ce589c5f11d14adf5d8247&timestamp=1482168881&nonce=101476629&encrypt_type=aes&msg_signature=47e117a1cd0d7e44e6ebc1b0c5283008b38880e8 HTTP/1.1" 200 1 "-" "Mozilla/4.0"
101.226.33.205 - - [20/Dec/2016:01:37:57 +0800] "GET /weixin/normal/server-url.php?signature%2525253Db9a58ecb63e8cc40f0b03d3b65b3b25bcde982dd%25252526echostr%2525253D4768739762689228222%25252526timestamp%2525253D1482111390%25252526nonce%2525253D2064304374 HTTP/1.1" 200 - "-" "Mozilla/5.0 (compatible; MSIE 9.0; Windows NT 6.1; Trident/5.0)"
23.251.63.45 - - [20/Dec/2016:01:37:59 +0800] "GET http://fr.cyberpods.net/ HTTP/1.1" 200 32 "-" "Mozilla/5.0 (compatible; MSIE 6.0; Windows NT 5.1; Trident/5.0)"
23.251.63.45 - - [20/Dec/2016:01:37:59 +0800] "CONNECT www.alipay.com:443 HTTP/1.1" 200 32 "-" "-"
1.162.235.155 - - [20/Dec/2016:01:39:26 +0800] "CONNECT mx-tw.mail.gm0.yahoodns.net:25 HTTP/1.0" 200 32 "-" "-"
1.162.235.155 - - [20/Dec/2016:01:39:56 +0800] "CONNECT mx-tw.mail.gm0.yahoodns.net:25 HTTP/1.0" 200 32 "-" "-"
1.162.235.155 - - [20/Dec/2016:01:40:25 +0800] "CONNECT mx-tw.mail.gm0.yahoodns.net:25 HTTP/1.0" 200 32 "-" "-"
1.162.235.155 - - [20/Dec/2016:01:40:41 +0800] "CONNECT mx-tw.mail.gm0.yahoodns.net:25 HTTP/1.0" 200 32 "-" "-"
1.162.235.155 - - [20/Dec/2016:01:41:13 +0800] "CONNECT mx-tw.mail.gm0.yahoodns.net:25 HTTP/1.0" 200 32 "-" "-"
23.251.63.45 - - [20/Dec/2016:01:43:03 +0800] "GET http://domkrim.com/av.php HTTP/1.1" 404 281 "-" "Mozilla/5.0 (compatible; MSIE 6.0; Windows NT 5.1; Trident/5.0)"
23.251.63.45 - - [20/Dec/2016:01:43:03 +0800] "CONNECT www.alipay.com:443 HTTP/1.1" 200 32 "-" "-"
182.254.86.140 - - [20/Dec/2016:01:44:37 +0800] "POST /open/bind.php?signature=94b7cbc3e479d334954807ed4501485e314921ea&timestamp=1482169477&nonce=1483993251&encrypt_type=aes&msg_signature=6559caeffa53c1e23f98ff454c067cb95ca2d422 HTTP/1.1" 200 7 "-" "Mozilla/4.0"
182.254.86.145 - - [20/Dec/2016:01:44:39 +0800] "POST /open/bind.php?signature=c5fb2d714d3a708937c7390980a7d574b34f9306&timestamp=1482169479&nonce=1589510533&encrypt_type=aes&msg_signature=9d1cfddb7216c5ea00e27ff808200e8ee3be4631 HTTP/1.1" 200 1 "-" "Mozilla/4.0"
182.254.86.147 - - [20/Dec/2016:01:54:37 +0800] "POST /open/bind.php?signature=bf8e1471705ca26d58c75b669ee4e49cc24bb025&timestamp=1482170077&nonce=1048655851&encrypt_type=aes&msg_signature=29ec961b908b823dabb5cb6e6a8c19548a2591ae HTTP/1.1" 200 7 "-" "Mozilla/4.0"
182.254.86.155 - - [20/Dec/2016:01:54:39 +0800] "POST /open/bind.php?signature=1dbda95e5fb6beab90d621bfa000ef6a1313da55&timestamp=1482170079&nonce=147616080&encrypt_type=aes&msg_signature=07981dab67a9e98e5874d7fb274a2663f741b777 HTTP/1.1" 200 1 "-" "Mozilla/4.0"
1.162.235.155 - - [20/Dec/2016:01:59:06 +0800] "CONNECT mx-tw.mail.gm0.yahoodns.net:25 HTTP/1.0" 200 32 "-" "-"
1.162.235.155 - - [20/Dec/2016:01:59:19 +0800] "CONNECT mx-tw.mail.gm0.yahoodns.net:25 HTTP/1.0" 200 32 "-" "-"
1.162.235.155 - - [20/Dec/2016:01:59:57 +0800] "CONNECT mx-tw.mail.gm0.yahoodns.net:25 HTTP/1.0" 200 32 "-" "-"
1.162.235.155 - - [20/Dec/2016:02:00:32 +0800] "CONNECT mx-tw.mail.gm0.yahoodns.net:25 HTTP/1.0" 200 32 "-" "-"
1.162.235.155 - - [20/Dec/2016:02:01:09 +0800] "CONNECT mx-tw.mail.gm0.yahoodns.net:25 HTTP/1.0" 200 32 "-" "-"
182.254.86.140 - - [20/Dec/2016:02:05:48 +0800] "POST /open/bind.php?signature=925ae882cd87a03dc6842d664e12f6576fd5363a&timestamp=1482170748&nonce=1723024183&encrypt_type=aes&msg_signature=01fad91ec5c24b84a7e822173b6c9c4613cbd676 HTTP/1.1" 200 7 "-" "Mozilla/4.0"
182.254.86.155 - - [20/Dec/2016:02:05:51 +0800] "POST /open/bind.php?signature=078e6f8b72830ed1f78803a36060f4a42bad4f53&timestamp=1482170751&nonce=603064098&encrypt_type=aes&msg_signature=5ee1575878910c8886b557ac7790cbbcbede2700 HTTP/1.1" 200 1 "-" "Mozilla/4.0"
45.32.136.18 - - [20/Dec/2016:02:12:34 +0800] "GET / HTTP/1.1" 200 32 "-" "-"
182.254.86.155 - - [20/Dec/2016:02:16:25 +0800] "POST /open/bind.php?signature=b3af9d63b60ecae155caad3d7b9affeb3e7cdd8d&timestamp=1482171384&nonce=868098757&encrypt_type=aes&msg_signature=a2c40f718a5426110ce8d4a62206961ef80c9081 HTTP/1.1" 200 1 "-" "Mozilla/4.0"
182.254.86.150 - - [20/Dec/2016:02:16:27 +0800] "POST /open/bind.php?signature=a3a0eb14605e3b56ad567f7f6ab3ffe898b16153&timestamp=1482171387&nonce=830787323&encrypt_type=aes&msg_signature=7f9d1e6bd4284a849feca0613f99dadce11e74ba HTTP/1.1" 200 1 "-" "Mozilla/4.0"
1.162.235.155 - - [20/Dec/2016:02:19:04 +0800] "CONNECT mx-tw.mail.gm0.yahoodns.net:25 HTTP/1.0" 200 32 "-" "-"
1.162.235.155 - - [20/Dec/2016:02:19:35 +0800] "CONNECT mx-tw.mail.gm0.yahoodns.net:25 HTTP/1.0" 200 32 "-" "-"
1.162.235.155 - - [20/Dec/2016:02:19:56 +0800] "CONNECT mx-tw.mail.gm0.yahoodns.net:25 HTTP/1.0" 200 32 "-" "-"
1.162.235.155 - - [20/Dec/2016:02:20:21 +0800] "CONNECT mx-tw.mail.gm0.yahoodns.net:25 HTTP/1.0" 200 32 "-" "-"
1.162.235.155 - - [20/Dec/2016:02:20:45 +0800] "CONNECT mx-tw.mail.gm0.yahoodns.net:25 HTTP/1.0" 200 32 "-" "-"
182.254.86.150 - - [20/Dec/2016:02:26:20 +0800] "POST /open/bind.php?signature=64b0b0735bf472354f7572f436b572d46073a7b7&timestamp=1482171980&nonce=2112804697&encrypt_type=aes&msg_signature=eecfb723f64a6f1643c268ee75d0e7d0220be415 HTTP/1.1" 200 7 "-" "Mozilla/4.0"
182.254.86.150 - - [20/Dec/2016:02:26:23 +0800] "POST /open/bind.php?signature=5db56925834a0ecedb2cb4439fccfea9cfd0e1ee&timestamp=1482171983&nonce=1886162825&encrypt_type=aes&msg_signature=dc8dc24455dbbf6d7a7310033f1a69511524d06d HTTP/1.1" 200 1 "-" "Mozilla/4.0"
182.254.86.150 - - [20/Dec/2016:02:36:06 +0800] "POST /open/bind.php?signature=704d86c65f8e44178ee3b966bdc74a535ffa279a&timestamp=1482172566&nonce=1646603467&encrypt_type=aes&msg_signature=f7540e5c2fff0999e0bf475ce685ed4ba75b7e0a HTTP/1.1" 200 7 "-" "Mozilla/4.0"
182.254.86.145 - - [20/Dec/2016:02:36:08 +0800] "POST /open/bind.php?signature=b3420d58b95531c19ec3c1c98833db063a499a33&timestamp=1482172568&nonce=1458072405&encrypt_type=aes&msg_signature=5df47e02c8764d323d963c5dc4b34ef74046b77c HTTP/1.1" 200 1 "-" "Mozilla/4.0"
1.162.235.155 - - [20/Dec/2016:02:39:53 +0800] "CONNECT mx-tw.mail.gm0.yahoodns.net:25 HTTP/1.0" 200 32 "-" "-"
182.254.86.145 - - [20/Dec/2016:02:44:42 +0800] "POST /open/bind.php?signature=4c74084e41425e2ddd326eb32e7767ae7bfac046&timestamp=1482173081&nonce=546750306&encrypt_type=aes&msg_signature=7d02a31d59fa2df2abb8187ce13cc28b28e0e1e7 HTTP/1.1" 200 1 "-" "Mozilla/4.0"
182.254.86.145 - - [20/Dec/2016:02:44:43 +0800] "POST /open/bind.php?signature=48eb7109bd81b0d4899262995a1431cb47a4b0e4&timestamp=1482173083&nonce=116490984&encrypt_type=aes&msg_signature=9e0e28401e1234134b7c1636a5faa62ec079b509 HTTP/1.1" 200 1 "-" "Mozilla/4.0"
182.254.86.145 - - [20/Dec/2016:02:54:42 +0800] "POST /open/bind.php?signature=8aaacf47cb52ae27d4237d09a9682d2444b8c2e4&timestamp=1482173682&nonce=1762879875&encrypt_type=aes&msg_signature=4a6df5a1be33f5874883d170de3f5d4a917f16d9 HTTP/1.1" 200 7 "-" "Mozilla/4.0"
182.254.86.140 - - [20/Dec/2016:02:54:44 +0800] "POST /open/bind.php?signature=6eeab65a309a9c64d8737d4ded21bd3fc46f5ca7&timestamp=1482173684&nonce=1360824021&encrypt_type=aes&msg_signature=bda780f3287ba8ba361239cbea2768472c58a131 HTTP/1.1" 200 1 "-" "Mozilla/4.0"
1.162.235.155 - - [20/Dec/2016:02:58:44 +0800] "CONNECT mx-tw.mail.gm0.yahoodns.net:25 HTTP/1.0" 200 32 "-" "-"
1.162.235.155 - - [20/Dec/2016:02:59:23 +0800] "CONNECT mx-tw.mail.gm0.yahoodns.net:25 HTTP/1.0" 200 32 "-" "-"
1.162.235.155 - - [20/Dec/2016:02:59:50 +0800] "CONNECT mx-tw.mail.gm0.yahoodns.net:25 HTTP/1.0" 200 32 "-" "-"
1.162.235.155 - - [20/Dec/2016:03:00:05 +0800] "CONNECT mx-tw.mail.gm0.yahoodns.net:25 HTTP/1.0" 200 32 "-" "-"
1.162.235.155 - - [20/Dec/2016:03:00:48 +0800] "CONNECT mx-tw.mail.gm0.yahoodns.net:25 HTTP/1.0" 200 32 "-" "-"
182.254.86.140 - - [20/Dec/2016:03:04:44 +0800] "POST /open/bind.php?signature=a214e635b3fa71af3c64095d4ecf07e1aa8d1f70&timestamp=1482174284&nonce=349590089&encrypt_type=aes&msg_signature=a844daec88f8eefa54603be103b83630cd9c31fd HTTP/1.1" 200 7 "-" "Mozilla/4.0"
182.254.86.155 - - [20/Dec/2016:03:04:46 +0800] "POST /open/bind.php?signature=7d1189581810755aa5174abca3efc5f39ce2a2ef&timestamp=1482174286&nonce=1646450350&encrypt_type=aes&msg_signature=ee26110e676814dfe2ac83ba01f6d563487f81be HTTP/1.1" 200 1 "-" "Mozilla/4.0"
182.254.86.155 - - [20/Dec/2016:03:14:44 +0800] "POST /open/bind.php?signature=a129f4c2f8688ad623b16a7748e6bde513d63b45&timestamp=1482174884&nonce=1311388669&encrypt_type=aes&msg_signature=67bd27b590b447ecd071063fc16e57711f7efe5a HTTP/1.1" 200 7 "-" "Mozilla/4.0"
182.254.86.155 - - [20/Dec/2016:03:14:45 +0800] "POST /open/bind.php?signature=ac91497d9d403ff9ea9f0228a35192e3daa7974e&timestamp=1482174885&nonce=1591496016&encrypt_type=aes&msg_signature=8c37e723735133557c07bc2645b61e07da671fd9 HTTP/1.1" 200 1 "-" "Mozilla/4.0"
23.251.63.45 - - [20/Dec/2016:03:17:30 +0800] "GET http://www.sbjudge2.com/azenv.php HTTP/1.1" 404 289 "-" "Mozilla/5.0 (compatible; MSIE 6.0; Windows NT 5.1; Trident/5.0)"
23.251.63.45 - - [20/Dec/2016:03:17:31 +0800] "CONNECT www.baidu.com:443 HTTP/1.1" 200 32 "-" "-"
1.162.235.155 - - [20/Dec/2016:03:18:48 +0800] "CONNECT mx-tw.mail.gm0.yahoodns.net:25 HTTP/1.0" 200 32 "-" "-"
1.162.235.155 - - [20/Dec/2016:03:19:15 +0800] "CONNECT mx-tw.mail.gm0.yahoodns.net:25 HTTP/1.0" 200 32 "-" "-"
1.162.235.155 - - [20/Dec/2016:03:19:44 +0800] "CONNECT mx-tw.mail.gm0.yahoodns.net:25 HTTP/1.0" 200 32 "-" "-"
