1.162.235.155 - - [20/Dec/2016:03:20:10 +0800] "CONNECT mx-tw.mail.gm0.yahoodns.net:25 HTTP/1.0" 200 32 "-" "-"
182.254.86.155 - - [20/Dec/2016:03:24:37 +0800] "POST /open/bind.php?signature=3d8b6b68a3c758d1842206a8b27aac298725029b&timestamp=1482175477&nonce=1804230079&encrypt_type=aes&msg_signature=d9a8ca6f24f8f9b37eda7261f8dbdb071ae61455 HTTP/1.1" 200 7 "-" "Mozilla/4.0"
182.254.86.155 - - [20/Dec/2016:03:24:38 +0800] "POST /open/bind.php?signature=39b14ae14c3be37a0d9f1c1ae7d77046d11e268e&timestamp=1482175478&nonce=1394184247&encrypt_type=aes&msg_signature=c18465a5a990b523027e414b4e133a6922f279c7 HTTP/1.1" 200 1 "-" "Mozilla/4.0"
182.254.86.150 - - [20/Dec/2016:03:34:43 +0800] "POST /open/bind.php?signature=acb2d02ba866fa9e0d3d0b2486f7c7e794332b86&timestamp=1482176082&nonce=1316802129&encrypt_type=aes&msg_signature=313301fe1c6a1ead4bf0a264771794dc376c8b22 HTTP/1.1" 200 1 "-" "Mozilla/4.0"
182.254.86.145 - - [20/Dec/2016:03:34:44 +0800] "POST /open/bind.php?signature=7de2d4e90f14f20b499d836fa4d364f3330f7bd6&timestamp=1482176084&nonce=1581821838&encrypt_type=aes&msg_signature=af860f656be02a52714db246e3152e9bfbcdbb49 HTTP/1.1" 200 1 "-" "Mozilla/4.0"
1.162.235.155 - - [20/Dec/2016:03:38:29 +0800] "CONNECT mx-tw.mail.gm0.yahoodns.net:25 HTTP/1.0" 200 32 "-" "-"
1.162.235.155 - - [20/Dec/2016:03:39:02 +0800] "CONNECT mx-tw.mail.gm0.yahoodns.net:25 HTTP/1.0" 200 32 "-" "-"
1.162.235.155 - - [20/Dec/2016:03:39:29 +0800] "CONNECT mx-tw.mail.gm0.yahoodns.net:25 HTTP/1.0" 200 32 "-" "-"
1.162.235.155 - - [20/Dec/2016:03:39:58 +0800] "CONNECT mx-tw.mail.gm0.yahoodns.net:25 HTTP/1.0" 200 32 "-" "-"
1.162.235.155 - - [20/Dec/2016:03:40:22 +0800] "CONNECT mx-tw.mail.gm0.yahoodns.net:25 HTTP/1.0" 200 32 "-" "-"
182.254.86.140 - - [20/Dec/2016:03:44:43 +0800] "POST /open/bind.php?signature=add234ebd5fe0dc1f1f1f4e6a581e30497b466f8&timestamp=1482176683&nonce=1402124896&encrypt_type=aes&msg_signature=69edaa7a6cec9ea837430f939b98d2b387700454 HTTP/1.1" 200 7 "-" "Mozilla/4.0"
182.254.86.140 - - [20/Dec/2016:03:44:45 +0800] "POST /open/bind.php?signature=14874fd79830e8b09abe3c312b9ff288bacd6e59&timestamp=1482176684&nonce=1959780462&encrypt_type=aes&msg_signature=4d6b2aeee181d5b520feb46fe899c637d3c32c31 HTTP/1.1" 200 1 "-" "Mozilla/4.0"
101.226.99.197 - - [20/Dec/2016:03:49:50 +0800] "GET /open/bind.php?signature%3Da48cc14c12711726e5afb0a98f077c92d56ff897%26timestamp%3D1482152687%26nonce%3D128719266%26encrypt_type%3Daes%26msg_signature%3D8f5c7ce581cb35383bf178b19afbf928ca214f45 HTTP/1.1" 200 1 "-" "Mozilla/5.0 (compatible; MSIE 9.0; Windows NT 6.1; Trident/5.0)"
182.254.86.150 - - [20/Dec/2016:03:54:40 +0800] "POST /open/bind.php?signature=41c2f64f84185e7f67e7129de3f1afa470dca6e8&timestamp=1482177280&nonce=496448637&encrypt_type=aes&msg_signature=867e7c627115731f73967111767d58a20e25d43c HTTP/1.1" 200 7 "-" "Mozilla/4.0"
182.254.86.155 - - [20/Dec/2016:03:54:42 +0800] "POST /open/bind.php?signature=c15d221f25dd7db1762d3aa9c55c97586e48ce56&timestamp=1482177282&nonce=1010717308&encrypt_type=aes&msg_signature=c3c7533557a33c9308f7650a1c5d1af3dbdc5aad HTTP/1.1" 200 1 "-" "Mozilla/4.0"
1.162.235.155 - - [20/Dec/2016:03:58:24 +0800] "CONNECT mx-tw.mail.gm0.yahoodns.net:25 HTTP/1.0" 200 32 "-" "-"
1.162.235.155 - - [20/Dec/2016:03:58:49 +0800] "CONNECT mx-tw.mail.gm0.yahoodns.net:25 HTTP/1.0" 200 32 "-" "-"
1.162.235.155 - - [20/Dec/2016:03:59:22 +0800] "CONNECT mx-tw.mail.gm0.yahoodns.net:25 HTTP/1.0" 200 32 "-" "-"
1.162.235.155 - - [20/Dec/2016:04:00:03 +0800] "CONNECT mx-tw.mail.gm0.yahoodns.net:25 HTTP/1.0" 200 32 "-" "-"
101.226.89.117 - - [20/Dec/2016:04:02:53 +0800] "GET /open/bind.php?signature%3Dac6c92db0670db10e47e20515c626f3f7722bdb0%26timestamp%3D1482161687%26nonce%3D1173387225%26encrypt_type%3Daes%26msg_signature%3Ded5d150433b4a67d8b9d5ef77b9b773d936f7c7c HTTP/1.1" 200 1 "-" "Mozilla/5.0 (compatible; MSIE 9.0; Windows NT 6.1; Trident/5.0)"
182.254.86.150 - - [20/Dec/2016:04:04:43 +0800] "POST /open/bind.php?signature=7fa31572b67b950defdd9d290859c8534a381a71&timestamp=1482177883&nonce=966894856&encrypt_type=aes&msg_signature=7827b86b63eb56039192b426d4670ee863d2e9ee HTTP/1.1" 200 7 "-" "Mozilla/4.0"
182.254.86.155 - - [20/Dec/2016:04:04:45 +0800] "POST /open/bind.php?signature=f904cce22611b7d86612e975010c5a812b98185e&timestamp=1482177885&nonce=79977723&encrypt_type=aes&msg_signature=3cd8a181af8bf92286eac305722ac7d5271e5fbb HTTP/1.1" 200 1 "-" "Mozilla/4.0"
182.254.86.150 - - [20/Dec/2016:04:14:38 +0800] "POST /open/bind.php?signature=d72f3f3306d23766451c20138452438e782f7d26&timestamp=1482178478&nonce=1663537669&encrypt_type=aes&msg_signature=282c75774c31f0a81ae95d2c4075fdd24b9def11 HTTP/1.1" 200 7 "-" "Mozilla/4.0"
182.254.86.140 - - [20/Dec/2016:04:14:39 +0800] "POST /open/bind.php?signature=0c47005c01958b63400bb7787aad81e59b3e6c27&timestamp=1482178479&nonce=943715935&encrypt_type=aes&msg_signature=c32703433bd105aa355776add0c4cef21465503d HTTP/1.1" 200 1 "-" "Mozilla/4.0"
101.226.89.116 - - [20/Dec/2016:04:16:48 +0800] "GET /open/bind.php?signature%3Dc928e68428d4a7a7001938afc7ce50dfb5f3645f%26timestamp%3D1482165889%26nonce%3D1184810681%26encrypt_type%3Daes%26msg_signature%3De853c9e13debf8af36804e6709b7be3c4f864b35 HTTP/1.1" 200 1 "-" "Mozilla/5.0 (compatible; MSIE 9.0; Windows NT 6.1; WOW64; Trident/5.0)"
1.162.235.155 - - [20/Dec/2016:04:18:08 +0800] "CONNECT mx-tw.mail.gm0.yahoodns.net:25 HTTP/1.0" 200 32 "-" "-"
1.162.235.155 - - [20/Dec/2016:04:18:42 +0800] "CONNECT mx-tw.mail.gm0.yahoodns.net:25 HTTP/1.0" 200 32 "-" "-"
1.162.235.155 - - [20/Dec/2016:04:19:08 +0800] "CONNECT mx-tw.mail.gm0.yahoodns.net:25 HTTP/1.0" 200 32 "-" "-"
1.162.235.155 - - [20/Dec/2016:04:19:44 +0800] "CONNECT mx-tw.mail.gm0.yahoodns.net:25 HTTP/1.0" 200 32 "-" "-"
182.254.86.150 - - [20/Dec/2016:04:24:34 +0800] "POST /open/bind.php?signature=a44db82de4e8847f0a7d9dfc4fc8c0e211fe417e&timestamp=1482179074&nonce=1345045349&encrypt_type=aes&msg_signature=5327443d72e5f582407977388310593109e7ed7b HTTP/1.1" 200 7 "-" "Mozilla/4.0"
182.254.86.155 - - [20/Dec/2016:04:24:35 +0800] "POST /open/bind.php?signature=6e5c77722e91eb81e551e01499cafc41c99c4a9e&timestamp=1482179075&nonce=1496379264&encrypt_type=aes&msg_signature=bc50bdeeac380980c296d672adf085a9a1190b4a HTTP/1.1" 200 1 "-" "Mozilla/4.0"
182.254.86.155 - - [20/Dec/2016:04:34:31 +0800] "POST /open/bind.php?signature=53688e952ebc3ce37ba035fa04d079e8c0110c75&timestamp=1482179671&nonce=1828822049&encrypt_type=aes&msg_signature=cf87e1a4d9289dd247863f5fd4f824e003879cc3 HTTP/1.1" 200 7 "-" "Mozilla/4.0"
182.254.86.150 - - [20/Dec/2016:04:34:33 +0800] "POST /open/bind.php?signature=bfb3e6a653903e0032f58ba709503442b68f4668&timestamp=1482179673&nonce=883589441&encrypt_type=aes&msg_signature=2f4f17f558fc5652577761d6407563f675d56186 HTTP/1.1" 200 1 "-" "Mozilla/4.0"
1.162.235.155 - - [20/Dec/2016:04:38:21 +0800] "CONNECT mx-tw.mail.gm0.yahoodns.net:25 HTTP/1.0" 200 32 "-" "-"
1.162.235.155 - - [20/Dec/2016:04:38:48 +0800] "CONNECT mx-tw.mail.gm0.yahoodns.net:25 HTTP/1.0" 200 32 "-" "-"
1.162.235.155 - - [20/Dec/2016:04:39:08 +0800] "CONNECT mx-tw.mail.gm0.yahoodns.net:25 HTTP/1.0" 200 32 "-" "-"
1.162.235.155 - - [20/Dec/2016:04:39:47 +0800] "CONNECT mx-tw.mail.gm0.yahoodns.net:25 HTTP/1.0" 200 32 "-" "-"
182.254.86.155 - - [20/Dec/2016:04:44:33 +0800] "POST /open/bind.php?signature=56b65e23be089399ddfd4c8aee3e596d6959eb26&timestamp=1482180273&nonce=385550345&encrypt_type=aes&msg_signature=3b531ee6136c65bb9074e8898d394c928d480aca HTTP/1.1" 200 7 "-" "Mozilla/4.0"
182.254.86.140 - - [20/Dec/2016:04:44:35 +0800] "POST /open/bind.php?signature=34d9728e29442ac38de8f6120d6e0df9ef822a74&timestamp=1482180275&nonce=428824310&encrypt_type=aes&msg_signature=2105f531ac32bb2af9bdc5815faf2b7041f6c977 HTTP/1.1" 200 1 "-" "Mozilla/4.0"
182.254.86.145 - - [20/Dec/2016:04:54:35 +0800] "POST /open/bind.php?signature=688158c029b40c92636dc30ccc18859d7a2bff34&timestamp=1482180875&nonce=585846569&encrypt_type=aes&msg_signature=4e98ab28d4c39f2c377e51d10cb4ac16fc78ad40 HTTP/1.1" 200 7 "-" "Mozilla/4.0"
182.254.86.140 - - [20/Dec/2016:04:54:37 +0800] "POST /open/bind.php?signature=4a8c9818229a613e76d7ee5f4c89574d0620dc20&timestamp=1482180877&nonce=254676591&encrypt_type=aes&msg_signature=c5f062bf549cfb9b3c5394c12629ff8e375ba51f HTTP/1.1" 200 1 "-" "Mozilla/4.0"
23.251.63.45 - - [20/Dec/2016:04:56:27 +0800] "GET http://proxyjudge.us/ HTTP/1.1" 200 32 "-" "Mozilla/5.0 (compatible; MSIE 6.0; Windows NT 5.1; Trident/5.0)"
23.251.63.45 - - [20/Dec/2016:04:56:28 +0800] "CONNECT www.baidu.com:443 HTTP/1.1" 200 32 "-" "-"
1.162.235.155 - - [20/Dec/2016:04:58:50 +0800] "CONNECT mx-tw.mail.gm0.yahoodns.net:25 HTTP/1.0" 200 32 "-" "-"
1.162.235.155 - - [20/Dec/2016:04:59:18 +0800] "CONNECT mx-tw.mail.gm0.yahoodns.net:25 HTTP/1.0" 200 32 "-" "-"
1.162.235.155 - - [20/Dec/2016:04:59:40 +0800] "CONNECT mx-tw.mail.gm0.yahoodns.net:25 HTTP/1.0" 200 32 "-" "-"
23.251.63.45 - - [20/Dec/2016:05:00:45 +0800] "GET http://www.luisaranguren.com/azenv.php HTTP/1.1" 404 294 "-" "Mozilla/5.0 (compatible; MSIE 6.0; Windows NT 5.1; Trident/5.0)"
23.251.63.45 - - [20/Dec/2016:05:00:45 +0800] "CONNECT www.alipay.com:443 HTTP/1.1" 200 32 "-" "-"
182.254.86.140 - - [20/Dec/2016:05:04:36 +0800] "POST /open/bind.php?signature=84d76a8a6851433ed76e26412a1d28b5fb44faec&timestamp=1482181476&nonce=891597748&encrypt_type=aes&msg_signature=11bb2f1e7908e76da6a737c218fe65bf9ec827f0 HTTP/1.1" 200 7 "-" "Mozilla/4.0"
182.254.86.155 - - [20/Dec/2016:05:04:37 +0800] "POST /open/bind.php?signature=2d15cb2dd8eb4e53e5f5db4a831cbcaa30d1d237&timestamp=1482181477&nonce=1699381502&encrypt_type=aes&msg_signature=e51ae699c147c9343b8dd4dac59356df5fbe5962 HTTP/1.1" 200 1 "-" "Mozilla/4.0"
180.153.206.20 - - [20/Dec/2016:05:14:02 +0800] "GET /open/bind.php?signature%3Dbf8e1471705ca26d58c75b669ee4e49cc24bb025%26timestamp%3D1482170077%26nonce%3D1048655851%26encrypt_type%3Daes%26msg_signature%3D29ec961b908b823dabb5cb6e6a8c19548a2591ae HTTP/1.1" 200 1 "-" "Mozilla/5.0 (Windows NT 5.1) AppleWebKit/537.36 (KHTML, like Gecko) Chrome/45.0.2454.101 Safari/537.36"
182.254.86.150 - - [20/Dec/2016:05:14:40 +0800] "POST /open/bind.php?signature=0420ea06976fd46596ee4e986011aa46267cded4&timestamp=1482182080&nonce=1373018684&encrypt_type=aes&msg_signature=c874af660f71d15e07995ae9664082705d041207 HTTP/1.1" 200 7 "-" "Mozilla/4.0"
182.254.86.155 - - [20/Dec/2016:05:14:42 +0800] "POST /open/bind.php?signature=819384860c5356ab41f325af04fb26162cec6add&timestamp=1482182082&nonce=481685039&encrypt_type=aes&msg_signature=a345572e73080cd83de4f4a3b6ae6ff2bda7236d HTTP/1.1" 200 1 "-" "Mozilla/4.0"
1.162.235.155 - - [20/Dec/2016:05:18:00 +0800] "CONNECT mx-tw.mail.gm0.yahoodns.net:25 HTTP/1.0" 200 32 "-" "-"
1.162.235.155 - - [20/Dec/2016:05:18:41 +0800] "CONNECT mx-tw.mail.gm0.yahoodns.net:25 HTTP/1.0" 200 32 "-" "-"
1.162.235.155 - - [20/Dec/2016:05:18:57 +0800] "CONNECT mx-tw.mail.gm0.yahoodns.net:25 HTTP/1.0" 200 32 "-" "-"
1.162.235.155 - - [20/Dec/2016:05:19:22 +0800] "CONNECT mx-tw.mail.gm0.yahoodns.net:25 HTTP/1.0" 200 32 "-" "-"
182.254.86.140 - - [20/Dec/2016:05:24:38 +0800] "POST /open/bind.php?signature=408828790d882bd71487d94e5ee2006eba89bc58&timestamp=1482182678&nonce=1364562438&encrypt_type=aes&msg_signature=072ebfe95e896f6a62df5a6e9d7942a525dd787e HTTP/1.1" 200 7 "-" "Mozilla/4.0"
182.254.86.145 - - [20/Dec/2016:05:24:40 +0800] "POST /open/bind.php?signature=ab69d28e5ff9e70f975027e5ce92d891ddd6f157&timestamp=1482182680&nonce=2023203827&encrypt_type=aes&msg_signature=139508d3040320e240e43314e26c92bbbbdb5ec0 HTTP/1.1" 200 1 "-" "Mozilla/4.0"
182.254.86.145 - - [20/Dec/2016:05:33:57 +0800] "POST /open/bind.php?signature=8b6c763d576885ae7a1e3ee72556dcea52365cc7&timestamp=1482183237&nonce=694515258&encrypt_type=aes&msg_signature=0c9d226fe964b41e0658feb9a5536ddb7d63b47d HTTP/1.1" 200 7 "-" "Mozilla/4.0"
182.254.86.155 - - [20/Dec/2016:05:33:59 +0800] "POST /open/bind.php?signature=9617cfc8ae6f0a8ad737fbf359c1cc588e3c6347&timestamp=1482183239&nonce=212728638&encrypt_type=aes&msg_signature=0f00478d6b8bf708287ad54d7e802505d7eabfc6 HTTP/1.1" 200 1 "-" "Mozilla/4.0"
1.162.235.155 - - [20/Dec/2016:05:37:33 +0800] "CONNECT mx-tw.mail.gm0.yahoodns.net:25 HTTP/1.0" 200 32 "-" "-"
1.162.235.155 - - [20/Dec/2016:05:38:03 +0800] "CONNECT mx-tw.mail.gm0.yahoodns.net:25 HTTP/1.0" 200 32 "-" "-"
1.162.235.155 - - [20/Dec/2016:05:38:34 +0800] "CONNECT mx-tw.mail.gm0.yahoodns.net:25 HTTP/1.0" 200 32 "-" "-"
1.162.235.155 - - [20/Dec/2016:05:39:02 +0800] "CONNECT mx-tw.mail.gm0.yahoodns.net:25 HTTP/1.0" 200 32 "-" "-"
1.162.235.155 - - [20/Dec/2016:05:39:30 +0800] "CONNECT mx-tw.mail.gm0.yahoodns.net:25 HTTP/1.0" 200 32 "-" "-"
95.213.187.189 - - [20/Dec/2016:05:42:55 +0800] "CONNECT check.best-proxies.ru:80 HTTP/1.1" 400 313 "-" "-"
182.254.86.140 - - [20/Dec/2016:05:44:34 +0800] "POST /open/bind.php?signature=d0b691bfc01713b780c7eb2ca51427e47f0a33b9&timestamp=1482183874&nonce=675859729&encrypt_type=aes&msg_signature=4ce5b96d76ee51343b28a1e3b6e2b3bb40117c6f HTTP/1.1" 200 7 "-" "Mozilla/4.0"
182.254.86.140 - - [20/Dec/2016:05:44:36 +0800] "POST /open/bind.php?signature=42583face48e50b99f4694bb421a33e81bee7311&timestamp=1482183876&nonce=2039209647&encrypt_type=aes&msg_signature=06848ebf51995b8e1aef167c319e04dcf1400041 HTTP/1.1" 200 1 "-" "Mozilla/4.0"
180.153.214.192 - - [20/Dec/2016:05:45:30 +0800] "GET /weixin/normal/server-url.php?signature%252525253Db9a58ecb63e8cc40f0b03d3b65b3b25bcde982dd%2525252526echostr%252525253D4768739762689228222%2525252526timestamp%252525253D1482111390%2525252526nonce%252525253D2064304374 HTTP/1.1" 200 - "-" "Mozilla/5.0 (Windows NT 5.1) AppleWebKit/537.36 (KHTML, like Gecko) Chrome/45.0.2454.101 Safari/537.36"
182.254.86.155 - - [20/Dec/2016:05:54:16 +0800] "POST /open/bind.php?signature=dd25b1c7c7404e57c690f4ce71a530303bb6b24d&timestamp=1482184456&nonce=415271007&encrypt_type=aes&msg_signature=be4716793582b80c3a1747c61cd1e7e8a42d780f HTTP/1.1" 200 7 "-" "Mozilla/4.0"
182.254.86.145 - - [20/Dec/2016:05:54:17 +0800] "POST /open/bind.php?signature=0b2d9bb8312e20787d290453a883be0167f5ba0b&timestamp=1482184457&nonce=1577881103&encrypt_type=aes&msg_signature=bc912d100e7754a7fecae31b89b8e964ebf755d9 HTTP/1.1" 200 1 "-" "Mozilla/4.0"
180.153.211.190 - - [20/Dec/2016:05:54:32 +0800] "GET /open/bind.php?signature%3Df899a314c137f485b242d01e99fd7afe5c8d9224%26timestamp%3D1482150280%26nonce%3D1913458557%26encrypt_type%3Daes%26msg_signature%3D669b861b1fab8a771dd877e6d98c541a0b2aba5c HTTP/1.1" 200 1 "-" "Mozilla/5.0 (compatible; MSIE 9.0; Windows NT 6.1; Trident/5.0)"
1.162.235.155 - - [20/Dec/2016:05:57:24 +0800] "CONNECT mx-tw.mail.gm0.yahoodns.net:25 HTTP/1.0" 200 32 "-" "-"
1.162.235.155 - - [20/Dec/2016:05:58:01 +0800] "CONNECT mx-tw.mail.gm0.yahoodns.net:25 HTTP/1.0" 200 32 "-" "-"
1.162.235.155 - - [20/Dec/2016:05:58:21 +0800] "CONNECT mx-tw.mail.gm0.yahoodns.net:25 HTTP/1.0" 200 32 "-" "-"
1.162.235.155 - - [20/Dec/2016:05:58:39 +0800] "CONNECT mx-tw.mail.gm0.yahoodns.net:25 HTTP/1.0" 200 32 "-" "-"
1.162.235.155 - - [20/Dec/2016:05:59:10 +0800] "CONNECT mx-tw.mail.gm0.yahoodns.net:25 HTTP/1.0" 200 32 "-" "-"
182.254.86.150 - - [20/Dec/2016:06:04:39 +0800] "POST /open/bind.php?signature=d098ca22b486207c464430b5a3e8c82330276e32&timestamp=1482185079&nonce=95120905&encrypt_type=aes&msg_signature=90a7b3a8384a2c5e7630d47f780a13d3ee19767b HTTP/1.1" 200 7 "-" "Mozilla/4.0"
182.254.86.140 - - [20/Dec/2016:06:04:41 +0800] "POST /open/bind.php?signature=b10b89e1a896e299fbbfb3efb6332a3493b2f3cd&timestamp=1482185081&nonce=1293465726&encrypt_type=aes&msg_signature=8702f09ddbafbb082f27a54b41f909a415c7ef0b HTTP/1.1" 200 1 "-" "Mozilla/4.0"
182.254.86.150 - - [20/Dec/2016:06:14:40 +0800] "POST /open/bind.php?signature=f6137d7f14fe01aa6c9baa2d051583ee80b9b288&timestamp=1482185680&nonce=810671444&encrypt_type=aes&msg_signature=3654155920c306f7d2e03b4ff328158cd8a18974 HTTP/1.1" 200 7 "-" "Mozilla/4.0"
182.254.86.140 - - [20/Dec/2016:06:14:42 +0800] "POST /open/bind.php?signature=d3f90685a169d8e501e8b88638ee1ddf73dbcd72&timestamp=1482185682&nonce=1489189204&encrypt_type=aes&msg_signature=487407da0a73c905851f33a35129055bc6f16aae HTTP/1.1" 200 1 "-" "Mozilla/4.0"
1.162.235.155 - - [20/Dec/2016:06:17:11 +0800] "CONNECT mx-tw.mail.gm0.yahoodns.net:25 HTTP/1.0" 200 32 "-" "-"
1.162.235.155 - - [20/Dec/2016:06:17:49 +0800] "CONNECT mx-tw.mail.gm0.yahoodns.net:25 HTTP/1.0" 200 32 "-" "-"
1.162.235.155 - - [20/Dec/2016:06:18:04 +0800] "CONNECT mx-tw.mail.gm0.yahoodns.net:25 HTTP/1.0" 200 32 "-" "-"
1.162.235.155 - - [20/Dec/2016:06:18:42 +0800] "CONNECT mx-tw.mail.gm0.yahoodns.net:25 HTTP/1.0" 200 32 "-" "-"
182.254.86.145 - - [20/Dec/2016:06:24:56 +0800] "POST /open/bind.php?signature=2a18808b73f4ffe6631c0661bb3540b3bfa87a2c&timestamp=1482186296&nonce=1281487580&encrypt_type=aes&msg_signature=d6272f97d7120f27f5c93fb8360e23ff211f011f HTTP/1.1" 200 7 "-" "Mozilla/4.0"
182.254.86.145 - - [20/Dec/2016:06:24:58 +0800] "POST /open/bind.php?signature=ba002de6ff0fac1517885fcd25f286fa1a506ba8&timestamp=1482186298&nonce=1392884844&encrypt_type=aes&msg_signature=2952f065ab74bab8d87e9415a096957b684dbf55 HTTP/1.1" 200 1 "-" "Mozilla/4.0"
23.251.63.45 - - [20/Dec/2016:06:27:39 +0800] "GET http://proxyjudge.us/ HTTP/1.1" 200 32 "-" "Mozilla/5.0 (compatible; MSIE 6.0; Windows NT 5.1; Trident/5.0)"
23.251.63.45 - - [20/Dec/2016:06:27:39 +0800] "CONNECT www.baidu.com:443 HTTP/1.1" 200 32 "-" "-"
23.251.63.45 - - [20/Dec/2016:06:31:45 +0800] "GET http://proxyjudge.us/ HTTP/1.1" 200 32 "-" "Mozilla/5.0 (compatible; MSIE 6.0; Windows NT 5.1; Trident/5.0)"
23.251.63.45 - - [20/Dec/2016:06:31:45 +0800] "CONNECT www.baidu.com:443 HTTP/1.1" 200 32 "-" "-"
182.254.86.155 - - [20/Dec/2016:06:34:38 +0800] "POST /open/bind.php?signature=1ebd59def54456f1058a538185d49315215e3076&timestamp=1482186878&nonce=537022413&encrypt_type=aes&msg_signature=d1d41f2129d4d3e6d4d9ec988fb266755b2efaae HTTP/1.1" 200 7 "-" "Mozilla/4.0"
182.254.86.155 - - [20/Dec/2016:06:34:40 +0800] "POST /open/bind.php?signature=aaa700494db6b437cf6ff3b378d7d93242393a18&timestamp=1482186880&nonce=1722769433&encrypt_type=aes&msg_signature=0e1700784235cd4adeaf7052ea6a9b0947080f3f HTTP/1.1" 200 1 "-" "Mozilla/4.0"
1.162.235.155 - - [20/Dec/2016:06:37:08 +0800] "CONNECT mx-tw.mail.gm0.yahoodns.net:25 HTTP/1.0" 200 32 "-" "-"
1.162.235.155 - - [20/Dec/2016:06:37:36 +0800] "CONNECT mx-tw.mail.gm0.yahoodns.net:25 HTTP/1.0" 200 32 "-" "-"
1.162.235.155 - - [20/Dec/2016:06:38:03 +0800] "CONNECT mx-tw.mail.gm0.yahoodns.net:25 HTTP/1.0" 200 32 "-" "-"
1.162.235.155 - - [20/Dec/2016:06:38:40 +0800] "CONNECT mx-tw.mail.gm0.yahoodns.net:25 HTTP/1.0" 200 32 "-" "-"
1.162.235.155 - - [20/Dec/2016:06:39:02 +0800] "CONNECT mx-tw.mail.gm0.yahoodns.net:25 HTTP/1.0" 200 32 "-" "-"
42.118.12.91 - - [20/Dec/2016:06:44:00 +0800] "GET / HTTP/1.0" 200 32 "-" "Mozilla/5.0 (compatible; Googlebot/2.1; +http://www.google.com/bot.html)"
182.254.86.155 - - [20/Dec/2016:06:44:39 +0800] "POST /open/bind.php?signature=855e6bd38f025115c84bbb42b3559d97880fbe5d&timestamp=1482187479&nonce=627463950&encrypt_type=aes&msg_signature=ffcb0b909294663f3093a148e18aa5aa7d706cc7 HTTP/1.1" 200 7 "-" "Mozilla/4.0"
182.254.86.145 - - [20/Dec/2016:06:44:40 +0800] "POST /open/bind.php?signature=0c2894f947a41877ef517810d2f16b3e7221b34e&timestamp=1482187480&nonce=1714839654&encrypt_type=aes&msg_signature=bd47cfd52b965517a4a9a3b2952c57d33dec64f7 HTTP/1.1" 200 1 "-" "Mozilla/4.0"
123.151.42.61 - - [20/Dec/2016:06:52:57 +0800] "GET http://www.baidu.com/ HTTP/1.1" 200 32 "-" "-"
182.254.86.145 - - [20/Dec/2016:06:54:34 +0800] "POST /open/bind.php?signature=f68d4f931288c1d5939a825c7270bb2a1b66e74c&timestamp=1482188074&nonce=1780238611&encrypt_type=aes&msg_signature=0af275940fb615ab6824df729bd11be7ad52fbca HTTP/1.1" 200 7 "-" "Mozilla/4.0"
182.254.86.145 - - [20/Dec/2016:06:54:36 +0800] "POST /open/bind.php?signature=3d9b68bc42fc585911767ebd5407af17d531c42b&timestamp=1482188076&nonce=137108347&encrypt_type=aes&msg_signature=cd7ad6eda2a6927d5d45639d01c6c073b04257d8 HTTP/1.1" 200 1 "-" "Mozilla/4.0"
1.162.235.155 - - [20/Dec/2016:06:57:04 +0800] "CONNECT mx-tw.mail.gm0.yahoodns.net:25 HTTP/1.0" 200 32 "-" "-"
1.162.235.155 - - [20/Dec/2016:06:57:39 +0800] "CONNECT mx-tw.mail.gm0.yahoodns.net:25 HTTP/1.0" 200 32 "-" "-"
1.162.235.155 - - [20/Dec/2016:06:57:58 +0800] "CONNECT mx-tw.mail.gm0.yahoodns.net:25 HTTP/1.0" 200 32 "-" "-"
1.162.235.155 - - [20/Dec/2016:06:58:29 +0800] "CONNECT mx-tw.mail.gm0.yahoodns.net:25 HTTP/1.0" 200 32 "-" "-"
1.162.235.155 - - [20/Dec/2016:06:59:01 +0800] "CONNECT mx-tw.mail.gm0.yahoodns.net:25 HTTP/1.0" 200 32 "-" "-"
182.254.86.145 - - [20/Dec/2016:07:04:41 +0800] "POST /open/bind.php?signature=a49b7c75996c0e2a9f34930bcaa880fe56a95144&timestamp=1482188681&nonce=631230046&encrypt_type=aes&msg_signature=99b22785485ff0d1a64a5b0456e4cc9c10942954 HTTP/1.1" 200 7 "-" "Mozilla/4.0"
182.254.86.155 - - [20/Dec/2016:07:04:43 +0800] "POST /open/bind.php?signature=a1fab593b145d43fbba91a2400b8501e65f71def&timestamp=1482188683&nonce=1113943062&encrypt_type=aes&msg_signature=04597178d68eaeed038029c058eea13f99c0d42f HTTP/1.1" 200 1 "-" "Mozilla/4.0"
115.231.222.145 - - [20/Dec/2016:07:12:57 +0800] "GET /axis2 HTTP/1.1" 404 282 "-" "python-requests/2.7.0 CPython/2.7.9 Windows/2003Server"
115.231.222.145 - - [20/Dec/2016:07:13:00 +0800] "GET / HTTP/1.1" 200 32 "-" "python-requests/2.7.0 CPython/2.7.9 Windows/2003Server"
182.254.86.150 - - [20/Dec/2016:07:14:39 +0800] "POST /open/bind.php?signature=ba145bda7543298306a5696c5fe5d7dbee3c6c6d&timestamp=1482189278&nonce=1306472679&encrypt_type=aes&msg_signature=5eeb86b0f0f117f0d623ecf14eb3e828c6c65ff2 HTTP/1.1" 200 1 "-" "Mozilla/4.0"
182.254.86.155 - - [20/Dec/2016:07:14:40 +0800] "POST /open/bind.php?signature=6655eab915f8a13711c4b178bb1439d4f6df26a7&timestamp=1482189280&nonce=786846487&encrypt_type=aes&msg_signature=e7bce57621ebccbf686e23a14af19dec62118073 HTTP/1.1" 200 1 "-" "Mozilla/4.0"
1.162.235.155 - - [20/Dec/2016:07:16:56 +0800] "CONNECT mx-tw.mail.gm0.yahoodns.net:25 HTTP/1.0" 200 32 "-" "-"
1.162.235.155 - - [20/Dec/2016:07:17:29 +0800] "CONNECT mx-tw.mail.gm0.yahoodns.net:25 HTTP/1.0" 200 32 "-" "-"
1.162.235.155 - - [20/Dec/2016:07:17:46 +0800] "CONNECT mx-tw.mail.gm0.yahoodns.net:25 HTTP/1.0" 200 32 "-" "-"
1.162.235.155 - - [20/Dec/2016:07:18:24 +0800] "CONNECT mx-tw.mail.gm0.yahoodns.net:25 HTTP/1.0" 200 32 "-" "-"
1.162.235.155 - - [20/Dec/2016:07:18:48 +0800] "CONNECT mx-tw.mail.gm0.yahoodns.net:25 HTTP/1.0" 200 32 "-" "-"
182.254.86.140 - - [20/Dec/2016:07:24:40 +0800] "POST /open/bind.php?signature=805255a2abdf3e8bbba18ed2b7b7f277b2fdf89b&timestamp=1482189880&nonce=1949462971&encrypt_type=aes&msg_signature=e4dda87c0044918cb0465f3bad67d8efb9e5810c HTTP/1.1" 200 7 "-" "Mozilla/4.0"
182.254.86.150 - - [20/Dec/2016:07:24:42 +0800] "POST /open/bind.php?signature=cf839b862fbe0b2201e0fad06da78f4d7647ad76&timestamp=1482189882&nonce=1611591095&encrypt_type=aes&msg_signature=656d4963891dc71c87d6630c638a62bb4a9dd3de HTTP/1.1" 200 1 "-" "Mozilla/4.0"
51.15.55.19 - - [20/Dec/2016:07:29:01 +0800] "GET /xmlrpc.php HTTP/1.1" 404 287 "-" "PycURL/7.19.5 libcurl/7.38.0 GnuTLS/3.3.8 zlib/1.2.8 libidn/1.29 libssh2/1.4.3 librtmp/2.3"
182.254.86.155 - - [20/Dec/2016:07:34:41 +0800] "POST /open/bind.php?signature=e0e6024f6eb267bab52c0540e36f5c73060b9d8a&timestamp=1482190481&nonce=2064292303&encrypt_type=aes&msg_signature=aaccb11807d25f30f14bc74488fa0435cb3ad1de HTTP/1.1" 200 7 "-" "Mozilla/4.0"
182.254.86.140 - - [20/Dec/2016:07:34:43 +0800] "POST /open/bind.php?signature=2caa4a143873a53d4c9756829ef23f05e7c1ce82&timestamp=1482190483&nonce=2048718095&encrypt_type=aes&msg_signature=46ed0ad6fe8868dc6ee19e7f4e2e4e45f2e35c2f HTTP/1.1" 200 1 "-" "Mozilla/4.0"
1.162.235.155 - - [20/Dec/2016:07:37:41 +0800] "CONNECT mx-tw.mail.gm0.yahoodns.net:25 HTTP/1.0" 200 32 "-" "-"
182.254.86.155 - - [20/Dec/2016:07:44:22 +0800] "POST /open/bind.php?signature=cc8822137e9610bdba9f4cccb48127c3d8d2623f&timestamp=1482191062&nonce=1452412387&encrypt_type=aes&msg_signature=b8070a88b4e9e2020a23e707e609bb1431c3e53f HTTP/1.1" 200 7 "-" "Mozilla/4.0"
182.254.86.145 - - [20/Dec/2016:07:44:24 +0800] "POST /open/bind.php?signature=54a3536b0c3b4d1453f4b261df8d0211f87d8116&timestamp=1482191064&nonce=1199312195&encrypt_type=aes&msg_signature=478f5c580fc342b107bf09dbdf0d48b075e5ef6d HTTP/1.1" 200 1 "-" "Mozilla/4.0"
182.254.86.145 - - [20/Dec/2016:07:54:38 +0800] "POST /open/bind.php?signature=c49e27752de2ba53aaf64fb4a3c5daae4533238b&timestamp=1482191678&nonce=151994075&encrypt_type=aes&msg_signature=b85e64becb4c10e87d2f77f3309c2a140539efdb HTTP/1.1" 200 7 "-" "Mozilla/4.0"
182.254.86.150 - - [20/Dec/2016:07:54:40 +0800] "POST /open/bind.php?signature=8a3b949de0bb50c29d757d0883fb76179f333c9c&timestamp=1482191680&nonce=26039476&encrypt_type=aes&msg_signature=27882e20edb714b71fcc3bc980da44186e7c5a2e HTTP/1.1" 200 1 "-" "Mozilla/4.0"
1.162.235.155 - - [20/Dec/2016:07:56:29 +0800] "CONNECT mx-tw.mail.gm0.yahoodns.net:25 HTTP/1.0" 200 32 "-" "-"
1.162.235.155 - - [20/Dec/2016:07:57:37 +0800] "CONNECT mx-tw.mail.gm0.yahoodns.net:25 HTTP/1.0" 200 32 "-" "-"
182.254.86.140 - - [20/Dec/2016:08:04:58 +0800] "POST /open/bind.php?signature=38547a23731f07a279c051e4a0c2f40c8cf90384&timestamp=1482192298&nonce=722942369&encrypt_type=aes&msg_signature=bece7b834f405a0e9f8204cdcb5631bbc51cb5e9 HTTP/1.1" 200 7 "-" "Mozilla/4.0"
182.254.86.145 - - [20/Dec/2016:08:05:00 +0800] "POST /open/bind.php?signature=ebe819c5fcfba057acef5c1d2cfc72d0ec42bd7e&timestamp=1482192300&nonce=951925807&encrypt_type=aes&msg_signature=144cb6e3550930e3e649dce10649b346dc309b0f HTTP/1.1" 200 1 "-" "Mozilla/4.0"
101.226.89.122 - - [20/Dec/2016:08:11:15 +0800] "GET /weixin/normal/server-url.php?signature%25252525253Db9a58ecb63e8cc40f0b03d3b65b3b25bcde982dd%252525252526echostr%25252525253D4768739762689228222%252525252526timestamp%25252525253D1482111390%252525252526nonce%25252525253D2064304374 HTTP/1.1" 200 - "-" "Mozilla/5.0 (compatible; MSIE 9.0; Windows NT 6.1; WOW64; Trident/5.0)"
23.251.63.45 - - [20/Dec/2016:08:13:07 +0800] "GET http://www.sbjudge2.com/azenv.php HTTP/1.1" 404 289 "-" "Mozilla/5.0 (compatible; MSIE 6.0; Windows NT 5.1; Trident/5.0)"
23.251.63.45 - - [20/Dec/2016:08:13:08 +0800] "CONNECT www.baidu.com:443 HTTP/1.1" 200 32 "-" "-"
182.254.86.145 - - [20/Dec/2016:08:14:41 +0800] "POST /open/bind.php?signature=37235ed45cb607b04cb6719f272f456dffad3212&timestamp=1482192881&nonce=1895343562&encrypt_type=aes&msg_signature=0fa642c5f240b64a225ba325715d74606442899a HTTP/1.1" 200 7 "-" "Mozilla/4.0"
182.254.86.145 - - [20/Dec/2016:08:14:42 +0800] "POST /open/bind.php?signature=d4595b0c05de62710535b0495d9ba8ef11579e96&timestamp=1482192882&nonce=1200330998&encrypt_type=aes&msg_signature=8f0835eaa63edfa90709ba1181c8b0cb60de94ba HTTP/1.1" 200 1 "-" "Mozilla/4.0"
1.162.235.155 - - [20/Dec/2016:08:16:26 +0800] "CONNECT mx-tw.mail.gm0.yahoodns.net:25 HTTP/1.0" 200 32 "-" "-"
1.162.235.155 - - [20/Dec/2016:08:17:25 +0800] "CONNECT mx-tw.mail.gm0.yahoodns.net:25 HTTP/1.0" 200 32 "-" "-"
23.251.63.45 - - [20/Dec/2016:08:17:33 +0800] "GET http://www.sbjudge1.com/azenv.php HTTP/1.1" 404 289 "-" "Mozilla/5.0 (compatible; MSIE 6.0; Windows NT 5.1; Trident/5.0)"
23.251.63.45 - - [20/Dec/2016:08:17:34 +0800] "CONNECT www.baidu.com:443 HTTP/1.1" 200 32 "-" "-"
101.226.89.116 - - [20/Dec/2016:08:18:08 +0800] "GET /open/bind.php?signature%3D688158c029b40c92636dc30ccc18859d7a2bff34%26timestamp%3D1482180875%26nonce%3D585846569%26encrypt_type%3Daes%26msg_signature%3D4e98ab28d4c39f2c377e51d10cb4ac16fc78ad40 HTTP/1.1" 200 1 "-" "Mozilla/5.0 (compatible; MSIE 9.0; Windows NT 6.1; Trident/5.0)"
182.254.86.140 - - [20/Dec/2016:08:24:41 +0800] "POST /open/bind.php?signature=e9ddee09c1fdc6d6710d7c2a06aa1a9a35d45922&timestamp=1482193481&nonce=794523077&encrypt_type=aes&msg_signature=989c21d791a9a60f111dc9b1986edda98fc2fd88 HTTP/1.1" 200 7 "-" "Mozilla/4.0"
182.254.86.140 - - [20/Dec/2016:08:24:43 +0800] "POST /open/bind.php?signature=9c98313310e3db9eca82cdfeeab7ac52fe618757&timestamp=1482193483&nonce=1966955279&encrypt_type=aes&msg_signature=55d168b20ae20b72cb7a7f266fc103abf422a19a HTTP/1.1" 200 1 "-" "Mozilla/4.0"
182.254.86.145 - - [20/Dec/2016:08:34:43 +0800] "POST /open/bind.php?signature=f4a9590f4896cd17ee8a9573bd68d4fd9976f13c&timestamp=1482194083&nonce=1134806108&encrypt_type=aes&msg_signature=7ca42be20f9a45cf21ce753348a7e1b869f67696 HTTP/1.1" 200 7 "-" "Mozilla/4.0"
182.254.86.150 - - [20/Dec/2016:08:34:45 +0800] "POST /open/bind.php?signature=26486c89438adbd58c51a563114551265ae49c21&timestamp=1482194085&nonce=1487020618&encrypt_type=aes&msg_signature=4814e394169101080a37c24dc313877751cf044d HTTP/1.1" 200 1 "-" "Mozilla/4.0"
1.162.235.155 - - [20/Dec/2016:08:35:46 +0800] "CONNECT mx-tw.mail.gm0.yahoodns.net:25 HTTP/1.0" 200 32 "-" "-"
1.162.235.155 - - [20/Dec/2016:08:36:21 +0800] "CONNECT mx-tw.mail.gm0.yahoodns.net:25 HTTP/1.0" 200 32 "-" "-"
1.162.235.155 - - [20/Dec/2016:08:36:43 +0800] "CONNECT mx-tw.mail.gm0.yahoodns.net:25 HTTP/1.0" 200 32 "-" "-"
1.162.235.155 - - [20/Dec/2016:08:37:13 +0800] "CONNECT mx-tw.mail.gm0.yahoodns.net:25 HTTP/1.0" 200 32 "-" "-"
182.254.86.140 - - [20/Dec/2016:08:44:42 +0800] "POST /open/bind.php?signature=e2c1a69700900d265a452096ff1888dbf1af6c59&timestamp=1482194682&nonce=746839675&encrypt_type=aes&msg_signature=be6f21ca79f3b4951c06a862a137bcf084c8ba38 HTTP/1.1" 200 7 "-" "Mozilla/4.0"
182.254.86.156 - - [20/Dec/2016:08:44:43 +0800] "POST /open/bind.php?signature=658df332d79f7dbf707cb7bab1f8c996d7b7427d&timestamp=1482194683&nonce=107411557&encrypt_type=aes&msg_signature=32b1fff8be58f6b10b8218dd840a8abdadf3b9f1 HTTP/1.1" 200 1 "-" "Mozilla/4.0"
123.151.43.65 - - [20/Dec/2016:08:46:25 +0800] "\x16\x03\x01" 200 32 "-" "-"
123.151.43.65 - - [20/Dec/2016:08:46:25 +0800] "\x16\x03\x01" 200 32 "-" "-"
182.254.86.140 - - [20/Dec/2016:08:54:41 +0800] "POST /open/bind.php?signature=ed7a25697a6f94df9b1a16d85cc25136af7882f4&timestamp=1482195282&nonce=1031769033&encrypt_type=aes&msg_signature=80331341f02ba4554358a921f3db2713a0c20886 HTTP/1.1" 200 1 "-" "Mozilla/4.0"
182.254.86.145 - - [20/Dec/2016:08:54:43 +0800] "POST /open/bind.php?signature=368729ed4c2451bd7743930409fc2283b92d9fd3&timestamp=1482195283&nonce=786086961&encrypt_type=aes&msg_signature=fe874424d101638bb55c062a1e95663e5a820e76 HTTP/1.1" 200 1 "-" "Mozilla/4.0"
1.162.235.155 - - [20/Dec/2016:08:56:54 +0800] "CONNECT mx-tw.mail.gm0.yahoodns.net:25 HTTP/1.0" 200 32 "-" "-"
182.254.86.155 - - [20/Dec/2016:09:04:49 +0800] "POST /open/bind.php?signature=9ae7eee002a2c33c91f9f2e68995049d7852ee46&timestamp=1482195889&nonce=361371819&encrypt_type=aes&msg_signature=ce3e9aa8f7059cc2552fd39fee0f4f76eb77ccf5 HTTP/1.1" 200 7 "-" "Mozilla/4.0"
182.254.86.155 - - [20/Dec/2016:09:04:51 +0800] "POST /open/bind.php?signature=f8b2c3a377058cfe42347aad634d95f5698bb78f&timestamp=1482195891&nonce=39229803&encrypt_type=aes&msg_signature=5c2ba421bb945088b52903507f3bc5d3a34391c6 HTTP/1.1" 200 1 "-" "Mozilla/4.0"
60.53.51.42 - - [20/Dec/2016:09:09:28 +0800] "GET / HTTP/1.0" 200 32 "-" "Mozilla/5.0 (compatible; Googlebot/2.1; +http://www.google.com/bot.html)"
212.47.246.179 - - [20/Dec/2016:09:12:25 +0800] "GET http://www.baidu.com/cache/global/img/gs.gif HTTP/1.1" 404 300 "-" "Mozilla"
182.254.86.145 - - [20/Dec/2016:09:14:44 +0800] "POST /open/bind.php?signature=2cfe804e568a80ece56f09f9c75f9baf83b70911&timestamp=1482196484&nonce=271934969&encrypt_type=aes&msg_signature=246ad1ad32e6cb8a57f4dde9fb573d5aef4e5149 HTTP/1.1" 200 7 "-" "Mozilla/4.0"
182.254.86.155 - - [20/Dec/2016:09:14:46 +0800] "POST /open/bind.php?signature=65a273e4867e0e2e7012d20e8e3ac6bc1cb53e84&timestamp=1482196486&nonce=996422416&encrypt_type=aes&msg_signature=e51f00bc9e6b774c8f5fe2805a507d9ead0b66e0 HTTP/1.1" 200 1 "-" "Mozilla/4.0"
1.162.235.155 - - [20/Dec/2016:09:15:32 +0800] "CONNECT mx-tw.mail.gm0.yahoodns.net:25 HTTP/1.0" 200 32 "-" "-"
1.162.235.155 - - [20/Dec/2016:09:16:02 +0800] "CONNECT mx-tw.mail.gm0.yahoodns.net:25 HTTP/1.0" 200 32 "-" "-"
1.162.235.155 - - [20/Dec/2016:09:16:33 +0800] "CONNECT mx-tw.mail.gm0.yahoodns.net:25 HTTP/1.0" 200 32 "-" "-"
1.162.235.155 - - [20/Dec/2016:09:16:54 +0800] "CONNECT mx-tw.mail.gm0.yahoodns.net:25 HTTP/1.0" 200 32 "-" "-"
1.162.235.155 - - [20/Dec/2016:09:17:22 +0800] "CONNECT mx-tw.mail.gm0.yahoodns.net:25 HTTP/1.0" 200 32 "-" "-"
1.162.235.155 - - [20/Dec/2016:09:17:59 +0800] "CONNECT mx-tw.mail.gm0.yahoodns.net:25 HTTP/1.0" 200 32 "-" "-"
1.162.235.155 - - [20/Dec/2016:09:18:32 +0800] "CONNECT mx-tw.mail.gm0.yahoodns.net:25 HTTP/1.0" 200 32 "-" "-"
1.162.235.155 - - [20/Dec/2016:09:19:35 +0800] "CONNECT mx-tw.mail.gm0.yahoodns.net:25 HTTP/1.0" 200 32 "-" "-"
1.162.235.155 - - [20/Dec/2016:09:20:33 +0800] "CONNECT mx-tw.mail.gm0.yahoodns.net:25 HTTP/1.0" 200 32 "-" "-"
182.254.86.142 - - [20/Dec/2016:09:24:42 +0800] "POST /open/bind.php?signature=5603f6707b4ab096c5c63b359f59214d7002ab95&timestamp=1482197082&nonce=373906739&encrypt_type=aes&msg_signature=cf3a61a0e13516d37fac6fca2b56d5d6f1eec301 HTTP/1.1" 200 7 "-" "Mozilla/4.0"
182.254.86.155 - - [20/Dec/2016:09:24:43 +0800] "POST /open/bind.php?signature=df1fff33ee1e0e92a0833021a92c7abec17e2879&timestamp=1482197083&nonce=1385639852&encrypt_type=aes&msg_signature=1b5d34515745c608c8d06bef27547f4556c71181 HTTP/1.1" 200 1 "-" "Mozilla/4.0"
180.153.211.190 - - [20/Dec/2016:09:32:50 +0800] "GET /open/bind.php?signature%3Ddd25b1c7c7404e57c690f4ce71a530303bb6b24d%26timestamp%3D1482184456%26nonce%3D415271007%26encrypt_type%3Daes%26msg_signature%3Dbe4716793582b80c3a1747c61cd1e7e8a42d780f HTTP/1.1" 200 1 "-" "Mozilla/5.0 (Windows NT 5.1) AppleWebKit/537.36 (KHTML, like Gecko) Chrome/45.0.2454.101 Safari/537.36"
182.254.86.150 - - [20/Dec/2016:09:34:54 +0800] "POST /open/bind.php?signature=30cadf205539578042aef26b85ae4fb3dc25da1e&timestamp=1482197694&nonce=592444375&encrypt_type=aes&msg_signature=4034310214eb73b8924f87fa72b4950d2b81b839 HTTP/1.1" 200 7 "-" "Mozilla/4.0"
182.254.86.140 - - [20/Dec/2016:09:34:56 +0800] "POST /open/bind.php?signature=6d2077b77278990edb9a81b364bc73e61ab26e10&timestamp=1482197696&nonce=1597734632&encrypt_type=aes&msg_signature=8f0aa486e288a076851d3a7b0fc2e5cbc15b2047 HTTP/1.1" 200 1 "-" "Mozilla/4.0"
1.162.235.155 - - [20/Dec/2016:09:35:33 +0800] "CONNECT mx-tw.mail.gm0.yahoodns.net:25 HTTP/1.0" 200 32 "-" "-"
1.162.235.155 - - [20/Dec/2016:09:36:02 +0800] "CONNECT mx-tw.mail.gm0.yahoodns.net:25 HTTP/1.0" 200 32 "-" "-"
1.162.235.155 - - [20/Dec/2016:09:36:30 +0800] "CONNECT mx-tw.mail.gm0.yahoodns.net:25 HTTP/1.0" 200 32 "-" "-"
1.162.235.155 - - [20/Dec/2016:09:36:56 +0800] "CONNECT mx-tw.mail.gm0.yahoodns.net:25 HTTP/1.0" 200 32 "-" "-"
59.108.207.124 - - [20/Dec/2016:09:38:29 +0800] "GET /open/bind.php HTTP/1.1" 200 1 "-" "Mozilla/5.0 (Windows NT 6.1; WOW64; rv:50.0) Gecko/20100101 Firefox/50.0"
59.108.207.124 - - [20/Dec/2016:09:38:30 +0800] "GET /favicon.ico HTTP/1.1" 404 289 "-" "Mozilla/5.0 (Windows NT 6.1; WOW64; rv:50.0) Gecko/20100101 Firefox/50.0"
59.108.207.124 - - [20/Dec/2016:09:38:30 +0800] "GET /favicon.ico HTTP/1.1" 404 289 "-" "Mozilla/5.0 (Windows NT 6.1; WOW64; rv:50.0) Gecko/20100101 Firefox/50.0"
101.226.64.177 - - [20/Dec/2016:09:38:46 +0800] "GET /open/bind.php HTTP/1.1" 200 1 "-" "Mozilla/5.0 (Windows NT 5.1) AppleWebKit/537.36 (KHTML, like Gecko) Chrome/45.0.2454.101 Safari/537.36"
101.226.125.100 - - [20/Dec/2016:09:38:47 +0800] "GET /open/bind.php HTTP/1.1" 200 1 "-" "Mozilla/5.0 (compatible; MSIE 9.0; Windows NT 6.1; WOW64; Trident/5.0)"
101.226.125.100 - - [20/Dec/2016:09:38:47 +0800] "GET /open/bind.php HTTP/1.1" 200 1 "-" "Mozilla/5.0 (Windows NT 5.1) AppleWebKit/537.36 (KHTML, like Gecko) Chrome/45.0.2454.101 Safari/537.36"
180.153.81.203 - - [20/Dec/2016:09:38:48 +0800] "GET /open/bind.php HTTP/1.1" 200 1 "-" "Mozilla/5.0 (Windows NT 5.1) AppleWebKit/537.36 (KHTML, like Gecko) Chrome/45.0.2454.101 Safari/537.36"
182.254.86.155 - - [20/Dec/2016:09:44:42 +0800] "POST /open/bind.php?signature=bd480d8d4be189436a7c4f422a701fd17980538f&timestamp=1482198282&nonce=1004260006&encrypt_type=aes&msg_signature=a85846c681fb0db8b707e81ae792bd7e4cf8408d HTTP/1.1" 200 7 "-" "Mozilla/4.0"
182.254.86.145 - - [20/Dec/2016:09:44:44 +0800] "POST /open/bind.php?signature=0a80e754c004f866a6331f70e08ef434368a24c0&timestamp=1482198284&nonce=618054608&encrypt_type=aes&msg_signature=869f3a0052f77b631cb769d37d7c90e3ce5cb830 HTTP/1.1" 200 1 "-" "Mozilla/4.0"
180.153.160.15 - - [20/Dec/2016:09:48:39 +0800] "GET / HTTP/1.0" 200 32 "-" "-"
182.254.86.155 - - [20/Dec/2016:09:54:45 +0800] "POST /open/bind.php?signature=358b540c8d4b8e08f0a4b41ea4d8bc07c5049425&timestamp=1482198885&nonce=2105837112&encrypt_type=aes&msg_signature=bd88bc951affc8bbadd18f3b24a74c02e562a44c HTTP/1.1" 200 7 "-" "Mozilla/4.0"
182.254.86.140 - - [20/Dec/2016:09:54:46 +0800] "POST /open/bind.php?signature=764aaf242803a6c27f060e63826fb2148fb9adf3&timestamp=1482198886&nonce=1906354695&encrypt_type=aes&msg_signature=bc0c2af77789e3de7b1de8595b36007cbc15eb2a HTTP/1.1" 200 1 "-" "Mozilla/4.0"
1.162.235.155 - - [20/Dec/2016:09:55:04 +0800] "CONNECT mx-tw.mail.gm0.yahoodns.net:25 HTTP/1.0" 200 32 "-" "-"
1.162.235.155 - - [20/Dec/2016:09:55:35 +0800] "CONNECT mx-tw.mail.gm0.yahoodns.net:25 HTTP/1.0" 200 32 "-" "-"
1.162.235.155 - - [20/Dec/2016:09:55:51 +0800] "CONNECT mx-tw.mail.gm0.yahoodns.net:25 HTTP/1.0" 200 32 "-" "-"
1.162.235.155 - - [20/Dec/2016:09:56:27 +0800] "CONNECT mx-tw.mail.gm0.yahoodns.net:25 HTTP/1.0" 200 32 "-" "-"
1.162.235.155 - - [20/Dec/2016:09:56:55 +0800] "CONNECT mx-tw.mail.gm0.yahoodns.net:25 HTTP/1.0" 200 32 "-" "-"
5.178.86.78 - - [20/Dec/2016:10:00:16 +0800] "CONNECT check.best-proxies.ru:80 HTTP/1.1" 400 313 "-" "-"
106.186.18.222 - - [20/Dec/2016:10:02:13 +0800] "GET / HTTP/1.0" 200 32 "-" "-"
106.186.18.222 - - [20/Dec/2016:10:02:16 +0800] "GET / HTTP/1.1" 200 32 "-" "Mozilla/5.0 (compatible; MSIE 9.0; Windows NT 6.1; WOW64; Trident/5.0)"
106.186.18.222 - - [20/Dec/2016:10:02:16 +0800] "GET /Http/DataLayCfg.xml HTTP/1.1" 404 296 "-" "Mozilla/5.0 (compatible; MSIE 9.0; Windows NT 6.1; WOW64; Trident/5.0)"
106.186.18.222 - - [20/Dec/2016:10:02:16 +0800] "GET /www/start.html HTTP/1.1" 404 291 "-" "Mozilla/5.0 (compatible; MSIE 9.0; Windows NT 6.1; WOW64; Trident/5.0)"
106.186.18.222 - - [20/Dec/2016:10:02:16 +0800] "GET /RemoteControl.html HTTP/1.1" 404 295 "-" "Mozilla/5.0 (compatible; MSIE 9.0; Windows NT 6.1; WOW64; Trident/5.0)"
106.186.18.222 - - [20/Dec/2016:10:02:17 +0800] "GET /invoker/JMXInvokerServlet HTTP/1.1" 404 302 "-" "Mozilla/4.0 (compatible; MSIE 6.0; Windows NT 5.0; 360-cn-agent)"
106.186.18.222 - - [20/Dec/2016:10:02:17 +0800] "GET /jenkins HTTP/1.1" 404 284 "-" "Mozilla/4.0 (compatible; MSIE 6.0; Windows NT 5.0; 360-cn-agent)"
106.186.18.222 - - [20/Dec/2016:10:02:17 +0800] "GET /stats HTTP/1.1" 404 282 "-" "Mozilla/5.0 (compatible; Nmap Scripting Engine; https://nmap.org/book/nse.html)"
182.254.86.150 - - [20/Dec/2016:10:04:52 +0800] "POST /open/bind.php?signature=36e026f3ecc8fdc297b2f290df4745303d27bcbd&timestamp=1482199492&nonce=1300018390&encrypt_type=aes&msg_signature=ac2bb7d36f245baca4dbdbc2115bb9fc0a048ba4 HTTP/1.1" 200 7 "-" "Mozilla/4.0"
182.254.86.150 - - [20/Dec/2016:10:04:54 +0800] "POST /open/bind.php?signature=38b2ad873b945604bdf31c6d0b272e588cd83b43&timestamp=1482199493&nonce=914413650&encrypt_type=aes&msg_signature=c5712faae8318046562c352c5fafb2adb3c52e18 HTTP/1.1" 200 1 "-" "Mozilla/4.0"
180.153.214.190 - - [20/Dec/2016:10:06:54 +0800] "GET /open/bind.php?signature%3Df68d4f931288c1d5939a825c7270bb2a1b66e74c%26timestamp%3D1482188074%26nonce%3D1780238611%26encrypt_type%3Daes%26msg_signature%3D0af275940fb615ab6824df729bd11be7ad52fbca HTTP/1.1" 200 1 "-" "Mozilla/5.0 (Windows NT 5.1) AppleWebKit/537.36 (KHTML, like Gecko) Chrome/45.0.2454.101 Safari/537.36"
1.162.235.155 - - [20/Dec/2016:10:14:31 +0800] "CONNECT mx-tw.mail.gm0.yahoodns.net:25 HTTP/1.0" 200 32 "-" "-"
182.254.86.150 - - [20/Dec/2016:10:14:47 +0800] "POST /open/bind.php?signature=d49f427f87cd5d5e3e62ffb4043cb11dced3eb03&timestamp=1482200087&nonce=470599964&encrypt_type=aes&msg_signature=1c5a7e22a63aa2da973aa0ebbbb71984d658a883 HTTP/1.1" 200 7 "-" "Mozilla/4.0"
182.254.86.140 - - [20/Dec/2016:10:14:49 +0800] "POST /open/bind.php?signature=247bda8781b323f0c3445c5687425cdcecc51fb6&timestamp=1482200089&nonce=7539963&encrypt_type=aes&msg_signature=f59ee17243d38861ab9e1a558532b3405fdac9d0 HTTP/1.1" 200 1 "-" "Mozilla/4.0"
1.162.235.155 - - [20/Dec/2016:10:14:58 +0800] "CONNECT mx-tw.mail.gm0.yahoodns.net:25 HTTP/1.0" 200 32 "-" "-"
1.162.235.155 - - [20/Dec/2016:10:15:36 +0800] "CONNECT mx-tw.mail.gm0.yahoodns.net:25 HTTP/1.0" 200 32 "-" "-"
1.162.235.155 - - [20/Dec/2016:10:15:56 +0800] "CONNECT mx-tw.mail.gm0.yahoodns.net:25 HTTP/1.0" 200 32 "-" "-"
1.162.235.155 - - [20/Dec/2016:10:16:31 +0800] "CONNECT mx-tw.mail.gm0.yahoodns.net:25 HTTP/1.0" 200 32 "-" "-"
59.108.207.124 - - [20/Dec/2016:10:23:25 +0800] "GET /open/bind.php HTTP/1.1" 200 1 "-" "Mozilla/5.0 (Windows NT 6.1; WOW64; rv:50.0) Gecko/20100101 Firefox/50.0"
182.254.86.155 - - [20/Dec/2016:10:24:45 +0800] "POST /open/bind.php?signature=23c4d864b3379fe5b57ab1a79a2a896d24c24db7&timestamp=1482200685&nonce=953716100&encrypt_type=aes&msg_signature=d7aef51ff996ef1db80007db4b301358c1910a91 HTTP/1.1" 200 7 "-" "Mozilla/4.0"
182.254.86.155 - - [20/Dec/2016:10:24:47 +0800] "POST /open/bind.php?signature=8fbe348e78697f55c0b5745547a14ad41e71c2fa&timestamp=1482200687&nonce=648918192&encrypt_type=aes&msg_signature=d61b7e2fcc262e03072e16cd987eb47974535790 HTTP/1.1" 200 1 "-" "Mozilla/4.0"
59.108.207.124 - - [20/Dec/2016:10:28:37 +0800] "GET /open/bind.php HTTP/1.1" 200 1 "-" "Mozilla/5.0 (Windows NT 6.1; WOW64; rv:50.0) Gecko/20100101 Firefox/50.0"
101.226.125.16 - - [20/Dec/2016:10:31:34 +0800] "GET /open/bind.php?signature%3Da129f4c2f8688ad623b16a7748e6bde513d63b45%26timestamp%3D1482174884%26nonce%3D1311388669%26encrypt_type%3Daes%26msg_signature%3D67bd27b590b447ecd071063fc16e57711f7efe5a HTTP/1.1" 200 1 "-" "Mozilla/5.0 (Windows NT 5.1) AppleWebKit/537.36 (KHTML, like Gecko) Chrome/45.0.2454.101 Safari/537.36"
182.254.86.155 - - [20/Dec/2016:10:34:47 +0800] "POST /open/bind.php?signature=4216a37be8a66601c6991077cb693f32a8cfc384&timestamp=1482201287&nonce=1813494192&encrypt_type=aes&msg_signature=5da753cba9f77718fc729ffd774b6e6d69a988e9 HTTP/1.1" 200 7 "-" "Mozilla/4.0"
182.254.86.140 - - [20/Dec/2016:10:34:49 +0800] "POST /open/bind.php?signature=81f234901a4adbb871d91fbe28f879c4564d333a&timestamp=1482201289&nonce=748133105&encrypt_type=aes&msg_signature=89fc5218cb5603b27dd7370b646d5591e23eb921 HTTP/1.1" 200 1 "-" "Mozilla/4.0"
1.162.235.155 - - [20/Dec/2016:10:35:22 +0800] "CONNECT mx-tw.mail.gm0.yahoodns.net:25 HTTP/1.0" 200 32 "-" "-"
182.254.86.145 - - [20/Dec/2016:10:44:45 +0800] "POST /open/bind.php?signature=f05d2c3627b313501e68804d705535bad6126773&timestamp=1482201885&nonce=1258117608&encrypt_type=aes&msg_signature=3d7b0c61a32d89fdb644c619cbe39eec01ab5c24 HTTP/1.1" 200 7 "-" "Mozilla/4.0"
182.254.86.145 - - [20/Dec/2016:10:44:47 +0800] "POST /open/bind.php?signature=41eddaaa39fb397ce2a4a60d30c372208ec66cf4&timestamp=1482201887&nonce=1095070&encrypt_type=aes&msg_signature=b6dd544182eb56aae9f351c758311d987dcc4b22 HTTP/1.1" 200 1 "-" "Mozilla/4.0"
180.153.206.22 - - [20/Dec/2016:10:47:53 +0800] "GET /phpmyadmin HTTP/1.1" 404 287 "-" "Mozilla/5.0 (Windows NT 5.1) AppleWebKit/537.36 (KHTML, like Gecko) Chrome/45.0.2454.101 Safari/537.36"
175.155.244.92 - - [20/Dec/2016:10:48:05 +0800] "GET /phpmyadmin HTTP/1.1" 404 287 "-" "Mozilla/5.0 (Windows NT 5.1) AppleWebKit/537.36 (KHTML, like Gecko) Chrome/45.0.2454.101 Safari/537.36"
1.162.235.155 - - [20/Dec/2016:10:54:13 +0800] "CONNECT mx-tw.mail.gm0.yahoodns.net:25 HTTP/1.0" 200 32 "-" "-"
182.254.86.145 - - [20/Dec/2016:10:54:44 +0800] "POST /open/bind.php?signature=f35bf300299b6318d010f9ea648dc8ccc58aae4f&timestamp=1482202484&nonce=2006805281&encrypt_type=aes&msg_signature=9ee8a6c1b522e416273c957f10a53484771a179b HTTP/1.1" 200 7 "-" "Mozilla/4.0"
182.254.86.145 - - [20/Dec/2016:10:54:46 +0800] "POST /open/bind.php?signature=26756b128637ce22a8edebefc740b527b955c114&timestamp=1482202485&nonce=1061055122&encrypt_type=aes&msg_signature=9ee81d3d7ede070e2003b80d82bafa522682b5c0 HTTP/1.1" 200 1 "-" "Mozilla/4.0"
203.69.17.32 - - [20/Dec/2016:10:54:51 +0800] "GET / HTTP/1.0" 200 32 "-" "Mozilla/5.0 (compatible; Googlebot/2.1; +http://www.google.com/bot.html)"
1.162.235.155 - - [20/Dec/2016:10:54:59 +0800] "CONNECT mx-tw.mail.gm0.yahoodns.net:25 HTTP/1.0" 200 32 "-" "-"
59.108.207.124 - - [20/Dec/2016:10:57:30 +0800] "GET /open/bind.php HTTP/1.1" 200 - "-" "Mozilla/5.0 (Windows NT 6.1; WOW64; rv:50.0) Gecko/20100101 Firefox/50.0"
59.108.207.124 - - [20/Dec/2016:10:58:17 +0800] "GET /open/bind.php HTTP/1.1" 200 - "-" "Mozilla/5.0 (Windows NT 6.1; WOW64; rv:50.0) Gecko/20100101 Firefox/50.0"
59.108.207.124 - - [20/Dec/2016:10:59:08 +0800] "GET /open/bind.php HTTP/1.1" 200 - "-" "Mozilla/5.0 (Windows NT 6.1; WOW64; rv:50.0) Gecko/20100101 Firefox/50.0"
123.151.43.65 - - [20/Dec/2016:11:01:08 +0800] "GET / HTTP/1.1" 200 32 "-" "Scrapy/1.0.4 (+http://scrapy.org)"
182.254.86.140 - - [20/Dec/2016:11:04:55 +0800] "POST /open/bind.php?signature=1ccae1676a2edbe357a31e78508cc35dbbf68eea&timestamp=1482203095&nonce=762402131&encrypt_type=aes&msg_signature=5b9f29931bd40315520aaed45ef8ca3ca40303c9 HTTP/1.1" 200 7 "-" "Mozilla/4.0"
182.254.86.155 - - [20/Dec/2016:11:04:57 +0800] "POST /open/bind.php?signature=ec1ac9ebb7aee0f7653cbd1c53779e745f6b503b&timestamp=1482203097&nonce=777952438&encrypt_type=aes&msg_signature=d51a7dec6b57517d609d408d07e2cfc9d13b8b34 HTTP/1.1" 200 - "-" "Mozilla/4.0"
117.185.27.113 - - [20/Dec/2016:11:08:06 +0800] "GET /open/bind.php?signature%3Da44db82de4e8847f0a7d9dfc4fc8c0e211fe417e%26timestamp%3D1482179074%26nonce%3D1345045349%26encrypt_type%3Daes%26msg_signature%3D5327443d72e5f582407977388310593109e7ed7b HTTP/1.1" 200 - "-" "Mozilla/5.0 (compatible; MSIE 9.0; Windows NT 6.1; Trident/5.0)"
101.226.66.178 - - [20/Dec/2016:11:11:47 +0800] "GET /open/bind.php?signature%3Debe819c5fcfba057acef5c1d2cfc72d0ec42bd7e%26timestamp%3D1482192300%26nonce%3D951925807%26encrypt_type%3Daes%26msg_signature%3D144cb6e3550930e3e649dce10649b346dc309b0f HTTP/1.1" 200 - "-" "Mozilla/5.0 (compatible; MSIE 9.0; Windows NT 6.1; WOW64; Trident/5.0)"
1.162.235.155 - - [20/Dec/2016:11:13:48 +0800] "CONNECT mx-tw.mail.gm0.yahoodns.net:25 HTTP/1.0" 200 32 "-" "-"
1.162.235.155 - - [20/Dec/2016:11:14:23 +0800] "CONNECT mx-tw.mail.gm0.yahoodns.net:25 HTTP/1.0" 200 32 "-" "-"
182.254.86.150 - - [20/Dec/2016:11:14:47 +0800] "POST /open/bind.php?signature=a5c5dfba383b5b736383f4d1b700f6e1f97620c7&timestamp=1482203687&nonce=1248980597&encrypt_type=aes&msg_signature=916e3632aa30abb0c1f7321c5ab6d4cbc246fc1e HTTP/1.1" 200 7 "-" "Mozilla/4.0"
182.254.86.140 - - [20/Dec/2016:11:14:49 +0800] "POST /open/bind.php?signature=171fdebc807d38fb8cc23d6ded8bf1c01f41fb17&timestamp=1482203689&nonce=1565644829&encrypt_type=aes&msg_signature=022b638ff1bec86f39cc74ef69e08a33132ceb76 HTTP/1.1" 200 - "-" "Mozilla/4.0"
1.162.235.155 - - [20/Dec/2016:11:14:49 +0800] "CONNECT mx-tw.mail.gm0.yahoodns.net:25 HTTP/1.0" 200 32 "-" "-"
1.162.235.155 - - [20/Dec/2016:11:15:12 +0800] "CONNECT mx-tw.mail.gm0.yahoodns.net:25 HTTP/1.0" 200 32 "-" "-"
101.226.33.228 - - [20/Dec/2016:11:17:17 +0800] "GET /axis2 HTTP/1.1" 404 282 "-" "Mozilla/5.0 (compatible; MSIE 9.0; Windows NT 6.1; WOW64; Trident/5.0)"
101.226.125.100 - - [20/Dec/2016:11:24:22 +0800] "GET / HTTP/1.1" 200 32 "-" "Mozilla/5.0 (Windows NT 5.1) AppleWebKit/537.36 (KHTML, like Gecko) Chrome/45.0.2454.101 Safari/537.36"
182.254.86.155 - - [20/Dec/2016:11:24:44 +0800] "POST /open/bind.php?signature=235bd2bfda4e86d4a4bb57ea762c2479cefdb5a2&timestamp=1482204284&nonce=104798183&encrypt_type=aes&msg_signature=41924de8df2881107fb4ce6b2e59fbf1963f0c08 HTTP/1.1" 200 - "-" "Mozilla/4.0"
23.251.63.45 - - [20/Dec/2016:11:29:25 +0800] "GET http://www.sbjudge3.com/azenv.php HTTP/1.1" 404 289 "-" "Mozilla/5.0 (compatible; MSIE 6.0; Windows NT 5.1; Trident/5.0)"
23.251.63.45 - - [20/Dec/2016:11:29:25 +0800] "CONNECT www.alipay.com:443 HTTP/1.1" 200 32 "-" "-"
1.162.235.155 - - [20/Dec/2016:11:33:43 +0800] "CONNECT mx-tw.mail.gm0.yahoodns.net:25 HTTP/1.0" 200 32 "-" "-"
23.251.63.45 - - [20/Dec/2016:11:34:03 +0800] "GET http://www.luisaranguren.com/azenv.php HTTP/1.1" 404 294 "-" "Mozilla/5.0 (compatible; MSIE 6.0; Windows NT 5.1; Trident/5.0)"
23.251.63.45 - - [20/Dec/2016:11:34:04 +0800] "CONNECT www.baidu.com:443 HTTP/1.1" 200 32 "-" "-"
1.162.235.155 - - [20/Dec/2016:11:34:06 +0800] "CONNECT mx-tw.mail.gm0.yahoodns.net:25 HTTP/1.0" 200 32 "-" "-"
1.162.235.155 - - [20/Dec/2016:11:34:32 +0800] "CONNECT mx-tw.mail.gm0.yahoodns.net:25 HTTP/1.0" 200 32 "-" "-"
182.254.86.140 - - [20/Dec/2016:11:34:48 +0800] "POST /open/bind.php?signature=17ac1abd69e57db1409c87886cc4f41bd0e50ea1&timestamp=1482204888&nonce=1034665381&encrypt_type=aes&msg_signature=0284b9dd712013a0cf9b8316cecb3d4672f8b9b8 HTTP/1.1" 200 - "-" "Mozilla/4.0"
1.162.235.155 - - [20/Dec/2016:11:35:06 +0800] "CONNECT mx-tw.mail.gm0.yahoodns.net:25 HTTP/1.0" 200 32 "-" "-"
182.254.86.145 - - [20/Dec/2016:11:44:46 +0800] "POST /open/bind.php?signature=84f5f5c5ecc854233847868aed57ce17e8b19700&timestamp=1482205486&nonce=273127163&encrypt_type=aes&msg_signature=453db8d4795a1a2a56d3f9cbf4862db5819ed5bc HTTP/1.1" 200 - "-" "Mozilla/4.0"
1.162.235.155 - - [20/Dec/2016:11:53:21 +0800] "CONNECT mx-tw.mail.gm0.yahoodns.net:25 HTTP/1.0" 200 32 "-" "-"
1.162.235.155 - - [20/Dec/2016:11:53:35 +0800] "CONNECT mx-tw.mail.gm0.yahoodns.net:25 HTTP/1.0" 200 32 "-" "-"
1.162.235.155 - - [20/Dec/2016:11:54:12 +0800] "CONNECT mx-tw.mail.gm0.yahoodns.net:25 HTTP/1.0" 200 32 "-" "-"
1.162.235.155 - - [20/Dec/2016:11:54:32 +0800] "CONNECT mx-tw.mail.gm0.yahoodns.net:25 HTTP/1.0" 200 32 "-" "-"
