59.108.207.124 - - [19/Dec/2016:10:24:16 +0800] "GET /open/take_componen.php HTTP/1.1" 200 4 "-" "Mozilla/5.0 (Windows NT 6.1; WOW64; rv:50.0) Gecko/20100101 Firefox/50.0"
59.108.207.124 - - [19/Dec/2016:10:24:17 +0800] "GET /open/take_componen.php HTTP/1.1" 200 4 "-" "Mozilla/5.0 (Windows NT 6.1; WOW64; rv:50.0) Gecko/20100101 Firefox/50.0"
59.108.207.124 - - [19/Dec/2016:10:24:17 +0800] "GET /open/take_componen.php HTTP/1.1" 200 4 "-" "Mozilla/5.0 (Windows NT 6.1; WOW64; rv:50.0) Gecko/20100101 Firefox/50.0"
59.108.207.124 - - [19/Dec/2016:10:24:17 +0800] "GET /open/take_componen.php HTTP/1.1" 200 4 "-" "Mozilla/5.0 (Windows NT 6.1; WOW64; rv:50.0) Gecko/20100101 Firefox/50.0"
59.108.207.124 - - [19/Dec/2016:10:24:19 +0800] "GET /open/take_componen.php HTTP/1.1" 200 4 "-" "Mozilla/5.0 (Windows NT 6.1; WOW64; rv:50.0) Gecko/20100101 Firefox/50.0"
182.254.86.149 - - [19/Dec/2016:10:24:46 +0800] "POST /open/bind.php?signature=8582a319fad3b9905fdfbcc75078dd5661c1f675&timestamp=1482114286&nonce=882886779&encrypt_type=aes&msg_signature=de97a2a663800613d8ec467f00aab2de323f1576 HTTP/1.1" 200 - "-" "Mozilla/4.0"
59.108.207.124 - - [19/Dec/2016:10:25:55 +0800] "GET /open/take_componen.php HTTP/1.1" 200 4 "-" "Mozilla/5.0 (Windows NT 6.1; WOW64; rv:50.0) Gecko/20100101 Firefox/50.0"
59.108.207.124 - - [19/Dec/2016:10:25:56 +0800] "GET /open/take_componen.php HTTP/1.1" 200 4 "-" "Mozilla/5.0 (Windows NT 6.1; WOW64; rv:50.0) Gecko/20100101 Firefox/50.0"
59.108.207.124 - - [19/Dec/2016:10:26:18 +0800] "GET /favicon.ico HTTP/1.1" 404 289 "-" "Mozilla/5.0 (Windows NT 6.1; WOW64) AppleWebKit/537.36 (KHTML, like Gecko) Chrome/53.0.2785.104 Safari/537.36 Core/1.53.1708.400 QQBrowser/9.5.9635.400"
59.108.207.124 - - [19/Dec/2016:10:26:18 +0800] "GET /favicon.ico HTTP/1.1" 404 289 "-" "Mozilla/5.0 (Windows NT 6.1; WOW64) AppleWebKit/537.36 (KHTML, like Gecko) Chrome/53.0.2785.104 Safari/537.36 Core/1.53.1708.400 QQBrowser/9.5.9635.400"
59.108.207.124 - - [19/Dec/2016:10:26:19 +0800] "GET /favicon.ico HTTP/1.1" 404 289 "-" "Mozilla/5.0 (Windows NT 6.1; WOW64) AppleWebKit/537.36 (KHTML, like Gecko) Chrome/53.0.2785.104 Safari/537.36 Core/1.53.1708.400 QQBrowser/9.5.9635.400"
59.108.207.124 - - [19/Dec/2016:10:26:19 +0800] "GET /favicon.ico HTTP/1.1" 404 289 "-" "Mozilla/5.0 (Windows NT 6.1; WOW64) AppleWebKit/537.36 (KHTML, like Gecko) Chrome/53.0.2785.104 Safari/537.36 Core/1.53.1708.400 QQBrowser/9.5.9635.400"
59.108.207.124 - - [19/Dec/2016:10:26:19 +0800] "GET /favicon.ico HTTP/1.1" 404 289 "-" "Mozilla/5.0 (Windows NT 6.1; WOW64) AppleWebKit/537.36 (KHTML, like Gecko) Chrome/53.0.2785.104 Safari/537.36 Core/1.53.1708.400 QQBrowser/9.5.9635.400"
59.108.207.124 - - [19/Dec/2016:10:26:20 +0800] "GET /favicon.ico HTTP/1.1" 404 289 "-" "Mozilla/5.0 (Windows NT 6.1; WOW64) AppleWebKit/537.36 (KHTML, like Gecko) Chrome/53.0.2785.104 Safari/537.36 Core/1.53.1708.400 QQBrowser/9.5.9635.400"
59.108.207.124 - - [19/Dec/2016:10:26:20 +0800] "GET /favicon.ico HTTP/1.1" 404 289 "-" "Mozilla/5.0 (Windows NT 6.1; WOW64) AppleWebKit/537.36 (KHTML, like Gecko) Chrome/53.0.2785.104 Safari/537.36 Core/1.53.1708.400 QQBrowser/9.5.9635.400"
59.108.207.124 - - [19/Dec/2016:10:27:59 +0800] "GET /open/take_componen.php HTTP/1.1" 200 4 "-" "Mozilla/5.0 (Windows NT 6.1; WOW64; rv:50.0) Gecko/20100101 Firefox/50.0"
59.108.207.124 - - [19/Dec/2016:10:33:32 +0800] "GET /open/take_componen.php HTTP/1.1" 200 4 "-" "Mozilla/5.0 (Windows NT 6.1; WOW64; rv:50.0) Gecko/20100101 Firefox/50.0"
59.108.207.124 - - [19/Dec/2016:10:33:34 +0800] "GET /open/take_componen.php HTTP/1.1" 200 4 "-" "Mozilla/5.0 (Windows NT 6.1; WOW64; rv:50.0) Gecko/20100101 Firefox/50.0"
182.254.86.145 - - [19/Dec/2016:10:34:44 +0800] "POST /open/bind.php?signature=f2430da6e0882c6bde200cd3d73f88bb8cd03d25&timestamp=1482114884&nonce=813557907&encrypt_type=aes&msg_signature=af9194b8c06f7073d8f7894d73f8b8ec93efe5ad HTTP/1.1" 200 - "-" "Mozilla/4.0"
180.153.214.188 - - [19/Dec/2016:10:38:33 +0800] "GET /open/bind.php?signature%3D95f1e3491c20adecee713e5d7891012e67b21a30%26timestamp%3D1482059682%26nonce%3D1099389514%26encrypt_type%3Daes%26msg_signature%3D216c908bd79e73e37083400f696acec787645377 HTTP/1.1" 200 - "-" "Mozilla/5.0 (compatible; MSIE 9.0; Windows NT 6.1; WOW64; Trident/5.0)"
1.162.235.155 - - [19/Dec/2016:10:41:14 +0800] "CONNECT mx-tw.mail.gm0.yahoodns.net:25 HTTP/1.0" 200 32 "-" "-"
1.162.235.155 - - [19/Dec/2016:10:42:07 +0800] "CONNECT mx-tw.mail.gm0.yahoodns.net:25 HTTP/1.0" 200 32 "-" "-"
182.254.86.145 - - [19/Dec/2016:10:44:44 +0800] "POST /open/bind.php?signature=3e8029ea0873bb868446df448cbfe0ca6f44d38d&timestamp=1482115484&nonce=1758238650&encrypt_type=aes&msg_signature=800dc9b3b427b1e5c85f98e2052b74bcb3e5ad4b HTTP/1.1" 200 - "-" "Mozilla/4.0"
182.254.86.155 - - [19/Dec/2016:10:54:22 +0800] "POST /open/bind.php?signature=7c29457803b756797c2f4502ebcb6bd58b8d8605&timestamp=1482116062&nonce=1224369876&encrypt_type=aes&msg_signature=6f6804bb9a86f69651c06167e505f70a02353028 HTTP/1.1" 200 - "-" "Mozilla/4.0"
1.162.235.155 - - [19/Dec/2016:11:00:57 +0800] "CONNECT mx-tw.mail.gm0.yahoodns.net:25 HTTP/1.0" 200 32 "-" "-"
101.226.61.206 - - [19/Dec/2016:11:01:55 +0800] "GET /open/bind.php?signature%3Dec762938ee96c8c9ac6310e0a4a45ca42803a494%26timestamp%3D1482103477%26nonce%3D519463851%26encrypt_type%3Daes%26msg_signature%3Daa1f624a5600afdabd1e9ed3d3dde47f9aa0d802 HTTP/1.1" 200 - "-" "Mozilla/5.0 (compatible; MSIE 9.0; Windows NT 6.1; Trident/5.0)"
1.162.235.155 - - [19/Dec/2016:11:02:18 +0800] "CONNECT mx-tw.mail.gm0.yahoodns.net:25 HTTP/1.0" 200 32 "-" "-"
182.254.86.140 - - [19/Dec/2016:11:04:47 +0800] "POST /open/bind.php?signature=d2d2ffc0b672be2be9ef946b57799abd1be680be&timestamp=1482116687&nonce=171846679&encrypt_type=aes&msg_signature=faf5e504a508bc3bc548f452561c4e13a91de578 HTTP/1.1" 200 - "-" "Mozilla/4.0"
182.254.86.140 - - [19/Dec/2016:11:14:46 +0800] "POST /open/bind.php?signature=8e68a3f5989a8d373192de52081474a7cd4fa5c3&timestamp=1482117286&nonce=1352667021&encrypt_type=aes&msg_signature=2f7437740dc9bbe30e7e46871eb325812d55f8f1 HTTP/1.1" 200 - "-" "Mozilla/4.0"
1.162.235.155 - - [19/Dec/2016:11:20:24 +0800] "CONNECT mx-tw.mail.gm0.yahoodns.net:25 HTTP/1.0" 200 32 "-" "-"
1.162.235.155 - - [19/Dec/2016:11:20:58 +0800] "CONNECT mx-tw.mail.gm0.yahoodns.net:25 HTTP/1.0" 200 32 "-" "-"
1.162.235.155 - - [19/Dec/2016:11:21:27 +0800] "CONNECT mx-tw.mail.gm0.yahoodns.net:25 HTTP/1.0" 200 32 "-" "-"
1.162.235.155 - - [19/Dec/2016:11:21:53 +0800] "CONNECT mx-tw.mail.gm0.yahoodns.net:25 HTTP/1.0" 200 32 "-" "-"
182.254.86.145 - - [19/Dec/2016:11:24:45 +0800] "POST /open/bind.php?signature=8b8ed2baaa48ef380375a3f7581cfc079bb17aa7&timestamp=1482117885&nonce=242977913&encrypt_type=aes&msg_signature=11d63b013c8cafae61d41f14a84f9d0c3e6d5bd3 HTTP/1.1" 200 - "-" "Mozilla/4.0"
23.251.63.45 - - [19/Dec/2016:11:24:50 +0800] "GET http://proxyjudge.us/ HTTP/1.1" 200 32 "-" "Mozilla/5.0 (compatible; MSIE 6.0; Windows NT 5.1; Trident/5.0)"
23.251.63.45 - - [19/Dec/2016:11:24:50 +0800] "CONNECT www.baidu.com:443 HTTP/1.1" 200 32 "-" "-"
182.254.86.150 - - [19/Dec/2016:11:34:54 +0800] "POST /open/bind.php?signature=260b9934b5271b7f809599ea783d134b8282a476&timestamp=1482118494&nonce=1908246635&encrypt_type=aes&msg_signature=e9be24d5cf6898e9a5f66cfbc8c7e573cb7238b9 HTTP/1.1" 200 - "-" "Mozilla/4.0"
1.162.235.155 - - [19/Dec/2016:11:40:06 +0800] "CONNECT mx-tw.mail.gm0.yahoodns.net:25 HTTP/1.0" 200 32 "-" "-"
1.162.235.155 - - [19/Dec/2016:11:40:40 +0800] "CONNECT mx-tw.mail.gm0.yahoodns.net:25 HTTP/1.0" 200 32 "-" "-"
1.162.235.155 - - [19/Dec/2016:11:41:05 +0800] "CONNECT mx-tw.mail.gm0.yahoodns.net:25 HTTP/1.0" 200 32 "-" "-"
1.162.235.155 - - [19/Dec/2016:11:41:25 +0800] "CONNECT mx-tw.mail.gm0.yahoodns.net:25 HTTP/1.0" 200 32 "-" "-"
1.162.235.155 - - [19/Dec/2016:11:41:58 +0800] "CONNECT mx-tw.mail.gm0.yahoodns.net:25 HTTP/1.0" 200 32 "-" "-"
1.162.235.155 - - [19/Dec/2016:11:42:34 +0800] "CONNECT mx-tw.mail.gm0.yahoodns.net:25 HTTP/1.0" 200 32 "-" "-"
1.162.235.155 - - [19/Dec/2016:11:43:14 +0800] "CONNECT mx-tw.mail.gm0.yahoodns.net:25 HTTP/1.0" 200 32 "-" "-"
182.254.86.155 - - [19/Dec/2016:11:44:43 +0800] "POST /open/bind.php?signature=a8de2b9bf3d1e4efb0fccb2d8b0b441c6d0debd7&timestamp=1482119083&nonce=301315324&encrypt_type=aes&msg_signature=f972baa880e3e5536ac19b8e5151e2918508b5e9 HTTP/1.1" 200 - "-" "Mozilla/4.0"
180.163.2.117 - - [19/Dec/2016:11:48:00 +0800] "GET /xmlrpc.php HTTP/1.1" 404 287 "-" "Mozilla/5.0 (Windows NT 5.1) AppleWebKit/537.36 (KHTML, like Gecko) Chrome/45.0.2454.101 Safari/537.36"
123.206.125.107 - - [19/Dec/2016:11:48:11 +0800] "GET /xmlrpc.php HTTP/1.1" 404 287 "-" "Mozilla/5.0 (compatible; MSIE 9.0; Windows NT 6.1; Trident/5.0)"
113.195.188.5 - - [19/Dec/2016:11:49:39 +0800] "GET /manager/html HTTP/1.1" 404 289 "-" "Mozilla/3.0 (compatible; Indy Library)"
182.254.86.150 - - [19/Dec/2016:11:54:45 +0800] "POST /open/bind.php?signature=78969171afe96732a8809aa61acffcee5b735eba&timestamp=1482119685&nonce=242294924&encrypt_type=aes&msg_signature=a3cb76aba9130b90b3392978df654774947eafa2 HTTP/1.1" 200 - "-" "Mozilla/4.0"
101.226.68.213 - - [19/Dec/2016:11:56:50 +0800] "GET /linuxsucks.php?lang%25252525252525253Den%252525252525252526serv%25252525252525253D0%252525252525252526sp%25252525252525253D3%252525252525252526corp%25252525252525253D0%252525252525252526act%25252525252525253Dgetkey%252525252525252526affid%25252525252525253D3%252525252525252526os%25252525252525253DWindows%2525252525252525252BXP%252525252525252526id%25252525252525253D120D08AF37D232%252525252525252526x64%25252525252525253D0 HTTP/1.1" 404 291 "-" "Mozilla/5.0 (Windows NT 5.1) AppleWebKit/537.36 (KHTML, like Gecko) Chrome/45.0.2454.101 Safari/537.36"
1.162.235.155 - - [19/Dec/2016:11:59:56 +0800] "CONNECT mx-tw.mail.gm0.yahoodns.net:25 HTTP/1.0" 200 32 "-" "-"
1.162.235.155 - - [19/Dec/2016:12:00:23 +0800] "CONNECT mx-tw.mail.gm0.yahoodns.net:25 HTTP/1.0" 200 32 "-" "-"
1.162.235.155 - - [19/Dec/2016:12:00:49 +0800] "CONNECT mx-tw.mail.gm0.yahoodns.net:25 HTTP/1.0" 200 32 "-" "-"
1.162.235.155 - - [19/Dec/2016:12:01:15 +0800] "CONNECT mx-tw.mail.gm0.yahoodns.net:25 HTTP/1.0" 200 32 "-" "-"
1.162.235.155 - - [19/Dec/2016:12:01:53 +0800] "CONNECT mx-tw.mail.gm0.yahoodns.net:25 HTTP/1.0" 200 32 "-" "-"
182.254.86.145 - - [19/Dec/2016:12:04:47 +0800] "POST /open/bind.php?signature=3adcc9281e355bad09f546ddff989ed6f8e8b506&timestamp=1482120287&nonce=759829877&encrypt_type=aes&msg_signature=02ad67cf84754fcdc8ffbc5e0ff31ae4a881cc79 HTTP/1.1" 200 - "-" "Mozilla/4.0"
182.254.86.155 - - [19/Dec/2016:12:14:39 +0800] "POST /open/bind.php?signature=5e509d656e93491edfe96b93da85c264321fe399&timestamp=1482120879&nonce=463003855&encrypt_type=aes&msg_signature=14db8a5d16bca1a44a4915a0f8fb40bf74323044 HTTP/1.1" 200 - "-" "Mozilla/4.0"
95.213.187.187 - - [19/Dec/2016:12:15:34 +0800] "CONNECT check.best-proxies.ru:80 HTTP/1.1" 400 313 "-" "-"
1.162.235.155 - - [19/Dec/2016:12:20:38 +0800] "CONNECT mx-tw.mail.gm0.yahoodns.net:25 HTTP/1.0" 200 32 "-" "-"
182.254.86.140 - - [19/Dec/2016:12:24:46 +0800] "POST /open/bind.php?signature=db41898be06f495c2fadcf63fbb3b692e8cf6b5b&timestamp=1482121486&nonce=2084977478&encrypt_type=aes&msg_signature=10185f9d9f740ac0a480f1fcb2a2300ecd2f9ae9 HTTP/1.1" 200 - "-" "Mozilla/4.0"
182.254.86.150 - - [19/Dec/2016:12:34:43 +0800] "POST /open/bind.php?signature=38924c130db7d108d5939a531bc8331ee76fa434&timestamp=1482122083&nonce=208240969&encrypt_type=aes&msg_signature=89c8a6769db1523b8930c11f1c92e5441444c7b5 HTTP/1.1" 200 - "-" "Mozilla/4.0"
1.162.235.155 - - [19/Dec/2016:12:39:07 +0800] "CONNECT mx-tw.mail.gm0.yahoodns.net:25 HTTP/1.0" 200 32 "-" "-"
1.162.235.155 - - [19/Dec/2016:12:39:28 +0800] "CONNECT mx-tw.mail.gm0.yahoodns.net:25 HTTP/1.0" 200 32 "-" "-"
1.162.235.155 - - [19/Dec/2016:12:39:54 +0800] "CONNECT mx-tw.mail.gm0.yahoodns.net:25 HTTP/1.0" 200 32 "-" "-"
1.162.235.155 - - [19/Dec/2016:12:40:22 +0800] "CONNECT mx-tw.mail.gm0.yahoodns.net:25 HTTP/1.0" 200 32 "-" "-"
182.254.86.150 - - [19/Dec/2016:12:44:42 +0800] "POST /open/bind.php?signature=3a44cd87190cfbd08781ac0380bd98ea4d54bfd2&timestamp=1482122682&nonce=2034248243&encrypt_type=aes&msg_signature=655402a097427451e6f378301a13d21293cf04b5 HTTP/1.1" 200 - "-" "Mozilla/4.0"
182.254.86.145 - - [19/Dec/2016:12:54:05 +0800] "POST /open/bind.php?signature=b0454bd09124065d58789cc9dd8a3129e1a00c13&timestamp=1482123245&nonce=6526248&encrypt_type=aes&msg_signature=880879e2210eaa8a9b0b774a95a82d2439a1a235 HTTP/1.1" 200 - "-" "Mozilla/4.0"
180.153.214.200 - - [19/Dec/2016:12:54:55 +0800] "GET /open/bind.php?signature%3Df9ac188fb09ed01ff516e95fcfafbab558e2be7d%26timestamp%3D1482111282%26nonce%3D1297766108%26encrypt_type%3Daes%26msg_signature%3D4ea42c058ec4f4c5ddcf0e00ff401a1d2e72acdf HTTP/1.1" 200 - "-" "Mozilla/5.0 (Windows NT 5.1) AppleWebKit/537.36 (KHTML, like Gecko) Chrome/45.0.2454.101 Safari/537.36"
1.162.235.155 - - [19/Dec/2016:12:58:53 +0800] "CONNECT mx-tw.mail.gm0.yahoodns.net:25 HTTP/1.0" 200 32 "-" "-"
1.162.235.155 - - [19/Dec/2016:12:59:17 +0800] "CONNECT mx-tw.mail.gm0.yahoodns.net:25 HTTP/1.0" 200 32 "-" "-"
1.162.235.155 - - [19/Dec/2016:12:59:46 +0800] "CONNECT mx-tw.mail.gm0.yahoodns.net:25 HTTP/1.0" 200 32 "-" "-"
1.162.235.155 - - [19/Dec/2016:13:00:01 +0800] "CONNECT mx-tw.mail.gm0.yahoodns.net:25 HTTP/1.0" 200 32 "-" "-"
182.254.86.150 - - [19/Dec/2016:13:04:47 +0800] "POST /open/bind.php?signature=3421272896c8442377f890ee22296a7aa6fe2b9b&timestamp=1482123887&nonce=800661721&encrypt_type=aes&msg_signature=a26a8a84d6a1b025e3a172b77b9f3996a6bd777e HTTP/1.1" 200 - "-" "Mozilla/4.0"
182.254.86.155 - - [19/Dec/2016:13:14:45 +0800] "POST /open/bind.php?signature=0a50e0ecce3b7193435407ecdf12d38fa81c8be1&timestamp=1482124485&nonce=1088265025&encrypt_type=aes&msg_signature=4744ca6e1b7bb10aa65fc86f8eebcfc9250d10b8 HTTP/1.1" 200 - "-" "Mozilla/4.0"
1.162.235.155 - - [19/Dec/2016:13:18:35 +0800] "CONNECT mx-tw.mail.gm0.yahoodns.net:25 HTTP/1.0" 200 32 "-" "-"
1.162.235.155 - - [19/Dec/2016:13:18:57 +0800] "CONNECT mx-tw.mail.gm0.yahoodns.net:25 HTTP/1.0" 200 32 "-" "-"
1.162.235.155 - - [19/Dec/2016:13:19:21 +0800] "CONNECT mx-tw.mail.gm0.yahoodns.net:25 HTTP/1.0" 200 32 "-" "-"
1.162.235.155 - - [19/Dec/2016:13:19:58 +0800] "CONNECT mx-tw.mail.gm0.yahoodns.net:25 HTTP/1.0" 200 32 "-" "-"
1.162.235.155 - - [19/Dec/2016:13:20:27 +0800] "CONNECT mx-tw.mail.gm0.yahoodns.net:25 HTTP/1.0" 200 32 "-" "-"
182.254.86.150 - - [19/Dec/2016:13:24:44 +0800] "POST /open/bind.php?signature=e1d166210ab55ff98708ef4f468b9bf46769aa86&timestamp=1482125084&nonce=300446146&encrypt_type=aes&msg_signature=240a91d642e62a015fdecbf8b0e722edc674c064 HTTP/1.1" 200 - "-" "Mozilla/4.0"
101.226.35.225 - - [19/Dec/2016:13:28:54 +0800] "GET / HTTP/1.1" 200 32 "http://123.206.75.86:80/" "Mozilla/5.0 (Windows NT 6.1; WOW64) AppleWebKit/537.36 (KHTML, like Gecko) Chrome/32.0.1700.76 Safari/537.36"
101.226.35.225 - - [19/Dec/2016:13:28:54 +0800] "GET / HTTP/1.1" 200 32 "-" "python-requests/2.11.1"
101.226.35.225 - - [19/Dec/2016:13:28:54 +0800] "GET / HTTP/1.1" 200 32 "-" "python-requests/2.11.1"
101.226.65.104 - - [19/Dec/2016:13:30:27 +0800] "GET /normal?signature%3D01b1a997bedf4a984dad366813e9325056761344%26echostr%3D1372539981593016830%26timestamp%3D1482111098%26nonce%3D1553114762 HTTP/1.1" 404 284 "-" "Mozilla/5.0 (compatible; MSIE 9.0; Windows NT 6.1; WOW64; Trident/5.0)"
117.185.27.115 - - [19/Dec/2016:13:33:33 +0800] "GET /open/bind.php?signature%3Df8fb5f635f794eaaaabc504e0c3a7d92e65f750c%26timestamp%3D1482106479%26nonce%3D927420201%26encrypt_type%3Daes%26msg_signature%3Dd439f6e78a3472756fdb8ee1c909a1228ff1e1a6 HTTP/1.1" 200 - "-" "Mozilla/5.0 (compatible; MSIE 9.0; Windows NT 6.1; Trident/5.0)"
182.254.86.155 - - [19/Dec/2016:13:34:43 +0800] "POST /open/bind.php?signature=6bcecdbe645ead06a082b43ab7609ff80984db4b&timestamp=1482125683&nonce=788244346&encrypt_type=aes&msg_signature=e7704a4ff3d55619affddd6352a8ffb79374b5c3 HTTP/1.1" 200 - "-" "Mozilla/4.0"
1.162.235.155 - - [19/Dec/2016:13:37:55 +0800] "CONNECT mx-tw.mail.gm0.yahoodns.net:25 HTTP/1.0" 200 32 "-" "-"
1.162.235.155 - - [19/Dec/2016:13:38:52 +0800] "CONNECT mx-tw.mail.gm0.yahoodns.net:25 HTTP/1.0" 200 32 "-" "-"
59.108.207.124 - - [19/Dec/2016:13:42:59 +0800] "GET /open/take_componen.php HTTP/1.1" 200 4 "-" "Mozilla/5.0 (Windows NT 6.1; WOW64; rv:50.0) Gecko/20100101 Firefox/50.0"
182.254.86.155 - - [19/Dec/2016:13:44:42 +0800] "POST /open/bind.php?signature=2464aeb05faa2ab36ca231cad54cb907945ac4f7&timestamp=1482126281&nonce=1737374620&encrypt_type=aes&msg_signature=ee378690c76d74bcaca6664adfa68d6e79477953 HTTP/1.1" 200 - "-" "Mozilla/4.0"
182.254.86.145 - - [19/Dec/2016:13:54:43 +0800] "POST /open/bind.php?signature=6d083a00862149059f0bad6ac878836874503c8f&timestamp=1482126883&nonce=504403837&encrypt_type=aes&msg_signature=a21670bca22aba32f6d705f7c69d8ecd0b614683 HTTP/1.1" 200 - "-" "Mozilla/4.0"
1.162.235.155 - - [19/Dec/2016:13:57:35 +0800] "CONNECT mx-tw.mail.gm0.yahoodns.net:25 HTTP/1.0" 200 32 "-" "-"
1.162.235.155 - - [19/Dec/2016:13:58:18 +0800] "CONNECT mx-tw.mail.gm0.yahoodns.net:25 HTTP/1.0" 200 32 "-" "-"
1.162.235.155 - - [19/Dec/2016:13:58:35 +0800] "CONNECT mx-tw.mail.gm0.yahoodns.net:25 HTTP/1.0" 200 32 "-" "-"
120.24.251.13 - - [19/Dec/2016:13:59:02 +0800] "GET /admin HTTP/1.1" 404 284 "-" "-"
1.162.235.155 - - [19/Dec/2016:13:59:11 +0800] "CONNECT mx-tw.mail.gm0.yahoodns.net:25 HTTP/1.0" 200 32 "-" "-"
1.162.235.155 - - [19/Dec/2016:13:59:58 +0800] "CONNECT mx-tw.mail.gm0.yahoodns.net:25 HTTP/1.0" 200 32 "-" "-"
182.254.86.140 - - [19/Dec/2016:14:04:49 +0800] "POST /open/bind.php?signature=536025e035673c86f5c36f70de101bf5b70e6fd9&timestamp=1482127489&nonce=978609934&encrypt_type=aes&msg_signature=a6e146672ac9e7c80f5311bac6f60866863c2077 HTTP/1.1" 200 - "-" "Mozilla/4.0"
23.251.63.45 - - [19/Dec/2016:14:10:50 +0800] "GET http://www.sbjudge3.com/azenv.php HTTP/1.1" 404 289 "-" "Mozilla/5.0 (compatible; MSIE 6.0; Windows NT 5.1; Trident/5.0)"
23.251.63.45 - - [19/Dec/2016:14:10:51 +0800] "CONNECT www.baidu.com:443 HTTP/1.1" 200 32 "-" "-"
182.254.86.145 - - [19/Dec/2016:14:14:45 +0800] "POST /open/bind.php?signature=e0d401911952fbcbaa11f3dfbe24eb4daa0bee17&timestamp=1482128085&nonce=521541988&encrypt_type=aes&msg_signature=88a8d9506275cb4c9f9ee28472a60a12d18ef654 HTTP/1.1" 200 - "-" "Mozilla/4.0"
180.153.214.178 - - [19/Dec/2016:14:14:55 +0800] "GET /manager/html HTTP/1.1" 404 289 "-" "Mozilla/5.0 (Windows NT 5.1) AppleWebKit/537.36 (KHTML, like Gecko) Chrome/45.0.2454.101 Safari/537.36"
1.162.235.155 - - [19/Dec/2016:14:17:10 +0800] "CONNECT mx-tw.mail.gm0.yahoodns.net:25 HTTP/1.0" 200 32 "-" "-"
1.162.235.155 - - [19/Dec/2016:14:17:44 +0800] "CONNECT mx-tw.mail.gm0.yahoodns.net:25 HTTP/1.0" 200 32 "-" "-"
1.162.235.155 - - [19/Dec/2016:14:18:16 +0800] "CONNECT mx-tw.mail.gm0.yahoodns.net:25 HTTP/1.0" 200 32 "-" "-"
1.162.235.155 - - [19/Dec/2016:14:18:32 +0800] "CONNECT mx-tw.mail.gm0.yahoodns.net:25 HTTP/1.0" 200 32 "-" "-"
182.254.86.155 - - [19/Dec/2016:14:24:38 +0800] "POST /open/bind.php?signature=20a67fdaf00b5258db25cf4a19fdd489c57708a9&timestamp=1482128678&nonce=2054175224&encrypt_type=aes&msg_signature=c8496dc109e739ade5fdbe4e66e625c9297af4e0 HTTP/1.1" 200 - "-" "Mozilla/4.0"
182.254.86.150 - - [19/Dec/2016:14:34:44 +0800] "POST /open/bind.php?signature=4f56acc44df602cb1d40b003ea56c3fa069386d2&timestamp=1482129284&nonce=1788389281&encrypt_type=aes&msg_signature=00b272400b109123023c9a028c183e7f257df2cc HTTP/1.1" 200 - "-" "Mozilla/4.0"
61.151.226.199 - - [19/Dec/2016:14:35:58 +0800] "GET /weixin/normal/server-url.php?signature%3Db9a58ecb63e8cc40f0b03d3b65b3b25bcde982dd%26echostr%3D4768739762689228222%26timestamp%3D1482111390%26nonce%3D2064304374 HTTP/1.1" 200 - "-" "Mozilla/5.0 (Windows NT 5.1) AppleWebKit/537.36 (KHTML, like Gecko) Chrome/45.0.2454.101 Safari/537.36"
1.162.235.155 - - [19/Dec/2016:14:36:36 +0800] "CONNECT mx-tw.mail.gm0.yahoodns.net:25 HTTP/1.0" 200 32 "-" "-"
59.108.207.124 - - [19/Dec/2016:14:38:07 +0800] "GET /open/take_componen.php HTTP/1.1" 200 4 "-" "Mozilla/5.0 (Windows NT 6.1; WOW64; rv:50.0) Gecko/20100101 Firefox/50.0"
59.108.207.124 - - [19/Dec/2016:14:38:11 +0800] "GET /open/take_componen.php HTTP/1.1" 200 4 "-" "Mozilla/5.0 (Windows NT 6.1; WOW64; rv:50.0) Gecko/20100101 Firefox/50.0"
59.108.207.124 - - [19/Dec/2016:14:38:12 +0800] "GET /open/take_componen.php HTTP/1.1" 200 4 "-" "Mozilla/5.0 (Windows NT 6.1; WOW64; rv:50.0) Gecko/20100101 Firefox/50.0"
59.108.207.124 - - [19/Dec/2016:14:38:13 +0800] "GET /open/take_componen.php HTTP/1.1" 200 4 "-" "Mozilla/5.0 (Windows NT 6.1; WOW64; rv:50.0) Gecko/20100101 Firefox/50.0"
59.108.207.124 - - [19/Dec/2016:14:39:27 +0800] "GET /open/take_componen.php HTTP/1.1" 200 4 "-" "Mozilla/5.0 (Windows NT 6.1; WOW64; rv:50.0) Gecko/20100101 Firefox/50.0"
59.108.207.124 - - [19/Dec/2016:14:39:29 +0800] "GET /open/take_componen.php HTTP/1.1" 200 4 "-" "Mozilla/5.0 (Windows NT 6.1; WOW64; rv:50.0) Gecko/20100101 Firefox/50.0"
59.108.207.124 - - [19/Dec/2016:14:39:29 +0800] "GET /open/take_componen.php HTTP/1.1" 200 4 "-" "Mozilla/5.0 (Windows NT 6.1; WOW64; rv:50.0) Gecko/20100101 Firefox/50.0"
59.108.207.124 - - [19/Dec/2016:14:39:29 +0800] "GET /open/take_componen.php HTTP/1.1" 200 4 "-" "Mozilla/5.0 (Windows NT 6.1; WOW64; rv:50.0) Gecko/20100101 Firefox/50.0"
59.108.207.124 - - [19/Dec/2016:14:39:29 +0800] "GET /open/take_componen.php HTTP/1.1" 200 4 "-" "Mozilla/5.0 (Windows NT 6.1; WOW64; rv:50.0) Gecko/20100101 Firefox/50.0"
59.108.207.124 - - [19/Dec/2016:14:39:30 +0800] "GET /open/take_componen.php HTTP/1.1" 200 4 "-" "Mozilla/5.0 (Windows NT 6.1; WOW64; rv:50.0) Gecko/20100101 Firefox/50.0"
59.108.207.124 - - [19/Dec/2016:14:39:30 +0800] "GET /open/take_componen.php HTTP/1.1" 200 4 "-" "Mozilla/5.0 (Windows NT 6.1; WOW64; rv:50.0) Gecko/20100101 Firefox/50.0"
59.108.207.124 - - [19/Dec/2016:14:39:30 +0800] "GET /open/take_componen.php HTTP/1.1" 200 4 "-" "Mozilla/5.0 (Windows NT 6.1; WOW64; rv:50.0) Gecko/20100101 Firefox/50.0"
59.108.207.124 - - [19/Dec/2016:14:39:30 +0800] "GET /open/take_componen.php HTTP/1.1" 200 4 "-" "Mozilla/5.0 (Windows NT 6.1; WOW64; rv:50.0) Gecko/20100101 Firefox/50.0"
59.108.207.124 - - [19/Dec/2016:14:39:31 +0800] "GET /open/take_componen.php HTTP/1.1" 200 4 "-" "Mozilla/5.0 (Windows NT 6.1; WOW64; rv:50.0) Gecko/20100101 Firefox/50.0"
59.108.207.124 - - [19/Dec/2016:14:39:31 +0800] "GET /open/take_componen.php HTTP/1.1" 200 4 "-" "Mozilla/5.0 (Windows NT 6.1; WOW64; rv:50.0) Gecko/20100101 Firefox/50.0"
59.108.207.124 - - [19/Dec/2016:14:39:31 +0800] "GET /open/take_componen.php HTTP/1.1" 200 4 "-" "Mozilla/5.0 (Windows NT 6.1; WOW64; rv:50.0) Gecko/20100101 Firefox/50.0"
59.108.207.124 - - [19/Dec/2016:14:39:31 +0800] "GET /open/take_componen.php HTTP/1.1" 200 4 "-" "Mozilla/5.0 (Windows NT 6.1; WOW64; rv:50.0) Gecko/20100101 Firefox/50.0"
59.108.207.124 - - [19/Dec/2016:14:39:31 +0800] "GET /open/take_componen.php HTTP/1.1" 200 4 "-" "Mozilla/5.0 (Windows NT 6.1; WOW64; rv:50.0) Gecko/20100101 Firefox/50.0"
59.108.207.124 - - [19/Dec/2016:14:39:32 +0800] "GET /open/take_componen.php HTTP/1.1" 200 4 "-" "Mozilla/5.0 (Windows NT 6.1; WOW64; rv:50.0) Gecko/20100101 Firefox/50.0"
59.108.207.124 - - [19/Dec/2016:14:39:32 +0800] "GET /open/take_componen.php HTTP/1.1" 200 4 "-" "Mozilla/5.0 (Windows NT 6.1; WOW64; rv:50.0) Gecko/20100101 Firefox/50.0"
59.108.207.124 - - [19/Dec/2016:14:39:32 +0800] "GET /open/take_componen.php HTTP/1.1" 200 4 "-" "Mozilla/5.0 (Windows NT 6.1; WOW64; rv:50.0) Gecko/20100101 Firefox/50.0"
59.108.207.124 - - [19/Dec/2016:14:39:33 +0800] "GET /open/take_componen.php HTTP/1.1" 200 4 "-" "Mozilla/5.0 (Windows NT 6.1; WOW64; rv:50.0) Gecko/20100101 Firefox/50.0"
59.108.207.124 - - [19/Dec/2016:14:39:33 +0800] "GET /open/take_componen.php HTTP/1.1" 200 4 "-" "Mozilla/5.0 (Windows NT 6.1; WOW64; rv:50.0) Gecko/20100101 Firefox/50.0"
59.108.207.124 - - [19/Dec/2016:14:39:34 +0800] "GET /open/take_componen.php HTTP/1.1" 200 4 "-" "Mozilla/5.0 (Windows NT 6.1; WOW64; rv:50.0) Gecko/20100101 Firefox/50.0"
59.108.207.124 - - [19/Dec/2016:14:39:34 +0800] "GET /open/take_componen.php HTTP/1.1" 200 4 "-" "Mozilla/5.0 (Windows NT 6.1; WOW64; rv:50.0) Gecko/20100101 Firefox/50.0"
59.108.207.124 - - [19/Dec/2016:14:39:34 +0800] "GET /open/take_componen.php HTTP/1.1" 200 4 "-" "Mozilla/5.0 (Windows NT 6.1; WOW64; rv:50.0) Gecko/20100101 Firefox/50.0"
59.108.207.124 - - [19/Dec/2016:14:39:34 +0800] "GET /open/take_componen.php HTTP/1.1" 200 4 "-" "Mozilla/5.0 (Windows NT 6.1; WOW64; rv:50.0) Gecko/20100101 Firefox/50.0"
59.108.207.124 - - [19/Dec/2016:14:39:35 +0800] "GET /open/take_componen.php HTTP/1.1" 200 4 "-" "Mozilla/5.0 (Windows NT 6.1; WOW64; rv:50.0) Gecko/20100101 Firefox/50.0"
59.108.207.124 - - [19/Dec/2016:14:39:35 +0800] "GET /open/take_componen.php HTTP/1.1" 200 4 "-" "Mozilla/5.0 (Windows NT 6.1; WOW64; rv:50.0) Gecko/20100101 Firefox/50.0"
59.108.207.124 - - [19/Dec/2016:14:39:35 +0800] "GET /open/take_componen.php HTTP/1.1" 200 4 "-" "Mozilla/5.0 (Windows NT 6.1; WOW64; rv:50.0) Gecko/20100101 Firefox/50.0"
59.108.207.124 - - [19/Dec/2016:14:39:35 +0800] "GET /open/take_componen.php HTTP/1.1" 200 4 "-" "Mozilla/5.0 (Windows NT 6.1; WOW64; rv:50.0) Gecko/20100101 Firefox/50.0"
59.108.207.124 - - [19/Dec/2016:14:39:35 +0800] "GET /open/take_componen.php HTTP/1.1" 200 4 "-" "Mozilla/5.0 (Windows NT 6.1; WOW64; rv:50.0) Gecko/20100101 Firefox/50.0"
59.108.207.124 - - [19/Dec/2016:14:39:35 +0800] "GET /open/take_componen.php HTTP/1.1" 200 4 "-" "Mozilla/5.0 (Windows NT 6.1; WOW64; rv:50.0) Gecko/20100101 Firefox/50.0"
59.108.207.124 - - [19/Dec/2016:14:39:36 +0800] "GET /open/take_componen.php HTTP/1.1" 200 4 "-" "Mozilla/5.0 (Windows NT 6.1; WOW64; rv:50.0) Gecko/20100101 Firefox/50.0"
59.108.207.124 - - [19/Dec/2016:14:39:36 +0800] "GET /open/take_componen.php HTTP/1.1" 200 4 "-" "Mozilla/5.0 (Windows NT 6.1; WOW64; rv:50.0) Gecko/20100101 Firefox/50.0"
59.108.207.124 - - [19/Dec/2016:14:39:36 +0800] "GET /open/take_componen.php HTTP/1.1" 200 4 "-" "Mozilla/5.0 (Windows NT 6.1; WOW64; rv:50.0) Gecko/20100101 Firefox/50.0"
59.108.207.124 - - [19/Dec/2016:14:39:36 +0800] "GET /open/take_componen.php HTTP/1.1" 200 4 "-" "Mozilla/5.0 (Windows NT 6.1; WOW64; rv:50.0) Gecko/20100101 Firefox/50.0"
59.108.207.124 - - [19/Dec/2016:14:39:37 +0800] "GET /open/take_componen.php HTTP/1.1" 200 4 "-" "Mozilla/5.0 (Windows NT 6.1; WOW64; rv:50.0) Gecko/20100101 Firefox/50.0"
59.108.207.124 - - [19/Dec/2016:14:39:37 +0800] "GET /open/take_componen.php HTTP/1.1" 200 4 "-" "Mozilla/5.0 (Windows NT 6.1; WOW64; rv:50.0) Gecko/20100101 Firefox/50.0"
182.254.86.155 - - [19/Dec/2016:14:44:44 +0800] "POST /open/bind.php?signature=45916298db1b8bab8dc40e86b63bee35990cc668&timestamp=1482129883&nonce=1491364788&encrypt_type=aes&msg_signature=ceb1e85d133aaa8017127456d4706ebaff733fa0 HTTP/1.1" 200 - "-" "Mozilla/4.0"
182.254.86.155 - - [19/Dec/2016:14:54:46 +0800] "POST /open/bind.php?signature=b3cb04a44536346491ba8b779c9e26d7385375be&timestamp=1482130486&nonce=759800784&encrypt_type=aes&msg_signature=a84a9f903a11519ada5b412db39ca2dea6e36e77 HTTP/1.1" 200 - "-" "Mozilla/4.0"
59.108.207.124 - - [19/Dec/2016:14:54:49 +0800] "GET /open/take_componen.php HTTP/1.1" 200 4 "-" "Mozilla/5.0 (Windows NT 6.1; WOW64; rv:50.0) Gecko/20100101 Firefox/50.0"
59.108.207.124 - - [19/Dec/2016:14:54:50 +0800] "GET /open/take_componen.php HTTP/1.1" 200 4 "-" "Mozilla/5.0 (Windows NT 6.1; WOW64; rv:50.0) Gecko/20100101 Firefox/50.0"
59.108.207.124 - - [19/Dec/2016:14:54:51 +0800] "GET /open/take_componen.php HTTP/1.1" 200 4 "-" "Mozilla/5.0 (Windows NT 6.1; WOW64; rv:50.0) Gecko/20100101 Firefox/50.0"
59.108.207.124 - - [19/Dec/2016:14:54:52 +0800] "GET /open/take_componen.php HTTP/1.1" 200 4 "-" "Mozilla/5.0 (Windows NT 6.1; WOW64; rv:50.0) Gecko/20100101 Firefox/50.0"
59.108.207.124 - - [19/Dec/2016:14:54:53 +0800] "GET /open/take_componen.php HTTP/1.1" 200 4 "-" "Mozilla/5.0 (Windows NT 6.1; WOW64; rv:50.0) Gecko/20100101 Firefox/50.0"
59.108.207.124 - - [19/Dec/2016:14:54:54 +0800] "GET /open/take_componen.php HTTP/1.1" 200 4 "-" "Mozilla/5.0 (Windows NT 6.1; WOW64; rv:50.0) Gecko/20100101 Firefox/50.0"
59.108.207.124 - - [19/Dec/2016:14:54:55 +0800] "GET /open/take_componen.php HTTP/1.1" 200 4 "-" "Mozilla/5.0 (Windows NT 6.1; WOW64; rv:50.0) Gecko/20100101 Firefox/50.0"
59.108.207.124 - - [19/Dec/2016:14:54:57 +0800] "GET /open/take_componen.php HTTP/1.1" 200 4 "-" "Mozilla/5.0 (Windows NT 6.1; WOW64; rv:50.0) Gecko/20100101 Firefox/50.0"
59.108.207.124 - - [19/Dec/2016:14:54:58 +0800] "GET /open/take_componen.php HTTP/1.1" 200 4 "-" "Mozilla/5.0 (Windows NT 6.1; WOW64; rv:50.0) Gecko/20100101 Firefox/50.0"
59.108.207.124 - - [19/Dec/2016:14:55:20 +0800] "GET /favicon.ico HTTP/1.1" 404 289 "-" "Mozilla/5.0 (Windows NT 6.1; WOW64) AppleWebKit/537.36 (KHTML, like Gecko) Chrome/45.0.2454.101 Safari/537.36"
59.108.207.124 - - [19/Dec/2016:14:55:21 +0800] "GET /open/take_componen.php HTTP/1.1" 200 4 "-" "Mozilla/5.0 (Windows NT 6.1; WOW64) AppleWebKit/537.36 (KHTML, like Gecko) Chrome/45.0.2454.101 Safari/537.36"
59.108.207.124 - - [19/Dec/2016:14:55:22 +0800] "GET /favicon.ico HTTP/1.1" 404 289 "http://www.pxz1004.cn/open/take_componen.php" "Mozilla/5.0 (Windows NT 6.1; WOW64) AppleWebKit/537.36 (KHTML, like Gecko) Chrome/45.0.2454.101 Safari/537.36"
59.108.207.124 - - [19/Dec/2016:14:55:26 +0800] "GET /open/take_componen.php HTTP/1.1" 200 4 "-" "Mozilla/5.0 (Windows NT 6.1; WOW64) AppleWebKit/537.36 (KHTML, like Gecko) Chrome/45.0.2454.101 Safari/537.36"
59.108.207.124 - - [19/Dec/2016:14:55:26 +0800] "GET /open/take_componen.php HTTP/1.1" 200 4 "-" "Mozilla/5.0 (Windows NT 6.1; WOW64) AppleWebKit/537.36 (KHTML, like Gecko) Chrome/45.0.2454.101 Safari/537.36"
59.108.207.124 - - [19/Dec/2016:14:55:26 +0800] "GET /open/take_componen.php HTTP/1.1" 200 4 "-" "Mozilla/5.0 (Windows NT 6.1; WOW64) AppleWebKit/537.36 (KHTML, like Gecko) Chrome/45.0.2454.101 Safari/537.36"
59.108.207.124 - - [19/Dec/2016:14:55:27 +0800] "GET /open/take_componen.php HTTP/1.1" 200 4 "-" "Mozilla/5.0 (Windows NT 6.1; WOW64) AppleWebKit/537.36 (KHTML, like Gecko) Chrome/45.0.2454.101 Safari/537.36"
59.108.207.124 - - [19/Dec/2016:14:55:27 +0800] "GET /open/take_componen.php HTTP/1.1" 200 4 "-" "Mozilla/5.0 (Windows NT 6.1; WOW64) AppleWebKit/537.36 (KHTML, like Gecko) Chrome/45.0.2454.101 Safari/537.36"
59.108.207.124 - - [19/Dec/2016:14:55:27 +0800] "GET /open/take_componen.php HTTP/1.1" 200 4 "-" "Mozilla/5.0 (Windows NT 6.1; WOW64) AppleWebKit/537.36 (KHTML, like Gecko) Chrome/45.0.2454.101 Safari/537.36"
59.108.207.124 - - [19/Dec/2016:14:55:27 +0800] "GET /open/take_componen.php HTTP/1.1" 200 4 "-" "Mozilla/5.0 (Windows NT 6.1; WOW64) AppleWebKit/537.36 (KHTML, like Gecko) Chrome/45.0.2454.101 Safari/537.36"
59.108.207.124 - - [19/Dec/2016:14:55:27 +0800] "GET /open/take_componen.php HTTP/1.1" 200 4 "-" "Mozilla/5.0 (Windows NT 6.1; WOW64) AppleWebKit/537.36 (KHTML, like Gecko) Chrome/45.0.2454.101 Safari/537.36"
59.108.207.124 - - [19/Dec/2016:14:55:28 +0800] "GET /open/take_componen.php HTTP/1.1" 200 4 "-" "Mozilla/5.0 (Windows NT 6.1; WOW64) AppleWebKit/537.36 (KHTML, like Gecko) Chrome/45.0.2454.101 Safari/537.36"
59.108.207.124 - - [19/Dec/2016:14:55:28 +0800] "GET /open/take_componen.php HTTP/1.1" 200 4 "-" "Mozilla/5.0 (Windows NT 6.1; WOW64) AppleWebKit/537.36 (KHTML, like Gecko) Chrome/45.0.2454.101 Safari/537.36"
59.108.207.124 - - [19/Dec/2016:14:55:28 +0800] "GET /open/take_componen.php HTTP/1.1" 200 4 "-" "Mozilla/5.0 (Windows NT 6.1; WOW64) AppleWebKit/537.36 (KHTML, like Gecko) Chrome/45.0.2454.101 Safari/537.36"
59.108.207.124 - - [19/Dec/2016:14:55:28 +0800] "GET /open/take_componen.php HTTP/1.1" 200 4 "-" "Mozilla/5.0 (Windows NT 6.1; WOW64) AppleWebKit/537.36 (KHTML, like Gecko) Chrome/45.0.2454.101 Safari/537.36"
59.108.207.124 - - [19/Dec/2016:14:55:29 +0800] "GET /open/take_componen.php HTTP/1.1" 200 4 "-" "Mozilla/5.0 (Windows NT 6.1; WOW64) AppleWebKit/537.36 (KHTML, like Gecko) Chrome/45.0.2454.101 Safari/537.36"
59.108.207.124 - - [19/Dec/2016:14:55:29 +0800] "GET /open/take_componen.php HTTP/1.1" 200 4 "-" "Mozilla/5.0 (Windows NT 6.1; WOW64) AppleWebKit/537.36 (KHTML, like Gecko) Chrome/45.0.2454.101 Safari/537.36"
59.108.207.124 - - [19/Dec/2016:14:55:29 +0800] "GET /open/take_componen.php HTTP/1.1" 200 4 "-" "Mozilla/5.0 (Windows NT 6.1; WOW64) AppleWebKit/537.36 (KHTML, like Gecko) Chrome/45.0.2454.101 Safari/537.36"
59.108.207.124 - - [19/Dec/2016:14:55:29 +0800] "GET /open/take_componen.php HTTP/1.1" 200 4 "-" "Mozilla/5.0 (Windows NT 6.1; WOW64) AppleWebKit/537.36 (KHTML, like Gecko) Chrome/45.0.2454.101 Safari/537.36"
59.108.207.124 - - [19/Dec/2016:14:55:30 +0800] "GET /open/take_componen.php HTTP/1.1" 200 4 "-" "Mozilla/5.0 (Windows NT 6.1; WOW64) AppleWebKit/537.36 (KHTML, like Gecko) Chrome/45.0.2454.101 Safari/537.36"
59.108.207.124 - - [19/Dec/2016:14:55:31 +0800] "GET /open/take_componen.php HTTP/1.1" 200 4 "-" "Mozilla/5.0 (Windows NT 6.1; WOW64) AppleWebKit/537.36 (KHTML, like Gecko) Chrome/45.0.2454.101 Safari/537.36"
59.108.207.124 - - [19/Dec/2016:14:55:31 +0800] "GET /open/take_componen.php HTTP/1.1" 200 4 "-" "Mozilla/5.0 (Windows NT 6.1; WOW64) AppleWebKit/537.36 (KHTML, like Gecko) Chrome/45.0.2454.101 Safari/537.36"
59.108.207.124 - - [19/Dec/2016:14:55:31 +0800] "GET /open/take_componen.php HTTP/1.1" 200 4 "-" "Mozilla/5.0 (Windows NT 6.1; WOW64) AppleWebKit/537.36 (KHTML, like Gecko) Chrome/45.0.2454.101 Safari/537.36"
59.108.207.124 - - [19/Dec/2016:14:55:31 +0800] "GET /open/take_componen.php HTTP/1.1" 200 4 "-" "Mozilla/5.0 (Windows NT 6.1; WOW64) AppleWebKit/537.36 (KHTML, like Gecko) Chrome/45.0.2454.101 Safari/537.36"
59.108.207.124 - - [19/Dec/2016:14:55:32 +0800] "GET /open/take_componen.php HTTP/1.1" 200 4 "-" "Mozilla/5.0 (Windows NT 6.1; WOW64) AppleWebKit/537.36 (KHTML, like Gecko) Chrome/45.0.2454.101 Safari/537.36"
1.162.235.155 - - [19/Dec/2016:14:56:13 +0800] "CONNECT mx-tw.mail.gm0.yahoodns.net:25 HTTP/1.0" 200 32 "-" "-"
1.162.235.155 - - [19/Dec/2016:14:56:55 +0800] "CONNECT mx-tw.mail.gm0.yahoodns.net:25 HTTP/1.0" 200 32 "-" "-"
106.120.161.66 - - [19/Dec/2016:14:57:17 +0800] "GET /open/take_componen.php HTTP/1.1" 200 4 "http://www.pxz1004.cn/open/take_componen.php" "Mozilla/4.0 (compatible; MSIE 8.0; Windows NT 6.1; Trident/4.0; SLCC2; .NET CLR 2.0.50727; .NET CLR 3.5.30729; .NET CLR 3.0.30729; Media Center PC 6.0; Tablet PC 2.0)"
59.108.207.124 - - [19/Dec/2016:14:57:21 +0800] "GET /open/take_componen.php HTTP/1.1" 200 4 "-" "Mozilla/5.0 (Windows NT 6.1; WOW64; rv:50.0) Gecko/20100101 Firefox/50.0"
59.108.207.124 - - [19/Dec/2016:14:57:22 +0800] "GET /open/take_componen.php HTTP/1.1" 200 4 "-" "Mozilla/5.0 (Windows NT 6.1; WOW64; rv:50.0) Gecko/20100101 Firefox/50.0"
59.108.207.124 - - [19/Dec/2016:14:57:23 +0800] "GET /open/take_componen.php HTTP/1.1" 200 4 "-" "Mozilla/5.0 (Windows NT 6.1; WOW64; rv:50.0) Gecko/20100101 Firefox/50.0"
59.108.207.124 - - [19/Dec/2016:14:57:23 +0800] "GET /open/take_componen.php HTTP/1.1" 200 4 "-" "Mozilla/5.0 (Windows NT 6.1; WOW64; rv:50.0) Gecko/20100101 Firefox/50.0"
59.108.207.124 - - [19/Dec/2016:14:57:24 +0800] "GET /open/take_componen.php HTTP/1.1" 200 4 "-" "Mozilla/5.0 (Windows NT 6.1; WOW64; rv:50.0) Gecko/20100101 Firefox/50.0"
59.108.207.124 - - [19/Dec/2016:14:57:25 +0800] "GET /open/take_componen.php HTTP/1.1" 200 4 "-" "Mozilla/5.0 (Windows NT 6.1; WOW64; rv:50.0) Gecko/20100101 Firefox/50.0"
101.199.112.52 - - [19/Dec/2016:14:57:33 +0800] "GET /open/take_componen.php HTTP/1.1" 200 4 "-" "Mozilla/5.0 (Linux; U; Android 5.0.2; zh-CN; Redmi Note 3 Build/LRX22G) AppleWebKit/537.36 (KHTML, like Gecko) Version/4.0 OPR/11.2.3.102637 Mobile Safari/537.36"
182.118.20.152 - - [19/Dec/2016:14:57:36 +0800] "GET /open/take_componen.php HTTP/1.1" 200 4 "-" "Mozilla/5.0 (Linux; U; Android 5.0.2; zh-CN; Redmi Note 3 Build/LRX22G) AppleWebKit/537.36 (KHTML, like Gecko) Version/4.0 OPR/11.2.3.102637 Mobile Safari/537.36"
171.13.14.148 - - [19/Dec/2016:14:57:39 +0800] "GET /open/take_componen.php HTTP/1.1" 200 4 "-" "Mozilla/5.0 (Linux; U; Android 5.0.2; zh-CN; Redmi Note 3 Build/LRX22G) AppleWebKit/537.36 (KHTML, like Gecko) Version/4.0 OPR/11.2.3.102637 Mobile Safari/537.36"
1.162.235.155 - - [19/Dec/2016:14:57:43 +0800] "CONNECT mx-tw.mail.gm0.yahoodns.net:25 HTTP/1.0" 200 32 "-" "-"
59.108.207.124 - - [19/Dec/2016:14:58:05 +0800] "GET /open/take_componen.php HTTP/1.1" 200 4 "-" "Mozilla/5.0 (Windows NT 6.1; WOW64; rv:50.0) Gecko/20100101 Firefox/50.0"
59.108.207.124 - - [19/Dec/2016:14:58:05 +0800] "GET /open/take_componen.php HTTP/1.1" 200 4 "-" "Mozilla/5.0 (Windows NT 6.1; WOW64; rv:50.0) Gecko/20100101 Firefox/50.0"
59.108.207.124 - - [19/Dec/2016:14:58:05 +0800] "GET /open/take_componen.php HTTP/1.1" 200 4 "-" "Mozilla/5.0 (Windows NT 6.1; WOW64; rv:50.0) Gecko/20100101 Firefox/50.0"
59.108.207.124 - - [19/Dec/2016:14:58:06 +0800] "GET /open/take_componen.php HTTP/1.1" 200 4 "-" "Mozilla/5.0 (Windows NT 6.1; WOW64; rv:50.0) Gecko/20100101 Firefox/50.0"
59.108.207.124 - - [19/Dec/2016:14:58:06 +0800] "GET /open/take_componen.php HTTP/1.1" 200 4 "-" "Mozilla/5.0 (Windows NT 6.1; WOW64; rv:50.0) Gecko/20100101 Firefox/50.0"
59.108.207.124 - - [19/Dec/2016:14:58:06 +0800] "GET /open/take_componen.php HTTP/1.1" 200 4 "-" "Mozilla/5.0 (Windows NT 6.1; WOW64; rv:50.0) Gecko/20100101 Firefox/50.0"
59.108.207.124 - - [19/Dec/2016:14:58:06 +0800] "GET /open/take_componen.php HTTP/1.1" 200 4 "-" "Mozilla/5.0 (Windows NT 6.1; WOW64; rv:50.0) Gecko/20100101 Firefox/50.0"
59.108.207.124 - - [19/Dec/2016:14:58:07 +0800] "GET /open/take_componen.php HTTP/1.1" 200 4 "-" "Mozilla/5.0 (Windows NT 6.1; WOW64; rv:50.0) Gecko/20100101 Firefox/50.0"
59.108.207.124 - - [19/Dec/2016:14:58:07 +0800] "GET /open/take_componen.php HTTP/1.1" 200 4 "-" "Mozilla/5.0 (Windows NT 6.1; WOW64; rv:50.0) Gecko/20100101 Firefox/50.0"
59.108.207.124 - - [19/Dec/2016:14:58:07 +0800] "GET /open/take_componen.php HTTP/1.1" 200 4 "-" "Mozilla/5.0 (Windows NT 6.1; WOW64; rv:50.0) Gecko/20100101 Firefox/50.0"
59.108.207.124 - - [19/Dec/2016:14:58:07 +0800] "GET /open/take_componen.php HTTP/1.1" 200 4 "-" "Mozilla/5.0 (Windows NT 6.1; WOW64; rv:50.0) Gecko/20100101 Firefox/50.0"
59.108.207.124 - - [19/Dec/2016:14:58:07 +0800] "GET /open/take_componen.php HTTP/1.1" 200 4 "-" "Mozilla/5.0 (Windows NT 6.1; WOW64; rv:50.0) Gecko/20100101 Firefox/50.0"
59.108.207.124 - - [19/Dec/2016:14:58:41 +0800] "GET /open/take_componen.php HTTP/1.1" 200 4 "-" "Mozilla/5.0 (Windows NT 6.1; WOW64; rv:50.0) Gecko/20100101 Firefox/50.0"
59.108.207.124 - - [19/Dec/2016:14:58:42 +0800] "GET /open/take_componen.php HTTP/1.1" 200 4 "-" "Mozilla/5.0 (Windows NT 6.1; WOW64; rv:50.0) Gecko/20100101 Firefox/50.0"
59.108.207.124 - - [19/Dec/2016:14:58:42 +0800] "GET /open/take_componen.php HTTP/1.1" 200 4 "-" "Mozilla/5.0 (Windows NT 6.1; WOW64; rv:50.0) Gecko/20100101 Firefox/50.0"
59.108.207.124 - - [19/Dec/2016:14:59:51 +0800] "GET /open/take_componen.php HTTP/1.1" 200 4 "-" "Mozilla/5.0 (Windows NT 6.1; WOW64; rv:50.0) Gecko/20100101 Firefox/50.0"
59.108.207.124 - - [19/Dec/2016:14:59:52 +0800] "GET /open/take_componen.php HTTP/1.1" 200 4 "-" "Mozilla/5.0 (Windows NT 6.1; WOW64; rv:50.0) Gecko/20100101 Firefox/50.0"
59.108.207.124 - - [19/Dec/2016:15:01:57 +0800] "GET /open/take_componen.php HTTP/1.1" 200 4 "-" "Mozilla/5.0 (Windows NT 6.1; WOW64; rv:50.0) Gecko/20100101 Firefox/50.0"
59.108.207.124 - - [19/Dec/2016:15:01:58 +0800] "GET /open/take_componen.php HTTP/1.1" 200 4 "-" "Mozilla/5.0 (Windows NT 6.1; WOW64; rv:50.0) Gecko/20100101 Firefox/50.0"
59.108.207.124 - - [19/Dec/2016:15:02:52 +0800] "GET /open/take_componen.php HTTP/1.1" 200 4 "-" "Mozilla/5.0 (Windows NT 6.1; WOW64; rv:50.0) Gecko/20100101 Firefox/50.0"
59.108.207.124 - - [19/Dec/2016:15:02:52 +0800] "GET /open/take_componen.php HTTP/1.1" 200 4 "-" "Mozilla/5.0 (Windows NT 6.1; WOW64; rv:50.0) Gecko/20100101 Firefox/50.0"
59.108.207.124 - - [19/Dec/2016:15:02:53 +0800] "GET /open/take_componen.php HTTP/1.1" 200 4 "-" "Mozilla/5.0 (Windows NT 6.1; WOW64; rv:50.0) Gecko/20100101 Firefox/50.0"
59.108.207.124 - - [19/Dec/2016:15:03:00 +0800] "GET /open/take_componen.php HTTP/1.1" 200 4 "-" "Mozilla/5.0 (Windows NT 6.1; WOW64; rv:50.0) Gecko/20100101 Firefox/50.0"
175.138.83.74 - - [19/Dec/2016:15:03:43 +0800] "GET / HTTP/1.0" 200 32 "-" "Mozilla/5.0 (compatible; Googlebot/2.1; +http://www.google.com/bot.html)"
182.254.86.150 - - [19/Dec/2016:15:04:48 +0800] "POST /open/bind.php?signature=d916ee89d4b76c51c2aeb276d398502426fefdce&timestamp=1482131088&nonce=450653644&encrypt_type=aes&msg_signature=c43973a0caaf0588c913c51d470d01a9b080d241 HTTP/1.1" 200 7 "-" "Mozilla/4.0"
183.230.156.20 - - [19/Dec/2016:15:09:34 +0800] "GET http://pan.baidu.com/share/verify?shareid=3506424749&uk=1395655582 HTTP/1.1" 404 289 "-" "Mozilla/4.0 (compatible; MSIE 4.01; Windows 95)"
182.254.86.140 - - [19/Dec/2016:15:14:47 +0800] "POST /open/bind.php?signature=028281775fb20b786013abb3d055a8d2a9664d7b&timestamp=1482131687&nonce=1454684048&encrypt_type=aes&msg_signature=1f30fb69084b601522876d4d91ccfe45fa0ee636 HTTP/1.1" 200 7 "-" "Mozilla/4.0"
59.108.207.124 - - [19/Dec/2016:15:16:05 +0800] "GET /open/take_componen.php HTTP/1.1" 200 4 "-" "Mozilla/5.0 (Windows NT 6.1; WOW64; rv:50.0) Gecko/20100101 Firefox/50.0"
59.108.207.124 - - [19/Dec/2016:15:16:16 +0800] "GET /open/take_componen.php HTTP/1.1" 200 4 "-" "Mozilla/5.0 (Windows NT 6.1; WOW64; rv:50.0) Gecko/20100101 Firefox/50.0"
1.162.235.155 - - [19/Dec/2016:15:16:33 +0800] "CONNECT mx-tw.mail.gm0.yahoodns.net:25 HTTP/1.0" 200 32 "-" "-"
1.162.235.155 - - [19/Dec/2016:15:17:12 +0800] "CONNECT mx-tw.mail.gm0.yahoodns.net:25 HTTP/1.0" 200 32 "-" "-"
59.108.207.124 - - [19/Dec/2016:15:17:16 +0800] "GET /open/bind.php HTTP/1.1" 200 7 "-" "Mozilla/5.0 (Windows NT 6.1; WOW64; rv:50.0) Gecko/20100101 Firefox/50.0"
101.226.33.237 - - [19/Dec/2016:15:17:34 +0800] "GET /open/bind.php HTTP/1.1" 200 7 "-" "Mozilla/5.0 (Windows NT 5.1) AppleWebKit/537.36 (KHTML, like Gecko) Chrome/45.0.2454.101 Safari/537.36"
1.162.235.155 - - [19/Dec/2016:15:17:46 +0800] "CONNECT mx-tw.mail.gm0.yahoodns.net:25 HTTP/1.0" 200 32 "-" "-"
1.162.235.155 - - [19/Dec/2016:15:18:26 +0800] "CONNECT mx-tw.mail.gm0.yahoodns.net:25 HTTP/1.0" 200 32 "-" "-"
59.108.207.124 - - [19/Dec/2016:15:18:36 +0800] "GET /open/bind.php HTTP/1.1" 200 7 "-" "Mozilla/5.0 (Windows NT 6.1; WOW64; rv:50.0) Gecko/20100101 Firefox/50.0"
180.137.167.105 - - [19/Dec/2016:15:18:45 +0800] "GET /phpmyadmin HTTP/1.1" 404 287 "http://123.206.75.86/phpmyadmin" "Mozilla/4.0 (compatible; MSIE 9.0; Windows NT 6.1)"
1.162.235.155 - - [19/Dec/2016:15:18:50 +0800] "CONNECT mx-tw.mail.gm0.yahoodns.net:25 HTTP/1.0" 200 32 "-" "-"
1.162.235.155 - - [19/Dec/2016:15:19:45 +0800] "CONNECT mx-tw.mail.gm0.yahoodns.net:25 HTTP/1.0" 200 32 "-" "-"
59.108.207.124 - - [19/Dec/2016:15:20:39 +0800] "GET /open/test_file.php HTTP/1.1" 200 6 "-" "Mozilla/5.0 (Windows NT 6.1; WOW64; rv:50.0) Gecko/20100101 Firefox/50.0"
101.226.89.117 - - [19/Dec/2016:15:20:49 +0800] "GET /open/test_file.php HTTP/1.1" 200 6 "-" "Mozilla/5.0 (Windows NT 5.1) AppleWebKit/537.36 (KHTML, like Gecko) Chrome/45.0.2454.101 Safari/537.36"
59.108.207.124 - - [19/Dec/2016:15:21:28 +0800] "GET /open/test_file.php HTTP/1.1" 200 10 "-" "Mozilla/5.0 (Windows NT 6.1; WOW64; rv:50.0) Gecko/20100101 Firefox/50.0"
59.108.207.124 - - [19/Dec/2016:15:21:35 +0800] "GET /open/test_file.php HTTP/1.1" 200 10 "-" "Mozilla/5.0 (Windows NT 6.1; WOW64; rv:50.0) Gecko/20100101 Firefox/50.0"
59.108.207.124 - - [19/Dec/2016:15:21:38 +0800] "GET /open/test_file.php HTTP/1.1" 200 10 "-" "Mozilla/5.0 (Windows NT 6.1; WOW64; rv:50.0) Gecko/20100101 Firefox/50.0"
59.108.207.124 - - [19/Dec/2016:15:22:10 +0800] "GET /open/test_file.php HTTP/1.1" 200 10 "-" "Mozilla/5.0 (Windows NT 6.1; WOW64; rv:50.0) Gecko/20100101 Firefox/50.0"
59.108.207.124 - - [19/Dec/2016:15:22:40 +0800] "GET /open/test_file.php HTTP/1.1" 200 10 "-" "Mozilla/5.0 (Windows NT 6.1; WOW64; rv:50.0) Gecko/20100101 Firefox/50.0"
182.254.86.145 - - [19/Dec/2016:15:24:45 +0800] "POST /open/bind.php?signature=c7aa07cdabae0c8fb8de24117201b5cb8a3a3e30&timestamp=1482132284&nonce=1791278415&encrypt_type=aes&msg_signature=eef3ac976ce217a9a7d6a5687aa4e10ca903d816 HTTP/1.1" 200 7 "-" "Mozilla/4.0"
182.254.86.150 - - [19/Dec/2016:15:34:41 +0800] "POST /open/bind.php?signature=ccd2cabfcf3f6047c4568a206433f19ff9f8a72c&timestamp=1482132881&nonce=1331801696&encrypt_type=aes&msg_signature=3ade96bac378f2b1fb6b9f74b35a267a634465d2 HTTP/1.1" 200 7 "-" "Mozilla/4.0"
1.162.235.155 - - [19/Dec/2016:15:35:22 +0800] "CONNECT mx-tw.mail.gm0.yahoodns.net:25 HTTP/1.0" 200 32 "-" "-"
1.162.235.155 - - [19/Dec/2016:15:36:27 +0800] "CONNECT mx-tw.mail.gm0.yahoodns.net:25 HTTP/1.0" 200 32 "-" "-"
182.254.86.145 - - [19/Dec/2016:15:44:07 +0800] "POST /open/bind.php?signature=0ea9bb525fa4674abd889fad15f49346234aff70&timestamp=1482133447&nonce=1778999067&encrypt_type=aes&msg_signature=5cbbf381174391754bef353cf18cdf74d5c9e55c HTTP/1.1" 200 7 "-" "Mozilla/4.0"
1.162.235.155 - - [19/Dec/2016:15:54:44 +0800] "CONNECT mx-tw.mail.gm0.yahoodns.net:25 HTTP/1.0" 200 32 "-" "-"
182.254.86.140 - - [19/Dec/2016:15:54:44 +0800] "POST /open/bind.php?signature=a8ffd5dc42d410b8e44145500f4a0bd030b7800d&timestamp=1482134084&nonce=1401587009&encrypt_type=aes&msg_signature=be4da95df299cfdd3ec23aae5a0451fe12bbdb15 HTTP/1.1" 200 7 "-" "Mozilla/4.0"
1.162.235.155 - - [19/Dec/2016:15:55:10 +0800] "CONNECT mx-tw.mail.gm0.yahoodns.net:25 HTTP/1.0" 200 32 "-" "-"
1.162.235.155 - - [19/Dec/2016:15:55:39 +0800] "CONNECT mx-tw.mail.gm0.yahoodns.net:25 HTTP/1.0" 200 32 "-" "-"
1.162.235.155 - - [19/Dec/2016:15:56:08 +0800] "CONNECT mx-tw.mail.gm0.yahoodns.net:25 HTTP/1.0" 200 32 "-" "-"
61.151.217.45 - - [19/Dec/2016:16:04:03 +0800] "GET /linuxsucks.php?lang%2525252525252525253Den%25252525252525252526serv%2525252525252525253D0%25252525252525252526sp%2525252525252525253D3%25252525252525252526corp%2525252525252525253D0%25252525252525252526act%2525252525252525253Dgetkey%25252525252525252526affid%2525252525252525253D3%25252525252525252526os%2525252525252525253DWindows%252525252525252525252BXP%25252525252525252526id%2525252525252525253D120D08AF37D232%25252525252525252526x64%2525252525252525253D0 HTTP/1.1" 404 291 "-" "Mozilla/5.0 (Windows NT 5.1) AppleWebKit/537.36 (KHTML, like Gecko) Chrome/45.0.2454.101 Safari/537.36"
182.254.86.140 - - [19/Dec/2016:16:04:20 +0800] "POST /open/bind.php?signature=06f310339969f9ba5f42ff4352c46aaebd51dbfb&timestamp=1482134660&nonce=1455242556&encrypt_type=aes&msg_signature=f8c52a8eabab3ff7f82ca9217dc7db340bb68e36 HTTP/1.1" 200 7 "-" "Mozilla/4.0"
180.153.201.79 - - [19/Dec/2016:16:11:26 +0800] "GET /open/bind.php?signature%3D3adcc9281e355bad09f546ddff989ed6f8e8b506%26timestamp%3D1482120287%26nonce%3D759829877%26encrypt_type%3Daes%26msg_signature%3D02ad67cf84754fcdc8ffbc5e0ff31ae4a881cc79 HTTP/1.1" 200 7 "-" "Mozilla/5.0 (compatible; MSIE 9.0; Windows NT 6.1; Trident/5.0)"
1.162.235.155 - - [19/Dec/2016:16:14:27 +0800] "CONNECT mx-tw.mail.gm0.yahoodns.net:25 HTTP/1.0" 200 32 "-" "-"
182.254.86.140 - - [19/Dec/2016:16:14:47 +0800] "POST /open/bind.php?signature=c5a2f5127d5953c396147eb39c0454028ffebf23&timestamp=1482135287&nonce=1999236394&encrypt_type=aes&msg_signature=aa188cc51e128bfa5f9706a42a44770aa4693f18 HTTP/1.1" 200 7 "-" "Mozilla/4.0"
1.162.235.155 - - [19/Dec/2016:16:14:58 +0800] "CONNECT mx-tw.mail.gm0.yahoodns.net:25 HTTP/1.0" 200 32 "-" "-"
1.162.235.155 - - [19/Dec/2016:16:15:29 +0800] "CONNECT mx-tw.mail.gm0.yahoodns.net:25 HTTP/1.0" 200 32 "-" "-"
1.162.235.155 - - [19/Dec/2016:16:15:58 +0800] "CONNECT mx-tw.mail.gm0.yahoodns.net:25 HTTP/1.0" 200 32 "-" "-"
182.254.86.150 - - [19/Dec/2016:16:24:48 +0800] "POST /open/bind.php?signature=b8abcc670f7d1f68189eb4e397e16508b03146d7&timestamp=1482135888&nonce=1206064799&encrypt_type=aes&msg_signature=e5cb3fdad2d485379f0b0da60933b61cffc856e6 HTTP/1.1" 200 7 "-" "Mozilla/4.0"
59.108.207.124 - - [19/Dec/2016:16:33:56 +0800] "GET /open/conn.php HTTP/1.1" 404 291 "-" "Mozilla/5.0 (Windows NT 6.1; WOW64; rv:50.0) Gecko/20100101 Firefox/50.0"
101.226.65.104 - - [19/Dec/2016:16:34:06 +0800] "GET /open/conn.php HTTP/1.1" 200 16 "-" "Mozilla/5.0 (compatible; MSIE 9.0; Windows NT 6.1; Trident/5.0)"
59.108.207.124 - - [19/Dec/2016:16:34:09 +0800] "GET /open/conn.php HTTP/1.1" 200 16 "-" "Mozilla/5.0 (Windows NT 6.1; WOW64; rv:50.0) Gecko/20100101 Firefox/50.0"
1.162.235.155 - - [19/Dec/2016:16:34:20 +0800] "CONNECT mx-tw.mail.gm0.yahoodns.net:25 HTTP/1.0" 200 32 "-" "-"
182.254.86.145 - - [19/Dec/2016:16:34:47 +0800] "POST /open/bind.php?signature=670235bcca22e683c9aee6a4efb023895fd58373&timestamp=1482136487&nonce=1389803892&encrypt_type=aes&msg_signature=94b2f6f86d34952a2bd034d778267b54b3206735 HTTP/1.1" 200 7 "-" "Mozilla/4.0"
59.108.207.124 - - [19/Dec/2016:16:36:15 +0800] "GET /open/conn.php HTTP/1.1" 200 16 "-" "Mozilla/5.0 (Windows NT 6.1; WOW64; rv:50.0) Gecko/20100101 Firefox/50.0"
59.108.207.124 - - [19/Dec/2016:16:36:19 +0800] "GET /open/conn.php HTTP/1.1" 200 16 "-" "Mozilla/5.0 (Windows NT 6.1; WOW64; rv:50.0) Gecko/20100101 Firefox/50.0"
59.108.207.124 - - [19/Dec/2016:16:36:21 +0800] "GET /open/conn.php HTTP/1.1" 200 16 "-" "Mozilla/5.0 (Windows NT 6.1; WOW64; rv:50.0) Gecko/20100101 Firefox/50.0"
59.108.207.124 - - [19/Dec/2016:16:38:30 +0800] "GET /open/conn.php HTTP/1.1" 200 16 "-" "Mozilla/5.0 (Windows NT 6.1; WOW64; rv:50.0) Gecko/20100101 Firefox/50.0"
59.108.207.124 - - [19/Dec/2016:16:38:33 +0800] "GET /open/conn.php HTTP/1.1" 200 16 "-" "Mozilla/5.0 (Windows NT 6.1; WOW64; rv:50.0) Gecko/20100101 Firefox/50.0"
